Component: ARM Compiler 5.05 (build 41) Tool: armlink [4d0eb9]

==============================================================================

Section Cross References

    startup_stm32f429_439xx.o(RESET) refers to startup_stm32f429_439xx.o(STACK) for __initial_sp
    startup_stm32f429_439xx.o(RESET) refers to startup_stm32f429_439xx.o(.text) for Reset_Handler
    startup_stm32f429_439xx.o(RESET) refers to stm32f4xx_it.o(.text) for NMI_Handler
    startup_stm32f429_439xx.o(RESET) refers to usb_bsp.o(.text) for OTG_HS_EP1_OUT_IRQHandler
    startup_stm32f429_439xx.o(.text) refers to system_stm32f4xx.o(.text) for SystemInit
    startup_stm32f429_439xx.o(.text) refers to entry.o(.ARM.Collect$$$$00000000) for __main
    stm32f4xx_rcc.o(.text) refers to stm32f4xx_rcc.o(.data) for .data
    stm32f4xx_gpio.o(.text) refers to stm32f4xx_rcc.o(.text) for RCC_AHB1PeriphResetCmd
    tm_stm32f4_delay.o(.text) refers to stm32f4xx_rcc.o(.text) for RCC_HSEConfig
    tm_stm32f4_delay.o(.text) refers to tm_stm32f4_delay.o(.data) for .data
    tm_stm32f4_delay.o(.text) refers to system_stm32f4xx.o(.data) for SystemCoreClock
    tm_stm32f4_disco.o(.text) refers to tm_stm32f4_gpio.o(.text) for TM_GPIO_Init
    tm_stm32f4_disco.o(.text) refers to tm_stm32f4_disco.o(.data) for .data
    tm_stm32f4_usb_vcp.o(.text) refers to usbd_core.o(.text) for USBD_Init
    tm_stm32f4_usb_vcp.o(.text) refers to usbd_cdc_vcp.o(.text) for VCP_DataTx
    tm_stm32f4_usb_vcp.o(.text) refers to usbd_usr.o(.data) for USR_cb
    tm_stm32f4_usb_vcp.o(.text) refers to usbd_cdc_core.o(.data) for USBD_CDC_cb
    tm_stm32f4_usb_vcp.o(.text) refers to usbd_desc.o(.data) for USR_desc
    tm_stm32f4_usb_vcp.o(.text) refers to tm_stm32f4_usb_vcp.o(.bss) for .bss
    tm_stm32f4_usb_vcp.o(.text) refers to tm_stm32f4_usb_vcp.o(.data) for .data
    tm_stm32f4_usb_vcp.o(.text) refers to usbd_usr.o(.data) for TM_USB_VCP_INT_Status
    tm_stm32f4_usb_vcp.o(.text) refers to usbd_cdc_vcp.o(.data) for linecoding
    main.o(.text) refers to tm_stm32f4_usb_vcp.o(.text) for TM_USB_VCP_Putc
    main.o(.text) refers to system_stm32f4xx.o(.text) for SystemInit
    main.o(.text) refers to tm_stm32f4_disco.o(.text) for TM_DISCO_LedInit
    main.o(.text) refers to f2d.o(.text) for __aeabi_f2d
    main.o(.text) refers to printfa.o(i.__0printf) for __2printf
    stm32f4xx_it.o(.text) refers to tm_stm32f4_delay.o(.text) for TimingDelay_Decrement
    system_stm32f4xx.o(.text) refers to system_stm32f4xx.o(.data) for .data
    usb_bsp.o(.text) refers to stm32f4xx_rcc.o(.text) for RCC_AHB1PeriphClockCmd
    usb_bsp.o(.text) refers to stm32f4xx_gpio.o(.text) for GPIO_Init
    usb_bsp.o(.text) refers to misc.o(.text) for NVIC_PriorityGroupConfig
    usb_bsp.o(.text) refers to stm32f4xx_exti.o(.text) for EXTI_ClearITPendingBit
    usb_bsp.o(.text) refers to usb_dcd_int.o(.text) for USBD_OTG_ISR_Handler
    usb_bsp.o(.text) refers to tm_stm32f4_usb_vcp.o(.bss) for USB_OTG_dev
    usb_core.o(.text) refers to usb_bsp.o(.text) for USB_OTG_BSP_uDelay
    usb_dcd.o(.text) refers to usb_core.o(.text) for USB_OTG_SelectCore
    usb_dcd.o(.text) refers to usb_bsp.o(.text) for USB_OTG_BSP_mDelay
    usb_dcd_int.o(.text) refers to usb_core.o(.text) for USB_OTG_WritePacket
    usb_dcd_int.o(.text) refers to usbd_core.o(.data) for USBD_DCD_INT_fops
    usbd_cdc_core.o(.text) refers to usb_dcd.o(.text) for DCD_EP_Open
    usbd_cdc_core.o(.text) refers to usbd_req.o(.text) for USBD_CtlError
    usbd_cdc_core.o(.text) refers to usbd_ioreq.o(.text) for USBD_CtlPrepareRx
    usbd_cdc_core.o(.text) refers to usbd_desc.o(.data) for USBD_DeviceDesc
    usbd_cdc_core.o(.text) refers to usbd_cdc_vcp.o(.data) for VCP_fops
    usbd_cdc_core.o(.text) refers to usbd_cdc_core.o(.bss) for .bss
    usbd_cdc_core.o(.text) refers to usbd_cdc_core.o(.data) for .data
    usbd_cdc_core.o(.data) refers to usbd_cdc_core.o(.text) for usbd_cdc_Init
    usbd_cdc_vcp.o(.text) refers to tm_stm32f4_usb_vcp.o(.text) for TM_INT_USB_VCP_AddReceived
    usbd_cdc_vcp.o(.text) refers to usbd_cdc_vcp.o(.data) for .data
    usbd_cdc_vcp.o(.text) refers to usbd_cdc_core.o(.data) for APP_Rx_ptr_in
    usbd_cdc_vcp.o(.text) refers to usbd_cdc_core.o(.bss) for APP_Rx_Buffer
    usbd_cdc_vcp.o(.data) refers to usbd_cdc_vcp.o(.text) for VCP_Init
    usbd_core.o(.text) refers to usb_bsp.o(.text) for USB_OTG_BSP_Init
    usbd_core.o(.text) refers to usb_dcd.o(.text) for DCD_Init
    usbd_core.o(.text) refers to usbd_req.o(.text) for USBD_ParseSetupRequest
    usbd_core.o(.text) refers to usbd_ioreq.o(.text) for USBD_CtlContinueRx
    usbd_core.o(.text) refers to usbd_core.o(.data) for .data
    usbd_core.o(.data) refers to usbd_core.o(.text) for USBD_DataOutStage
    usbd_core.o(.data) refers to usbd_core.o(.data) for USBD_DCD_INT_cb
    usbd_desc.o(.text) refers to usbd_req.o(.text) for USBD_GetString
    usbd_desc.o(.text) refers to usbd_desc.o(.data) for .data
    usbd_desc.o(.text) refers to usbd_req.o(.bss) for USBD_StrDesc
[...]
    printf4.o(i.__0vsnprintf$4) refers to printf4.o(i._printf_core) for _printf_core
    printf4.o(i.__0vsnprintf$4) refers to printf4.o(i._snputc) for _snputc
    printf4.o(i.__0vsprintf$4) refers to printf4.o(i._printf_core) for _printf_core
    printf4.o(i.__0vsprintf$4) refers to printf4.o(i._sputc) for _sputc
    printf4.o(i._printf_core) refers to uldiv.o(.text) for __aeabi_uldivmod
    printf5.o(i.__0fprintf$5) refers to printf5.o(i._printf_core) for _printf_core
    printf5.o(i.__0fprintf$5) refers to main.o(.text) for fputc
    printf5.o(i.__0printf$5) refers to printf5.o(i._printf_core) for _printf_core
    printf5.o(i.__0printf$5) refers to main.o(.text) for fputc
    printf5.o(i.__0printf$5) refers to main.o(.data) for __stdout
    printf5.o(i.__0snprintf$5) refers to printf5.o(i._printf_core) for _printf_core
    printf5.o(i.__0snprintf$5) refers to printf5.o(i._snputc) for _snputc
    printf5.o(i.__0sprintf$5) refers to printf5.o(i._printf_core) for _printf_core
    printf5.o(i.__0sprintf$5) refers to printf5.o(i._sputc) for _sputc
    printf5.o(i.__0vfprintf$5) refers to printf5.o(i._printf_core) for _printf_core
    printf5.o(i.__0vfprintf$5) refers to main.o(.text) for fputc
    printf5.o(i.__0vprintf$5) refers to printf5.o(i._printf_core) for _printf_core
    printf5.o(i.__0vprintf$5) refers to main.o(.text) for fputc
    printf5.o(i.__0vprintf$5) refers to main.o(.data) for __stdout
    printf5.o(i.__0vsnprintf$5) refers to printf5.o(i._printf_core) for _printf_core
    printf5.o(i.__0vsnprintf$5) refers to printf5.o(i._snputc) for _snputc
    printf5.o(i.__0vsprintf$5) refers to printf5.o(i._printf_core) for _printf_core
    printf5.o(i.__0vsprintf$5) refers to printf5.o(i._sputc) for _sputc
    printf5.o(i._printf_core) refers to uldiv.o(.text) for __aeabi_uldivmod
    printf6.o(i.__0fprintf$6) refers to printf6.o(i._printf_core) for _printf_core
    printf6.o(i.__0fprintf$6) refers to main.o(.text) for fputc
    printf6.o(i.__0printf$6) refers to printf6.o(i._printf_core) for _printf_core
    printf6.o(i.__0printf$6) refers to main.o(.text) for fputc
    printf6.o(i.__0printf$6) refers to main.o(.data) for __stdout
    printf6.o(i.__0snprintf$6) refers to printf6.o(i._printf_core) for _printf_core
    printf6.o(i.__0snprintf$6) refers to printf6.o(i._snputc) for _snputc
    printf6.o(i.__0sprintf$6) refers to printf6.o(i._printf_core) for _printf_core
    printf6.o(i.__0sprintf$6) refers to printf6.o(i._sputc) for _sputc
    printf6.o(i.__0vfprintf$6) refers to printf6.o(i._printf_core) for _printf_core
    printf6.o(i.__0vfprintf$6) refers to main.o(.text) for fputc
    printf6.o(i.__0vprintf$6) refers to printf6.o(i._printf_core) for _printf_core
    printf6.o(i.__0vprintf$6) refers to main.o(.text) for fputc
    printf6.o(i.__0vprintf$6) refers to main.o(.data) for __stdout
    printf6.o(i.__0vsnprintf$6) refers to printf6.o(i._printf_core) for _printf_core
    printf6.o(i.__0vsnprintf$6) refers to printf6.o(i._snputc) for _snputc
    printf6.o(i.__0vsprintf$6) refers to printf6.o(i._printf_core) for _printf_core
    printf6.o(i.__0vsprintf$6) refers to printf6.o(i._sputc) for _sputc
    printf6.o(i._printf_core) refers to printf6.o(i._printf_pre_padding) for _printf_pre_padding
    printf6.o(i._printf_core) refers to uidiv.o(.text) for __aeabi_uidivmod
    printf6.o(i._printf_core) refers to printf6.o(i._printf_post_padding) for _printf_post_padding
    printf7.o(i.__0fprintf$7) refers to printf7.o(i._printf_core) for _printf_core
    printf7.o(i.__0fprintf$7) refers to main.o(.text) for fputc
    printf7.o(i.__0printf$7) refers to printf7.o(i._printf_core) for _printf_core
    printf7.o(i.__0printf$7) refers to main.o(.text) for fputc
    printf7.o(i.__0printf$7) refers to main.o(.data) for __stdout
    printf7.o(i.__0snprintf$7) refers to printf7.o(i._printf_core) for _printf_core
    printf7.o(i.__0snprintf$7) refers to printf7.o(i._snputc) for _snputc
    printf7.o(i.__0sprintf$7) refers to printf7.o(i._printf_core) for _printf_core
    printf7.o(i.__0sprintf$7) refers to printf7.o(i._sputc) for _sputc
    printf7.o(i.__0vfprintf$7) refers to printf7.o(i._printf_core) for _printf_core
    printf7.o(i.__0vfprintf$7) refers to main.o(.text) for fputc
    printf7.o(i.__0vprintf$7) refers to printf7.o(i._printf_core) for _printf_core
    printf7.o(i.__0vprintf$7) refers to main.o(.text) for fputc
    printf7.o(i.__0vprintf$7) refers to main.o(.data) for __stdout
    printf7.o(i.__0vsnprintf$7) refers to printf7.o(i._printf_core) for _printf_core
    printf7.o(i.__0vsnprintf$7) refers to printf7.o(i._snputc) for _snputc
    printf7.o(i.__0vsprintf$7) refers to printf7.o(i._printf_core) for _printf_core
    printf7.o(i.__0vsprintf$7) refers to printf7.o(i._sputc) for _sputc
    printf7.o(i._printf_core) refers to printf7.o(i._printf_pre_padding) for _printf_pre_padding
    printf7.o(i._printf_core) refers to uldiv.o(.text) for __aeabi_uldivmod
    printf7.o(i._printf_core) refers to printf7.o(i._printf_post_padding) for _printf_post_padding
    printf8.o(i.__0fprintf$8) refers to printf8.o(i._printf_core) for _printf_core
    printf8.o(i.__0fprintf$8) refers to main.o(.text) for fputc
    printf8.o(i.__0printf$8) refers to printf8.o(i._printf_core) for _printf_core
    printf8.o(i.__0printf$8) refers to main.o(.text) for fputc
    printf8.o(i.__0printf$8) refers to main.o(.data) for __stdout
    printf8.o(i.__0snprintf$8) refers to printf8.o(i._printf_core) for _printf_core
    printf8.o(i.__0snprintf$8) refers to printf8.o(i._snputc) for _snputc
    printf8.o(i.__0sprintf$8) refers to printf8.o(i._printf_core) for _printf_core
    printf8.o(i.__0sprintf$8) refers to printf8.o(i._sputc) for _sputc
    printf8.o(i.__0vfprintf$8) refers to printf8.o(i._printf_core) for _printf_core
    printf8.o(i.__0vfprintf$8) refers to main.o(.text) for fputc
    printf8.o(i.__0vprintf$8) refers to printf8.o(i._printf_core) for _printf_core
    printf8.o(i.__0vprintf$8) refers to main.o(.text) for fputc
    printf8.o(i.__0vprintf$8) refers to main.o(.data) for __stdout
    printf8.o(i.__0vsnprintf$8) refers to printf8.o(i._printf_core) for _printf_core
    printf8.o(i.__0vsnprintf$8) refers to printf8.o(i._snputc) for _snputc
    printf8.o(i.__0vsprintf$8) refers to printf8.o(i._printf_core) for _printf_core
    printf8.o(i.__0vsprintf$8) refers to printf8.o(i._sputc) for _sputc
    printf8.o(i._printf_core) refers to printf8.o(i._printf_pre_padding) for _printf_pre_padding
    printf8.o(i._printf_core) refers to uldiv.o(.text) for __aeabi_uldivmod
    printf8.o(i._printf_core) refers to printf8.o(i._printf_post_padding) for _printf_post_padding
    printfa.o(i.__0fprintf) refers (Special) to iusefp.o(.text) for __I$use$fp
    printfa.o(i.__0fprintf) refers to printfa.o(i._printf_core) for _printf_core
    printfa.o(i.__0fprintf) refers to main.o(.text) for fputc
    printfa.o(i.__0printf) refers (Special) to iusefp.o(.text) for __I$use$fp
    printfa.o(i.__0printf) refers to printfa.o(i._printf_core) for _printf_core
    printfa.o(i.__0printf) refers to main.o(.text) for fputc
    printfa.o(i.__0printf) refers to main.o(.data) for __stdout
    printfa.o(i.__0snprintf) refers (Special) to iusefp.o(.text) for __I$use$fp
    printfa.o(i.__0snprintf) refers to printfa.o(i._printf_core) for _printf_core
    printfa.o(i.__0snprintf) refers to printfa.o(i._snputc) for _snputc
    printfa.o(i.__0sprintf) refers (Special) to iusefp.o(.text) for __I$use$fp
    printfa.o(i.__0sprintf) refers to printfa.o(i._printf_core) for _printf_core
    printfa.o(i.__0sprintf) refers to printfa.o(i._sputc) for _sputc
    printfa.o(i.__0vfprintf) refers (Special) to iusefp.o(.text) for __I$use$fp
    printfa.o(i.__0vfprintf) refers to printfa.o(i._printf_core) for _printf_core
    printfa.o(i.__0vfprintf) refers to main.o(.text) for fputc
    printfa.o(i.__0vprintf) refers (Special) to iusefp.o(.text) for __I$use$fp
    printfa.o(i.__0vprintf) refers to printfa.o(i._printf_core) for _printf_core
    printfa.o(i.__0vprintf) refers to main.o(.text) for fputc
    printfa.o(i.__0vprintf) refers to main.o(.data) for __stdout
    printfa.o(i.__0vsnprintf) refers (Special) to iusefp.o(.text) for __I$use$fp
    printfa.o(i.__0vsnprintf) refers to printfa.o(i._printf_core) for _printf_core
    printfa.o(i.__0vsnprintf) refers to printfa.o(i._snputc) for _snputc
    printfa.o(i.__0vsprintf) refers (Special) to iusefp.o(.text) for __I$use$fp
    printfa.o(i.__0vsprintf) refers to printfa.o(i._printf_core) for _printf_core
    printfa.o(i.__0vsprintf) refers to printfa.o(i._sputc) for _sputc
    printfa.o(i._fp_digits) refers (Special) to iusefp.o(.text) for __I$use$fp
    printfa.o(i._fp_digits) refers to dmul.o(.text) for __aeabi_dmul
    printfa.o(i._fp_digits) refers to ddiv.o(.text) for __aeabi_ddiv
    printfa.o(i._fp_digits) refers to cdrcmple.o(.text) for __aeabi_cdrcmple
    printfa.o(i._fp_digits) refers to dadd.o(.text) for __aeabi_dadd
    printfa.o(i._fp_digits) refers to dfixul.o(.text) for __aeabi_d2ulz
    printfa.o(i._fp_digits) refers to uldiv.o(.text) for __aeabi_uldivmod
    printfa.o(i._printf_core) refers (Special) to iusefp.o(.text) for __I$use$fp
    printfa.o(i._printf_core) refers to printfa.o(i._printf_pre_padding) for _printf_pre_padding
    printfa.o(i._printf_core) refers to uldiv.o(.text) for __aeabi_uldivmod
    printfa.o(i._printf_core) refers to printfa.o(i._printf_post_padding) for _printf_post_padding
    printfa.o(i._printf_core) refers to printfa.o(i._fp_digits) for _fp_digits
    printfa.o(i._printf_core) refers to uidiv.o(.text) for __aeabi_uidivmod
    printfa.o(i._printf_post_padding) refers (Special) to iusefp.o(.text) for __I$use$fp
    printfa.o(i._printf_pre_padding) refers (Special) to iusefp.o(.text) for __I$use$fp
    printfa.o(i._snputc) refers (Special) to iusefp.o(.text) for __I$use$fp
    printfa.o(i._sputc) refers (Special) to iusefp.o(.text) for __I$use$fp
    f2d.o(.text) refers (Special) to iusefp.o(.text) for __I$use$fp
    entry2.o(.ARM.Collect$$$$00000001) refers to entry2.o(.ARM.Collect$$$$00002712) for __lit__00000000
    entry2.o(.ARM.Collect$$$$00002712) refers to startup_stm32f429_439xx.o(STACK) for __initial_sp
    entry2.o(__vectab_stack_and_reset_area) refers to startup_stm32f429_439xx.o(STACK) for __initial_sp
    entry2.o(__vectab_stack_and_reset_area) refers to entry.o(.ARM.Collect$$$$00000000) for __main
    entry5.o(.ARM.Collect$$$$00000004) refers to init.o(.text) for __scatterload
    entry9a.o(.ARM.Collect$$$$0000000B) refers to main.o(.text) for main
    entry9b.o(.ARM.Collect$$$$0000000C) refers to main.o(.text) for main
    uldiv.o(.text) refers to llushr.o(.text) for __aeabi_llsr
    uldiv.o(.text) refers to llshl.o(.text) for __aeabi_llsl
    dadd.o(.text) refers to llshl.o(.text) for __aeabi_llsl
    dadd.o(.text) refers to llsshr.o(.text) for __aeabi_lasr
    dadd.o(.text) refers to depilogue.o(.text) for _double_epilogue
    dmul.o(.text) refers to depilogue.o(.text) for _double_epilogue
    ddiv.o(.text) refers to depilogue.o(.text) for _double_round
    dfixul.o(.text) refers to llushr.o(.text) for __aeabi_llsr
    dfixul.o(.text) refers to llshl.o(.text) for __aeabi_llsl
    init.o(.text) refers to entry5.o(.ARM.Collect$$$$00000004) for __main_after_scatterload
    depilogue.o(.text) refers to llshl.o(.text) for __aeabi_llsl
    depilogue.o(.text) refers to llushr.o(.text) for __aeabi_llsr


==============================================================================

Removing Unused input sections from the image.

    Removing startup_stm32f429_439xx.o(HEAP), (512 bytes).
    Removing misc.o(.rev16_text), (4 bytes).
    Removing misc.o(.revsh_text), (4 bytes).
    Removing misc.o(.rrx_text), (6 bytes).
    Removing stm32f4xx_rcc.o(.rev16_text), (4 bytes).
    Removing stm32f4xx_rcc.o(.revsh_text), (4 bytes).
    Removing stm32f4xx_rcc.o(.rrx_text), (6 bytes).
    Removing stm32f4xx_gpio.o(.rev16_text), (4 bytes).
    Removing stm32f4xx_gpio.o(.revsh_text), (4 bytes).
    Removing stm32f4xx_gpio.o(.rrx_text), (6 bytes).
    Removing stm32f4xx_exti.o(.rev16_text), (4 bytes).
    Removing stm32f4xx_exti.o(.revsh_text), (4 bytes).
    Removing stm32f4xx_exti.o(.rrx_text), (6 bytes).
    Removing tm_stm32f4_delay.o(.rev16_text), (4 bytes).
    Removing tm_stm32f4_delay.o(.revsh_text), (4 bytes).
    Removing tm_stm32f4_delay.o(.rrx_text), (6 bytes).
    Removing tm_stm32f4_delay.o(.data), (4 bytes).
    Removing tm_stm32f4_disco.o(.rev16_text), (4 bytes).
    Removing tm_stm32f4_disco.o(.revsh_text), (4 bytes).
    Removing tm_stm32f4_disco.o(.rrx_text), (6 bytes).
    Removing tm_stm32f4_usb_vcp.o(.rev16_text), (4 bytes).
    Removing tm_stm32f4_usb_vcp.o(.revsh_text), (4 bytes).
    Removing tm_stm32f4_usb_vcp.o(.rrx_text), (6 bytes).
    Removing tm_stm32f4_gpio.o(.rev16_text), (4 bytes).
    Removing tm_stm32f4_gpio.o(.revsh_text), (4 bytes).
    Removing tm_stm32f4_gpio.o(.rrx_text), (6 bytes).
    Removing main.o(.rev16_text), (4 bytes).
    Removing main.o(.revsh_text), (4 bytes).
    Removing main.o(.rrx_text), (6 bytes).
    Removing stm32f4xx_it.o(.rev16_text), (4 bytes).
    Removing stm32f4xx_it.o(.revsh_text), (4 bytes).
    Removing stm32f4xx_it.o(.rrx_text), (6 bytes).
    Removing system_stm32f4xx.o(.rev16_text), (4 bytes).
    Removing system_stm32f4xx.o(.revsh_text), (4 bytes).
    Removing system_stm32f4xx.o(.rrx_text), (6 bytes).
    Removing usb_bsp.o(.rev16_text), (4 bytes).
    Removing usb_bsp.o(.revsh_text), (4 bytes).
    Removing usb_bsp.o(.rrx_text), (6 bytes).
    Removing usb_core.o(.rev16_text), (4 bytes).
    Removing usb_core.o(.revsh_text), (4 bytes).
    Removing usb_core.o(.rrx_text), (6 bytes).
    Removing usb_dcd.o(.rev16_text), (4 bytes).
    Removing usb_dcd.o(.revsh_text), (4 bytes).
    Removing usb_dcd.o(.rrx_text), (6 bytes).
    Removing usb_dcd_int.o(.rev16_text), (4 bytes).
    Removing usb_dcd_int.o(.revsh_text), (4 bytes).
    Removing usb_dcd_int.o(.rrx_text), (6 bytes).
    Removing usbd_cdc_core.o(.rev16_text), (4 bytes).
    Removing usbd_cdc_core.o(.revsh_text), (4 bytes).
    Removing usbd_cdc_core.o(.rrx_text), (6 bytes).
    Removing usbd_cdc_vcp.o(.rev16_text), (4 bytes).
    Removing usbd_cdc_vcp.o(.revsh_text), (4 bytes).
    Removing usbd_cdc_vcp.o(.rrx_text), (6 bytes).
    Removing usbd_core.o(.rev16_text), (4 bytes).
    Removing usbd_core.o(.revsh_text), (4 bytes).
    Removing usbd_core.o(.rrx_text), (6 bytes).
    Removing usbd_desc.o(.rev16_text), (4 bytes).
    Removing usbd_desc.o(.revsh_text), (4 bytes).
    Removing usbd_desc.o(.rrx_text), (6 bytes).
    Removing usbd_ioreq.o(.rev16_text), (4 bytes).
    Removing usbd_ioreq.o(.revsh_text), (4 bytes).
    Removing usbd_ioreq.o(.rrx_text), (6 bytes).
    Removing usbd_req.o(.rev16_text), (4 bytes).
    Removing usbd_req.o(.revsh_text), (4 bytes).
    Removing usbd_req.o(.rrx_text), (6 bytes).
    Removing usbd_usr.o(.rev16_text), (4 bytes).
    Removing usbd_usr.o(.revsh_text), (4 bytes).
    Removing usbd_usr.o(.rrx_text), (6 bytes).

68 unused section(s) (total 824 bytes) removed from the image.

==============================================================================

Image Symbol Table

    Local Symbols

    Symbol Name                              Value     Ov Type        Size  Object(Section)

    ../clib/../cmprslib/zerorunl2.c          0x00000000   Number         0  __dczerorl2.o ABSOLUTE
    ../clib/microlib/division.c              0x00000000   Number         0  uidiv.o ABSOLUTE
    ../clib/microlib/division.c              0x00000000   Number         0  uldiv.o ABSOLUTE
    ../clib/microlib/init/entry.s            0x00000000   Number         0  entry11a.o ABSOLUTE
    ../clib/microlib/init/entry.s            0x00000000   Number         0  entry2.o ABSOLUTE
    ../clib/microlib/init/entry.s            0x00000000   Number         0  entry5.o ABSOLUTE
    ../clib/microlib/init/entry.s            0x00000000   Number         0  entry7a.o ABSOLUTE
    ../clib/microlib/init/entry.s            0x00000000   Number         0  entry10b.o ABSOLUTE
    ../clib/microlib/init/entry.s            0x00000000   Number         0  entry7b.o ABSOLUTE
    ../clib/microlib/init/entry.s            0x00000000   Number         0  entry9a.o ABSOLUTE
    ../clib/microlib/init/entry.s            0x00000000   Number         0  entry8a.o ABSOLUTE
    ../clib/microlib/init/entry.s            0x00000000   Number         0  entry.o ABSOLUTE
    ../clib/microlib/init/entry.s            0x00000000   Number         0  entry11b.o ABSOLUTE
    ../clib/microlib/init/entry.s            0x00000000   Number         0  entry8b.o ABSOLUTE
    ../clib/microlib/init/entry.s            0x00000000   Number         0  entry9b.o ABSOLUTE
    ../clib/microlib/init/entry.s            0x00000000   Number         0  entry10a.o ABSOLUTE
    ../clib/microlib/longlong.c              0x00000000   Number         0  llshl.o ABSOLUTE
    ../clib/microlib/longlong.c              0x00000000   Number         0  llushr.o ABSOLUTE
    ../clib/microlib/longlong.c              0x00000000   Number         0  llsshr.o ABSOLUTE
    ../clib/microlib/printf/printf.c         0x00000000   Number         0  printf8.o ABSOLUTE
    ../clib/microlib/printf/printf.c         0x00000000   Number         0  printfa.o ABSOLUTE
    ../clib/microlib/printf/printf.c         0x00000000   Number         0  printf7.o ABSOLUTE
    ../clib/microlib/printf/printf.c         0x00000000   Number         0  printf6.o ABSOLUTE
    ../clib/microlib/printf/printf.c         0x00000000   Number         0  printf5.o ABSOLUTE
    ../clib/microlib/printf/printf.c         0x00000000   Number         0  printf4.o ABSOLUTE
    ../clib/microlib/printf/printf.c         0x00000000   Number         0  printf3.o ABSOLUTE
    ../clib/microlib/printf/printf.c         0x00000000   Number         0  printf2.o ABSOLUTE
    ../clib/microlib/printf/printf.c         0x00000000   Number         0  printf1.o ABSOLUTE
    ../clib/microlib/printf/printf.c         0x00000000   Number         0  printfb.o ABSOLUTE
    ../clib/microlib/printf/printf.c         0x00000000   Number         0  printf0.o ABSOLUTE
    ../clib/microlib/printf/stubs.s          0x00000000   Number         0  stubs.o ABSOLUTE
    ../clib/microlib/stubs.s                 0x00000000   Number         0  iusefp.o ABSOLUTE
    ../fplib/microlib/f2d.c                  0x00000000   Number         0  f2d.o ABSOLUTE
    ../fplib/microlib/fpadd.c                0x00000000   Number         0  dadd.o ABSOLUTE
    ../fplib/microlib/fpdiv.c                0x00000000   Number         0  ddiv.o ABSOLUTE
    ../fplib/microlib/fpepilogue.c           0x00000000   Number         0  depilogue.o ABSOLUTE
    ../fplib/microlib/fpfix.c                0x00000000   Number         0  dfixul.o ABSOLUTE
    ../fplib/microlib/fpmul.c                0x00000000   Number         0  dmul.o ABSOLUTE
    ..\00-STM32F429_LIBRARIES\tm_stm32f4_delay.c 0x00000000   Number         0  tm_stm32f4_delay.o ABSOLUTE
    ..\00-STM32F429_LIBRARIES\tm_stm32f4_disco.c 0x00000000   Number         0  tm_stm32f4_disco.o ABSOLUTE
    ..\00-STM32F429_LIBRARIES\tm_stm32f4_gpio.c 0x00000000   Number         0  tm_stm32f4_gpio.o ABSOLUTE
    ..\00-STM32F429_LIBRARIES\tm_stm32f4_usb_vcp.c 0x00000000   Number         0  tm_stm32f4_usb_vcp.o ABSOLUTE
    ..\00-STM32F429_LIBRARIES\usb_cdc_device\usb_bsp.c 0x00000000   Number         0  usb_bsp.o ABSOLUTE
    ..\00-STM32F429_LIBRARIES\usb_cdc_device\usb_core.c 0x00000000   Number         0  usb_core.o ABSOLUTE
    ..\00-STM32F429_LIBRARIES\usb_cdc_device\usb_dcd.c 0x00000000   Number         0  usb_dcd.o ABSOLUTE
    ..\00-STM32F429_LIBRARIES\usb_cdc_device\usb_dcd_int.c 0x00000000   Number         0  usb_dcd_int.o ABSOLUTE
    ..\00-STM32F429_LIBRARIES\usb_cdc_device\usbd_cdc_core.c 0x00000000   Number         0  usbd_cdc_core.o ABSOLUTE
    ..\00-STM32F429_LIBRARIES\usb_cdc_device\usbd_cdc_vcp.c 0x00000000   Number         0  usbd_cdc_vcp.o ABSOLUTE
    ..\00-STM32F429_LIBRARIES\usb_cdc_device\usbd_core.c 0x00000000   Number         0  usbd_core.o ABSOLUTE
    ..\00-STM32F429_LIBRARIES\usb_cdc_device\usbd_desc.c 0x00000000   Number         0  usbd_desc.o ABSOLUTE
    ..\00-STM32F429_LIBRARIES\usb_cdc_device\usbd_ioreq.c 0x00000000   Number         0  usbd_ioreq.o ABSOLUTE
    ..\00-STM32F429_LIBRARIES\usb_cdc_device\usbd_req.c 0x00000000   Number         0  usbd_req.o ABSOLUTE
    ..\00-STM32F429_LIBRARIES\usb_cdc_device\usbd_usr.c 0x00000000   Number         0  usbd_usr.o ABSOLUTE
    ..\00-STM32F4xx_STANDARD_PERIPHERAL_DRIVERS\CMSIS\Device\ST\STM32F4xx\Source\Templates\arm\startup_stm32f429_439xx.s 0x00000000   Number         0  startup_stm32f429_439xx.o ABSOLUTE
    ..\00-STM32F4xx_STANDARD_PERIPHERAL_DRIVERS\STM32F4xx_StdPeriph_Driver\src\misc.c 0x00000000   Number         0  misc.o ABSOLUTE
    ..\00-STM32F4xx_STANDARD_PERIPHERAL_DRIVERS\STM32F4xx_StdPeriph_Driver\src\stm32f4xx_exti.c 0x00000000   Number         0  stm32f4xx_exti.o ABSOLUTE
    ..\00-STM32F4xx_STANDARD_PERIPHERAL_DRIVERS\STM32F4xx_StdPeriph_Driver\src\stm32f4xx_gpio.c 0x00000000   Number         0  stm32f4xx_gpio.o ABSOLUTE
    ..\00-STM32F4xx_STANDARD_PERIPHERAL_DRIVERS\STM32F4xx_StdPeriph_Driver\src\stm32f4xx_rcc.c 0x00000000   Number         0  stm32f4xx_rcc.o ABSOLUTE
    ..\\00-STM32F429_LIBRARIES\\tm_stm32f4_delay.c 0x00000000   Number         0  tm_stm32f4_delay.o ABSOLUTE
    ..\\00-STM32F429_LIBRARIES\\tm_stm32f4_disco.c 0x00000000   Number         0  tm_stm32f4_disco.o ABSOLUTE
    ..\\00-STM32F429_LIBRARIES\\tm_stm32f4_gpio.c 0x00000000   Number         0  tm_stm32f4_gpio.o ABSOLUTE
    ..\\00-STM32F429_LIBRARIES\\tm_stm32f4_usb_vcp.c 0x00000000   Number         0  tm_stm32f4_usb_vcp.o ABSOLUTE
    ..\\00-STM32F429_LIBRARIES\\usb_cdc_device\\usb_bsp.c 0x00000000   Number         0  usb_bsp.o ABSOLUTE
    ..\\00-STM32F429_LIBRARIES\\usb_cdc_device\\usb_core.c 0x00000000   Number         0  usb_core.o ABSOLUTE
    ..\\00-STM32F429_LIBRARIES\\usb_cdc_device\\usb_dcd.c 0x00000000   Number         0  usb_dcd.o ABSOLUTE
    ..\\00-STM32F429_LIBRARIES\\usb_cdc_device\\usb_dcd_int.c 0x00000000   Number         0  usb_dcd_int.o ABSOLUTE
    ..\\00-STM32F429_LIBRARIES\\usb_cdc_device\\usbd_cdc_core.c 0x00000000   Number         0  usbd_cdc_core.o ABSOLUTE
    ..\\00-STM32F429_LIBRARIES\\usb_cdc_device\\usbd_cdc_vcp.c 0x00000000   Number         0  usbd_cdc_vcp.o ABSOLUTE
    ..\\00-STM32F429_LIBRARIES\\usb_cdc_device\\usbd_core.c 0x00000000   Number         0  usbd_core.o ABSOLUTE
    ..\\00-STM32F429_LIBRARIES\\usb_cdc_device\\usbd_desc.c 0x00000000   Number         0  usbd_desc.o ABSOLUTE
    ..\\00-STM32F429_LIBRARIES\\usb_cdc_device\\usbd_ioreq.c 0x00000000   Number         0  usbd_ioreq.o ABSOLUTE
    ..\\00-STM32F429_LIBRARIES\\usb_cdc_device\\usbd_req.c 0x00000000   Number         0  usbd_req.o ABSOLUTE
    ..\\00-STM32F429_LIBRARIES\\usb_cdc_device\\usbd_usr.c 0x00000000   Number         0  usbd_usr.o ABSOLUTE
    ..\\00-STM32F4xx_STANDARD_PERIPHERAL_DRIVERS\\STM32F4xx_StdPeriph_Driver\\src\\misc.c 0x00000000   Number         0  misc.o ABSOLUTE
    ..\\00-STM32F4xx_STANDARD_PERIPHERAL_DRIVERS\\STM32F4xx_StdPeriph_Driver\\src\\stm32f4xx_exti.c 0x00000000   Number         0  stm32f4xx_exti.o ABSOLUTE
    ..\\00-STM32F4xx_STANDARD_PERIPHERAL_DRIVERS\\STM32F4xx_StdPeriph_Driver\\src\\stm32f4xx_gpio.c 0x00000000   Number         0  stm32f4xx_gpio.o ABSOLUTE
    ..\\00-STM32F4xx_STANDARD_PERIPHERAL_DRIVERS\\STM32F4xx_StdPeriph_Driver\\src\\stm32f4xx_rcc.c 0x00000000   Number         0  stm32f4xx_rcc.o ABSOLUTE
    User\\main.c                             0x00000000   Number         0  main.o ABSOLUTE
    User\\stm32f4xx_it.c                     0x00000000   Number         0  stm32f4xx_it.o ABSOLUTE
    User\\system_stm32f4xx.c                 0x00000000   Number         0  system_stm32f4xx.o ABSOLUTE
    User\main.c                              0x00000000   Number         0  main.o ABSOLUTE
    User\stm32f4xx_it.c                      0x00000000   Number         0  stm32f4xx_it.o ABSOLUTE
    User\system_stm32f4xx.c                  0x00000000   Number         0  system_stm32f4xx.o ABSOLUTE
    cdrcmple.s                               0x00000000   Number         0  cdrcmple.o ABSOLUTE
    dc.s                                     0x00000000   Number         0  dc.o ABSOLUTE
    handlers.s                               0x00000000   Number         0  handlers.o ABSOLUTE
    init.s                                   0x00000000   Number         0  init.o ABSOLUTE
    RESET                                    0x08000000   Section      428  startup_stm32f429_439xx.o(RESET)
    .ARM.Collect$$$$00000000                 0x080001ac   Section        0  entry.o(.ARM.Collect$$$$00000000)
    .ARM.Collect$$$$00000001                 0x080001ac   Section        4  entry2.o(.ARM.Collect$$$$00000001)
    .ARM.Collect$$$$00000004                 0x080001b0   Section        4  entry5.o(.ARM.Collect$$$$00000004)
    .ARM.Collect$$$$00000008                 0x080001b4   Section        0  entry7b.o(.ARM.Collect$$$$00000008)
    .ARM.Collect$$$$0000000A                 0x080001b4   Section        0  entry8b.o(.ARM.Collect$$$$0000000A)
    .ARM.Collect$$$$0000000B                 0x080001b4   Section        8  entry9a.o(.ARM.Collect$$$$0000000B)
    .ARM.Collect$$$$0000000D                 0x080001bc   Section        0  entry10a.o(.ARM.Collect$$$$0000000D)
    .ARM.Collect$$$$0000000F                 0x080001bc   Section        0  entry11a.o(.ARM.Collect$$$$0000000F)
    .ARM.Collect$$$$00002712                 0x080001bc   Section        4  entry2.o(.ARM.Collect$$$$00002712)
    __lit__00000000                          0x080001bc   Data           4  entry2.o(.ARM.Collect$$$$00002712)
    .text                                    0x080001c0   Section       36  startup_stm32f429_439xx.o(.text)
    $v0                                      0x080001c0   Number         0  startup_stm32f429_439xx.o(.text)
    .text                                    0x080001e4   Section        0  misc.o(.text)
    .text                                    0x08000294   Section        0  stm32f4xx_rcc.o(.text)
    .text                                    0x08000718   Section        0  stm32f4xx_gpio.o(.text)
    .text                                    0x08000924   Section        0  stm32f4xx_exti.o(.text)
    .text                                    0x08000a04   Section        0  tm_stm32f4_delay.o(.text)
    .text                                    0x08000aa4   Section        0  tm_stm32f4_disco.o(.text)
    .text                                    0x08000b28   Section        0  tm_stm32f4_usb_vcp.o(.text)
    .text                                    0x08000cbc   Section        0  tm_stm32f4_gpio.o(.text)
    .text                                    0x0800101c   Section        0  main.o(.text)
    .text                                    0x0800108c   Section        0  stm32f4xx_it.o(.text)
    .text                                    0x080010a8   Section        0  system_stm32f4xx.o(.text)
    SetSysClock                              0x080010a9   Thumb Code   190  system_stm32f4xx.o(.text)
    .text                                    0x08001240   Section        0  usb_bsp.o(.text)
    .text                                    0x08001394   Section        0  usb_core.o(.text)
    USB_OTG_CoreReset                        0x08001395   Thumb Code    84  usb_core.o(.text)
    .text                                    0x08001d1c   Section        0  usb_dcd.o(.text)
    .text                                    0x08001f9c   Section        0  usb_dcd_int.o(.text)
    DCD_WriteEmptyTxFifo                     0x08001fe7   Thumb Code   114  usb_dcd_int.o(.text)
    DCD_HandleInEP_ISR                       0x080020cd   Thumb Code   198  usb_dcd_int.o(.text)
    DCD_HandleUsbReset_ISR                   0x080022d7   Thumb Code   138  usb_dcd_int.o(.text)
    DCD_HandleRxStatusQueueLevel_ISR         0x08002361   Thumb Code   128  usb_dcd_int.o(.text)
    DCD_HandleUSBSuspend_ISR                 0x080023e1   Thumb Code   102  usb_dcd_int.o(.text)
    DCD_HandleOutEP_ISR                      0x08002447   Thumb Code   164  usb_dcd_int.o(.text)
    .text                                    0x080024f4   Section        0  usbd_cdc_core.o(.text)
    usbd_cdc_Init                            0x080024f5   Thumb Code    70  usbd_cdc_core.o(.text)
    usbd_cdc_DeInit                          0x0800253b   Thumb Code    36  usbd_cdc_core.o(.text)
    usbd_cdc_Setup                           0x0800255f   Thumb Code   174  usbd_cdc_core.o(.text)
    usbd_cdc_EP0_RxReady                     0x0800260d   Thumb Code    32  usbd_cdc_core.o(.text)
    usbd_cdc_DataIn                          0x0800262d   Thumb Code    68  usbd_cdc_core.o(.text)
    usbd_cdc_DataOut                         0x08002671   Thumb Code    42  usbd_cdc_core.o(.text)
    Handle_USBAsynchXfer                     0x0800269b   Thumb Code    96  usbd_cdc_core.o(.text)
    usbd_cdc_SOF                             0x080026fb   Thumb Code    28  usbd_cdc_core.o(.text)
    USBD_cdc_GetCfgDesc                      0x08002717   Thumb Code    10  usbd_cdc_core.o(.text)
    USBD_cdc_GetOtherCfgDesc                 0x08002721   Thumb Code    10  usbd_cdc_core.o(.text)
    .text                                    0x0800273c   Section        0  usbd_cdc_vcp.o(.text)
    VCP_Init                                 0x0800273d   Thumb Code     4  usbd_cdc_vcp.o(.text)
    VCP_DeInit                               0x08002741   Thumb Code     4  usbd_cdc_vcp.o(.text)
    VCP_Ctrl                                 0x08002745   Thumb Code    82  usbd_cdc_vcp.o(.text)
    .text                                    0x080027e8   Section        0  usbd_core.o(.text)
    USBD_SetupStage                          0x08002821   Thumb Code    72  usbd_core.o(.text)
    USBD_DataOutStage                        0x08002869   Thumb Code   116  usbd_core.o(.text)
    USBD_DataInStage                         0x080028dd   Thumb Code   172  usbd_core.o(.text)
    USBD_Reset                               0x08002989   Thumb Code    46  usbd_core.o(.text)
    USBD_Resume                              0x080029b7   Thumb Code    22  usbd_core.o(.text)
    USBD_Suspend                             0x080029cd   Thumb Code    28  usbd_core.o(.text)
    USBD_SOF                                 0x080029e9   Thumb Code    16  usbd_core.o(.text)
    USBD_IsoINIncomplete                     0x08002a21   Thumb Code    14  usbd_core.o(.text)
    USBD_IsoOUTIncomplete                    0x08002a2f   Thumb Code    14  usbd_core.o(.text)
    .text                                    0x08002a40   Section        0  usbd_desc.o(.text)
    .text                                    0x08002b10   Section        0  usbd_ioreq.o(.text)
    .text                                    0x08002bc8   Section        0  usbd_req.o(.text)
    USBD_SetConfig                           0x08002be5   Thumb Code   110  usbd_req.o(.text)
    USBD_GetDescriptor                       0x08002c53   Thumb Code   288  usbd_req.o(.text)
    USBD_SetFeature                          0x08002ff7   Thumb Code   118  usbd_req.o(.text)
    .text                                    0x08003070   Section        0  usbd_usr.o(.text)
    .text                                    0x080030b4   Section        0  f2d.o(.text)
    .text                                    0x080030da   Section        0  uidiv.o(.text)
    .text                                    0x08003106   Section        0  uldiv.o(.text)
    .text                                    0x08003168   Section        0  dadd.o(.text)
    .text                                    0x08003168   Section        0  iusefp.o(.text)
    .text                                    0x080032b6   Section        0  dmul.o(.text)
    .text                                    0x0800339a   Section        0  ddiv.o(.text)
    .text                                    0x08003478   Section        0  dfixul.o(.text)
    .text                                    0x080034a8   Section       48  cdrcmple.o(.text)
    .text                                    0x080034d8   Section       36  init.o(.text)
    .text                                    0x080034fc   Section        0  llshl.o(.text)
    .text                                    0x0800351a   Section        0  llushr.o(.text)
    .text                                    0x0800353a   Section        0  llsshr.o(.text)
    .text                                    0x0800355e   Section        0  depilogue.o(.text)
    .text                                    0x08003618   Section        0  __dczerorl2.o(.text)
    i.__0printf                              0x08003670   Section        0  printfa.o(i.__0printf)
    i.__scatterload_copy                     0x08003690   Section       14  handlers.o(i.__scatterload_copy)
    i.__scatterload_null                     0x0800369e   Section        2  handlers.o(i.__scatterload_null)
    i.__scatterload_zeroinit                 0x080036a0   Section       14  handlers.o(i.__scatterload_zeroinit)
    i._fp_digits                             0x080036b0   Section        0  printfa.o(i._fp_digits)
    _fp_digits                               0x080036b1   Thumb Code   334  printfa.o(i._fp_digits)
    i._printf_core                           0x08003814   Section        0  printfa.o(i._printf_core)
    _printf_core                             0x08003815   Thumb Code  1744  printfa.o(i._printf_core)
    i._printf_post_padding                   0x08003ef0   Section        0  printfa.o(i._printf_post_padding)
    _printf_post_padding                     0x08003ef1   Thumb Code    36  printfa.o(i._printf_post_padding)
    i._printf_pre_padding                    0x08003f14   Section        0  printfa.o(i._printf_pre_padding)
    _printf_pre_padding                      0x08003f15   Thumb Code    46  printfa.o(i._printf_pre_padding)
    .data                                    0x20000000   Section       16  stm32f4xx_rcc.o(.data)
    APBAHBPrescTable                         0x20000000   Data          16  stm32f4xx_rcc.o(.data)
    .data                                    0x20000010   Section       16  tm_stm32f4_delay.o(.data)
    .data                                    0x20000020   Section        1  tm_stm32f4_disco.o(.data)
    TM_INT_DISCO_ButtonPressed               0x20000020   Data           1  tm_stm32f4_disco.o(.data)
    .data                                    0x20000024   Section       16  tm_stm32f4_usb_vcp.o(.data)
    .data                                    0x20000034   Section        4  main.o(.data)
    .data                                    0x20000038   Section       20  system_stm32f4xx.o(.data)
    .data                                    0x2000004c   Section      174  usbd_cdc_core.o(.data)
    usbd_cdc_AltSet                          0x20000050   Data           4  usbd_cdc_core.o(.data)
    cdcCmd                                   0x20000060   Data           4  usbd_cdc_core.o(.data)
    cdcLen                                   0x20000064   Data           4  usbd_cdc_core.o(.data)
    FrameCount                               0x20000068   Data           4  usbd_cdc_core.o(.data)
    .data                                    0x200000fc   Section       48  usbd_cdc_core.o(.data)
    .data                                    0x2000012c   Section        8  usbd_cdc_vcp.o(.data)
    .data                                    0x20000134   Section       20  usbd_cdc_vcp.o(.data)
    .data                                    0x20000148   Section       44  usbd_core.o(.data)
    .data                                    0x20000174   Section        4  usbd_core.o(.data)
    .data                                    0x20000178   Section        4  usbd_core.o(.data)
    .data                                    0x2000017c   Section       28  usbd_desc.o(.data)
    .data                                    0x20000198   Section       22  usbd_desc.o(.data)
    .data                                    0x200001ae   Section       10  usbd_desc.o(.data)
    .data                                    0x200001b8   Section       16  usbd_req.o(.data)
    cfgidx                                   0x200001b8   Data           1  usbd_req.o(.data)
    .data                                    0x200001c8   Section        1  usbd_usr.o(.data)
    .data                                    0x200001cc   Section       28  usbd_usr.o(.data)
    .bss                                     0x200001e8   Section     1652  tm_stm32f4_usb_vcp.o(.bss)
    .bss                                     0x2000085c   Section     2112  usbd_cdc_core.o(.bss)
    .bss                                     0x2000109c   Section      255  usbd_req.o(.bss)
    STACK                                    0x200011a0   Section     1024  startup_stm32f429_439xx.o(STACK)

    Global Symbols

    Symbol Name                              Value     Ov Type        Size  Object(Section)

    BuildAttributes$$THM_ISAv4$E$P$D$K$B$S$7EM$VFPi3$EXTD16$VFPS$VFMA$PE$A:L22UL41UL21$X:L11$S22US41US21$IEEE1$IW$USESV6$~STKCKD$USESV7$~SHL$OSPACE$ROPI$EBA8$MICROLIB$REQ8$PRES8$EABIv2 0x00000000   Number         0  anon$$obj.o ABSOLUTE
    __ARM_use_no_argv                        0x00000000   Number         0  main.o ABSOLUTE
    _printf_a                                0x00000000   Number         0  stubs.o ABSOLUTE
    _printf_c                                0x00000000   Number         0  stubs.o ABSOLUTE
    _printf_charcount                        0x00000000   Number         0  stubs.o ABSOLUTE
    _printf_d                                0x00000000   Number         0  stubs.o ABSOLUTE
    _printf_e                                0x00000000   Number         0  stubs.o ABSOLUTE
    _printf_f                                0x00000000   Number         0  stubs.o ABSOLUTE
    _printf_flags                            0x00000000   Number         0  stubs.o ABSOLUTE
    _printf_fp_dec                           0x00000000   Number         0  stubs.o ABSOLUTE
    _printf_fp_hex                           0x00000000   Number         0  stubs.o ABSOLUTE
    _printf_g                                0x00000000   Number         0  stubs.o ABSOLUTE
    _printf_i                                0x00000000   Number         0  stubs.o ABSOLUTE
    _printf_int_dec                          0x00000000   Number         0  stubs.o ABSOLUTE
    _printf_l                                0x00000000   Number         0  stubs.o ABSOLUTE
    _printf_lc                               0x00000000   Number         0  stubs.o ABSOLUTE
    _printf_ll                               0x00000000   Number         0  stubs.o ABSOLUTE
    _printf_lld                              0x00000000   Number         0  stubs.o ABSOLUTE
    _printf_lli                              0x00000000   Number         0  stubs.o ABSOLUTE
    _printf_llo                              0x00000000   Number         0  stubs.o ABSOLUTE
    _printf_llu                              0x00000000   Number         0  stubs.o ABSOLUTE
    _printf_llx                              0x00000000   Number         0  stubs.o ABSOLUTE
    _printf_longlong_dec                     0x00000000   Number         0  stubs.o ABSOLUTE
    _printf_longlong_hex                     0x00000000   Number         0  stubs.o ABSOLUTE
    _printf_longlong_oct                     0x00000000   Number         0  stubs.o ABSOLUTE
    _printf_ls                               0x00000000   Number         0  stubs.o ABSOLUTE
    _printf_mbtowc                           0x00000000   Number         0  stubs.o ABSOLUTE
    _printf_n                                0x00000000   Number         0  stubs.o ABSOLUTE
    _printf_o                                0x00000000   Number         0  stubs.o ABSOLUTE
    _printf_p                                0x00000000   Number         0  stubs.o ABSOLUTE
    _printf_percent                          0x00000000   Number         0  stubs.o ABSOLUTE
    _printf_pre_padding                      0x00000000   Number         0  stubs.o ABSOLUTE
    _printf_return_value                     0x00000000   Number         0  stubs.o ABSOLUTE
    _printf_s                                0x00000000   Number         0  stubs.o ABSOLUTE
    _printf_sizespec                         0x00000000   Number         0  stubs.o ABSOLUTE
    _printf_str                              0x00000000   Number         0  stubs.o ABSOLUTE
    _printf_truncate_signed                  0x00000000   Number         0  stubs.o ABSOLUTE
    _printf_truncate_unsigned                0x00000000   Number         0  stubs.o ABSOLUTE
    _printf_u                                0x00000000   Number         0  stubs.o ABSOLUTE
    _printf_wc                               0x00000000   Number         0  stubs.o ABSOLUTE
    _printf_wctomb                           0x00000000   Number         0  stubs.o ABSOLUTE
    _printf_widthprec                        0x00000000   Number         0  stubs.o ABSOLUTE
    _printf_x                                0x00000000   Number         0  stubs.o ABSOLUTE
    TM_DELAY_1msHandler                       - Undefined Weak Reference
    __cpp_initialize__aeabi_                  - Undefined Weak Reference
    __cxa_finalize                            - Undefined Weak Reference
    _clock_init                               - Undefined Weak Reference
    _microlib_exit                            - Undefined Weak Reference
    __Vectors_Size                           0x000001ac   Number         0  startup_stm32f429_439xx.o ABSOLUTE
    __Vectors                                0x08000000   Data           4  startup_stm32f429_439xx.o(RESET)
    __Vectors_End                            0x080001ac   Data           0  startup_stm32f429_439xx.o(RESET)
    __main                                   0x080001ad   Thumb Code     0  entry.o(.ARM.Collect$$$$00000000)
    _main_stk                                0x080001ad   Thumb Code     0  entry2.o(.ARM.Collect$$$$00000001)
    _main_scatterload                        0x080001b1   Thumb Code     0  entry5.o(.ARM.Collect$$$$00000004)
    __main_after_scatterload                 0x080001b5   Thumb Code     0  entry5.o(.ARM.Collect$$$$00000004)
    _main_clock                              0x080001b5   Thumb Code     0  entry7b.o(.ARM.Collect$$$$00000008)
    _main_cpp_init                           0x080001b5   Thumb Code     0  entry8b.o(.ARM.Collect$$$$0000000A)
    _main_init                               0x080001b5   Thumb Code     0  entry9a.o(.ARM.Collect$$$$0000000B)
    __rt_final_cpp                           0x080001bd   Thumb Code     0  entry10a.o(.ARM.Collect$$$$0000000D)
    __rt_final_exit                          0x080001bd   Thumb Code     0  entry11a.o(.ARM.Collect$$$$0000000F)
    Reset_Handler                            0x080001c1   Thumb Code     8  startup_stm32f429_439xx.o(.text)
    ADC_IRQHandler                           0x080001db   Thumb Code     0  startup_stm32f429_439xx.o(.text)
    CAN1_RX0_IRQHandler                      0x080001db   Thumb Code     0  startup_stm32f429_439xx.o(.text)
    CAN1_RX1_IRQHandler                      0x080001db   Thumb Code     0  startup_stm32f429_439xx.o(.text)
    CAN1_SCE_IRQHandler                      0x080001db   Thumb Code     0  startup_stm32f429_439xx.o(.text)
    CAN1_TX_IRQHandler                       0x080001db   Thumb Code     0  startup_stm32f429_439xx.o(.text)
    CAN2_RX0_IRQHandler                      0x080001db   Thumb Code     0  startup_stm32f429_439xx.o(.text)
    CAN2_RX1_IRQHandler                      0x080001db   Thumb Code     0  startup_stm32f429_439xx.o(.text)
    CAN2_SCE_IRQHandler                      0x080001db   Thumb Code     0  startup_stm32f429_439xx.o(.text)
    CAN2_TX_IRQHandler                       0x080001db   Thumb Code     0  startup_stm32f429_439xx.o(.text)
    CRYP_IRQHandler                          0x080001db   Thumb Code     0  startup_stm32f429_439xx.o(.text)
    DCMI_IRQHandler                          0x080001db   Thumb Code     0  startup_stm32f429_439xx.o(.text)
    DMA1_Stream0_IRQHandler                  0x080001db   Thumb Code     0  startup_stm32f429_439xx.o(.text)
    DMA1_Stream1_IRQHandler                  0x080001db   Thumb Code     0  startup_stm32f429_439xx.o(.text)
    DMA1_Stream2_IRQHandler                  0x080001db   Thumb Code     0  startup_stm32f429_439xx.o(.text)
    DMA1_Stream3_IRQHandler                  0x080001db   Thumb Code     0  startup_stm32f429_439xx.o(.text)
    DMA1_Stream4_IRQHandler                  0x080001db   Thumb Code     0  startup_stm32f429_439xx.o(.text)
    DMA1_Stream5_IRQHandler                  0x080001db   Thumb Code     0  startup_stm32f429_439xx.o(.text)
    DMA1_Stream6_IRQHandler                  0x080001db   Thumb Code     0  startup_stm32f429_439xx.o(.text)
    DMA1_Stream7_IRQHandler                  0x080001db   Thumb Code     0  startup_stm32f429_439xx.o(.text)
    DMA2D_IRQHandler                         0x080001db   Thumb Code     0  startup_stm32f429_439xx.o(.text)
    DMA2_Stream0_IRQHandler                  0x080001db   Thumb Code     0  startup_stm32f429_439xx.o(.text)
    DMA2_Stream1_IRQHandler                  0x080001db   Thumb Code     0  startup_stm32f429_439xx.o(.text)
    DMA2_Stream2_IRQHandler                  0x080001db   Thumb Code     0  startup_stm32f429_439xx.o(.text)
    DMA2_Stream3_IRQHandler                  0x080001db   Thumb Code     0  startup_stm32f429_439xx.o(.text)
    DMA2_Stream4_IRQHandler                  0x080001db   Thumb Code     0  startup_stm32f429_439xx.o(.text)
    DMA2_Stream5_IRQHandler                  0x080001db   Thumb Code     0  startup_stm32f429_439xx.o(.text)
    DMA2_Stream6_IRQHandler                  0x080001db   Thumb Code     0  startup_stm32f429_439xx.o(.text)
    DMA2_Stream7_IRQHandler                  0x080001db   Thumb Code     0  startup_stm32f429_439xx.o(.text)
    ETH_IRQHandler                           0x080001db   Thumb Code     0  startup_stm32f429_439xx.o(.text)
    ETH_WKUP_IRQHandler                      0x080001db   Thumb Code     0  startup_stm32f429_439xx.o(.text)
    EXTI0_IRQHandler                         0x080001db   Thumb Code     0  startup_stm32f429_439xx.o(.text)
    EXTI15_10_IRQHandler                     0x080001db   Thumb Code     0  startup_stm32f429_439xx.o(.text)
    EXTI1_IRQHandler                         0x080001db   Thumb Code     0  startup_stm32f429_439xx.o(.text)
    EXTI2_IRQHandler                         0x080001db   Thumb Code     0  startup_stm32f429_439xx.o(.text)
    EXTI3_IRQHandler                         0x080001db   Thumb Code     0  startup_stm32f429_439xx.o(.text)
    EXTI4_IRQHandler                         0x080001db   Thumb Code     0  startup_stm32f429_439xx.o(.text)
    EXTI9_5_IRQHandler                       0x080001db   Thumb Code     0  startup_stm32f429_439xx.o(.text)
    FLASH_IRQHandler                         0x080001db   Thumb Code     0  startup_stm32f429_439xx.o(.text)
    FMC_IRQHandler                           0x080001db   Thumb Code     0  startup_stm32f429_439xx.o(.text)
    FPU_IRQHandler                           0x080001db   Thumb Code     0  startup_stm32f429_439xx.o(.text)
    HASH_RNG_IRQHandler                      0x080001db   Thumb Code     0  startup_stm32f429_439xx.o(.text)
    I2C1_ER_IRQHandler                       0x080001db   Thumb Code     0  startup_stm32f429_439xx.o(.text)
    I2C1_EV_IRQHandler                       0x080001db   Thumb Code     0  startup_stm32f429_439xx.o(.text)
    I2C2_ER_IRQHandler                       0x080001db   Thumb Code     0  startup_stm32f429_439xx.o(.text)
    I2C2_EV_IRQHandler                       0x080001db   Thumb Code     0  startup_stm32f429_439xx.o(.text)
    I2C3_ER_IRQHandler                       0x080001db   Thumb Code     0  startup_stm32f429_439xx.o(.text)
    I2C3_EV_IRQHandler                       0x080001db   Thumb Code     0  startup_stm32f429_439xx.o(.text)
    LTDC_ER_IRQHandler                       0x080001db   Thumb Code     0  startup_stm32f429_439xx.o(.text)
    LTDC_IRQHandler                          0x080001db   Thumb Code     0  startup_stm32f429_439xx.o(.text)
    OTG_FS_IRQHandler                        0x080001db   Thumb Code     0  startup_stm32f429_439xx.o(.text)
    OTG_FS_WKUP_IRQHandler                   0x080001db   Thumb Code     0  startup_stm32f429_439xx.o(.text)
    PVD_IRQHandler                           0x080001db   Thumb Code     0  startup_stm32f429_439xx.o(.text)
    RCC_IRQHandler                           0x080001db   Thumb Code     0  startup_stm32f429_439xx.o(.text)
    RTC_Alarm_IRQHandler                     0x080001db   Thumb Code     0  startup_stm32f429_439xx.o(.text)
    RTC_WKUP_IRQHandler                      0x080001db   Thumb Code     0  startup_stm32f429_439xx.o(.text)
    SAI1_IRQHandler                          0x080001db   Thumb Code     0  startup_stm32f429_439xx.o(.text)
    SDIO_IRQHandler                          0x080001db   Thumb Code     0  startup_stm32f429_439xx.o(.text)
    SPI1_IRQHandler                          0x080001db   Thumb Code     0  startup_stm32f429_439xx.o(.text)
    SPI2_IRQHandler                          0x080001db   Thumb Code     0  startup_stm32f429_439xx.o(.text)
    SPI3_IRQHandler                          0x080001db   Thumb Code     0  startup_stm32f429_439xx.o(.text)
    SPI4_IRQHandler                          0x080001db   Thumb Code     0  startup_stm32f429_439xx.o(.text)
    SPI5_IRQHandler                          0x080001db   Thumb Code     0  startup_stm32f429_439xx.o(.text)
    SPI6_IRQHandler                          0x080001db   Thumb Code     0  startup_stm32f429_439xx.o(.text)
    TAMP_STAMP_IRQHandler                    0x080001db   Thumb Code     0  startup_stm32f429_439xx.o(.text)
    TIM1_BRK_TIM9_IRQHandler                 0x080001db   Thumb Code     0  startup_stm32f429_439xx.o(.text)
    TIM1_CC_IRQHandler                       0x080001db   Thumb Code     0  startup_stm32f429_439xx.o(.text)
    TIM1_TRG_COM_TIM11_IRQHandler            0x080001db   Thumb Code     0  startup_stm32f429_439xx.o(.text)
    TIM1_UP_TIM10_IRQHandler                 0x080001db   Thumb Code     0  startup_stm32f429_439xx.o(.text)
    TIM2_IRQHandler                          0x080001db   Thumb Code     0  startup_stm32f429_439xx.o(.text)
    TIM3_IRQHandler                          0x080001db   Thumb Code     0  startup_stm32f429_439xx.o(.text)
    TIM4_IRQHandler                          0x080001db   Thumb Code     0  startup_stm32f429_439xx.o(.text)
    TIM5_IRQHandler                          0x080001db   Thumb Code     0  startup_stm32f429_439xx.o(.text)
    TIM6_DAC_IRQHandler                      0x080001db   Thumb Code     0  startup_stm32f429_439xx.o(.text)
    TIM7_IRQHandler                          0x080001db   Thumb Code     0  startup_stm32f429_439xx.o(.text)
    TIM8_BRK_TIM12_IRQHandler                0x080001db   Thumb Code     0  startup_stm32f429_439xx.o(.text)
    TIM8_CC_IRQHandler                       0x080001db   Thumb Code     0  startup_stm32f429_439xx.o(.text)
    TIM8_TRG_COM_TIM14_IRQHandler            0x080001db   Thumb Code     0  startup_stm32f429_439xx.o(.text)
    TIM8_UP_TIM13_IRQHandler                 0x080001db   Thumb Code     0  startup_stm32f429_439xx.o(.text)
    UART4_IRQHandler                         0x080001db   Thumb Code     0  startup_stm32f429_439xx.o(.text)
    UART5_IRQHandler                         0x080001db   Thumb Code     0  startup_stm32f429_439xx.o(.text)
    UART7_IRQHandler                         0x080001db   Thumb Code     0  startup_stm32f429_439xx.o(.text)
    UART8_IRQHandler                         0x080001db   Thumb Code     0  startup_stm32f429_439xx.o(.text)
    USART1_IRQHandler                        0x080001db   Thumb Code     0  startup_stm32f429_439xx.o(.text)
    USART2_IRQHandler                        0x080001db   Thumb Code     0  startup_stm32f429_439xx.o(.text)
    USART3_IRQHandler                        0x080001db   Thumb Code     0  startup_stm32f429_439xx.o(.text)
    USART6_IRQHandler                        0x080001db   Thumb Code     0  startup_stm32f429_439xx.o(.text)
    WWDG_IRQHandler                          0x080001db   Thumb Code     0  startup_stm32f429_439xx.o(.text)
    NVIC_PriorityGroupConfig                 0x080001e5   Thumb Code    10  misc.o(.text)
    NVIC_Init                                0x080001ef   Thumb Code    96  misc.o(.text)
    NVIC_SetVectorTable                      0x0800024f   Thumb Code    14  misc.o(.text)
    NVIC_SystemLPConfig                      0x0800025d   Thumb Code    20  misc.o(.text)
    SysTick_CLKSourceConfig                  0x08000271   Thumb Code    24  misc.o(.text)
    RCC_DeInit                               0x08000295   Thumb Code    68  stm32f4xx_rcc.o(.text)
    RCC_HSEConfig                            0x080002d9   Thumb Code    12  stm32f4xx_rcc.o(.text)
    RCC_GetFlagStatus                        0x080002e5   Thumb Code    46  stm32f4xx_rcc.o(.text)
    RCC_WaitForHSEStartUp                    0x08000313   Thumb Code    44  stm32f4xx_rcc.o(.text)
    RCC_AdjustHSICalibrationValue            0x0800033f   Thumb Code    16  stm32f4xx_rcc.o(.text)
    RCC_HSICmd                               0x0800034f   Thumb Code     6  stm32f4xx_rcc.o(.text)
    RCC_LSEConfig                            0x08000355   Thumb Code    24  stm32f4xx_rcc.o(.text)
    RCC_LSICmd                               0x0800036d   Thumb Code     6  stm32f4xx_rcc.o(.text)
    RCC_PLLConfig                            0x08000373   Thumb Code    32  stm32f4xx_rcc.o(.text)
    RCC_PLLCmd                               0x08000393   Thumb Code     6  stm32f4xx_rcc.o(.text)
    RCC_PLLI2SConfig                         0x08000399   Thumb Code    18  stm32f4xx_rcc.o(.text)
    RCC_PLLI2SCmd                            0x080003ab   Thumb Code     6  stm32f4xx_rcc.o(.text)
    RCC_PLLSAIConfig                         0x080003b1   Thumb Code    18  stm32f4xx_rcc.o(.text)
    RCC_PLLSAICmd                            0x080003c3   Thumb Code     6  stm32f4xx_rcc.o(.text)
    RCC_ClockSecuritySystemCmd               0x080003c9   Thumb Code     6  stm32f4xx_rcc.o(.text)
    RCC_MCO1Config                           0x080003cf   Thumb Code    18  stm32f4xx_rcc.o(.text)
    RCC_MCO2Config                           0x080003e1   Thumb Code    18  stm32f4xx_rcc.o(.text)
    RCC_SYSCLKConfig                         0x080003f3   Thumb Code    16  stm32f4xx_rcc.o(.text)
    RCC_GetSYSCLKSource                      0x08000403   Thumb Code    12  stm32f4xx_rcc.o(.text)
    RCC_HCLKConfig                           0x0800040f   Thumb Code    16  stm32f4xx_rcc.o(.text)
    RCC_PCLK1Config                          0x0800041f   Thumb Code    16  stm32f4xx_rcc.o(.text)
    RCC_PCLK2Config                          0x0800042f   Thumb Code    18  stm32f4xx_rcc.o(.text)
    RCC_GetClocksFreq                        0x08000441   Thumb Code   134  stm32f4xx_rcc.o(.text)
    RCC_RTCCLKConfig                         0x080004c7   Thumb Code    42  stm32f4xx_rcc.o(.text)
    RCC_RTCCLKCmd                            0x080004f1   Thumb Code     8  stm32f4xx_rcc.o(.text)
    RCC_BackupResetCmd                       0x080004f9   Thumb Code     8  stm32f4xx_rcc.o(.text)
    RCC_I2SCLKConfig                         0x08000501   Thumb Code     8  stm32f4xx_rcc.o(.text)
    RCC_SAIBlockACLKConfig                   0x08000509   Thumb Code    16  stm32f4xx_rcc.o(.text)
    RCC_SAIBlockBCLKConfig                   0x08000519   Thumb Code    16  stm32f4xx_rcc.o(.text)
    RCC_SAIPLLI2SClkDivConfig                0x08000529   Thumb Code    18  stm32f4xx_rcc.o(.text)
    RCC_SAIPLLSAIClkDivConfig                0x0800053b   Thumb Code    24  stm32f4xx_rcc.o(.text)
    RCC_LTDCCLKDivConfig                     0x08000553   Thumb Code    16  stm32f4xx_rcc.o(.text)
    RCC_TIMCLKPresConfig                     0x08000563   Thumb Code     8  stm32f4xx_rcc.o(.text)
    RCC_AHB1PeriphClockCmd                   0x0800056b   Thumb Code    20  stm32f4xx_rcc.o(.text)
    RCC_AHB2PeriphClockCmd                   0x0800057f   Thumb Code    20  stm32f4xx_rcc.o(.text)
    RCC_AHB3PeriphClockCmd                   0x08000593   Thumb Code    20  stm32f4xx_rcc.o(.text)
    RCC_APB1PeriphClockCmd                   0x080005a7   Thumb Code    20  stm32f4xx_rcc.o(.text)
    RCC_APB2PeriphClockCmd                   0x080005bb   Thumb Code    20  stm32f4xx_rcc.o(.text)
    RCC_AHB1PeriphResetCmd                   0x080005cf   Thumb Code    20  stm32f4xx_rcc.o(.text)
    RCC_AHB2PeriphResetCmd                   0x080005e3   Thumb Code    20  stm32f4xx_rcc.o(.text)
    RCC_AHB3PeriphResetCmd                   0x080005f7   Thumb Code    20  stm32f4xx_rcc.o(.text)
    RCC_APB1PeriphResetCmd                   0x0800060b   Thumb Code    20  stm32f4xx_rcc.o(.text)
    RCC_APB2PeriphResetCmd                   0x0800061f   Thumb Code    20  stm32f4xx_rcc.o(.text)
    RCC_AHB1PeriphClockLPModeCmd             0x08000633   Thumb Code    20  stm32f4xx_rcc.o(.text)
    RCC_AHB2PeriphClockLPModeCmd             0x08000647   Thumb Code    20  stm32f4xx_rcc.o(.text)
    RCC_AHB3PeriphClockLPModeCmd             0x0800065b   Thumb Code    20  stm32f4xx_rcc.o(.text)
    RCC_APB1PeriphClockLPModeCmd             0x0800066f   Thumb Code    64  stm32f4xx_rcc.o(.text)
    RCC_APB2PeriphClockLPModeCmd             0x080006af   Thumb Code    18  stm32f4xx_rcc.o(.text)
    RCC_LSEModeConfig                        0x080006c1   Thumb Code    24  stm32f4xx_rcc.o(.text)
    RCC_ITConfig                             0x080006d9   Thumb Code    20  stm32f4xx_rcc.o(.text)
    RCC_ClearFlag                            0x080006ed   Thumb Code    14  stm32f4xx_rcc.o(.text)
    RCC_GetITStatus                          0x080006fb   Thumb Code    18  stm32f4xx_rcc.o(.text)
    RCC_ClearITPendingBit                    0x0800070d   Thumb Code     8  stm32f4xx_rcc.o(.text)
    GPIO_DeInit                              0x08000719   Thumb Code   216  stm32f4xx_gpio.o(.text)
    GPIO_Init                                0x080007f1   Thumb Code   120  stm32f4xx_gpio.o(.text)
    GPIO_StructInit                          0x08000869   Thumb Code    18  stm32f4xx_gpio.o(.text)
    GPIO_PinLockConfig                       0x0800087b   Thumb Code    24  stm32f4xx_gpio.o(.text)
    GPIO_ReadInputDataBit                    0x08000893   Thumb Code    14  stm32f4xx_gpio.o(.text)
    GPIO_ReadInputData                       0x080008a1   Thumb Code     6  stm32f4xx_gpio.o(.text)
    GPIO_ReadOutputDataBit                   0x080008a7   Thumb Code    14  stm32f4xx_gpio.o(.text)
    GPIO_ReadOutputData                      0x080008b5   Thumb Code     6  stm32f4xx_gpio.o(.text)
    GPIO_SetBits                             0x080008bb   Thumb Code     4  stm32f4xx_gpio.o(.text)
    GPIO_ResetBits                           0x080008bf   Thumb Code     4  stm32f4xx_gpio.o(.text)
    GPIO_WriteBit                            0x080008c3   Thumb Code    10  stm32f4xx_gpio.o(.text)
    GPIO_Write                               0x080008cd   Thumb Code     4  stm32f4xx_gpio.o(.text)
    GPIO_ToggleBits                          0x080008d1   Thumb Code     8  stm32f4xx_gpio.o(.text)
    GPIO_PinAFConfig                         0x080008d9   Thumb Code    32  stm32f4xx_gpio.o(.text)
    EXTI_DeInit                              0x08000925   Thumb Code    28  stm32f4xx_exti.o(.text)
    EXTI_Init                                0x08000941   Thumb Code   108  stm32f4xx_exti.o(.text)
    EXTI_StructInit                          0x080009ad   Thumb Code    14  stm32f4xx_exti.o(.text)
    EXTI_GenerateSWInterrupt                 0x080009bb   Thumb Code    12  stm32f4xx_exti.o(.text)
    EXTI_GetFlagStatus                       0x080009c7   Thumb Code    18  stm32f4xx_exti.o(.text)
    EXTI_ClearFlag                           0x080009d9   Thumb Code     8  stm32f4xx_exti.o(.text)
    EXTI_GetITStatus                         0x080009e1   Thumb Code    18  stm32f4xx_exti.o(.text)
    EXTI_ClearITPendingBit                   0x080009f3   Thumb Code     8  stm32f4xx_exti.o(.text)
    TimingDelay_Decrement                    0x08000a05   Thumb Code    26  tm_stm32f4_delay.o(.text)
    TM_DELAY_Init                            0x08000a1f   Thumb Code    82  tm_stm32f4_delay.o(.text)
    TM_DELAY_EnableDelayTimer                0x08000a71   Thumb Code    22  tm_stm32f4_delay.o(.text)
    TM_DELAY_DisableDelayTimer               0x08000a87   Thumb Code    14  tm_stm32f4_delay.o(.text)
    TM_DISCO_LedInit                         0x08000aa5   Thumb Code    32  tm_stm32f4_disco.o(.text)
    TM_DISCO_ButtonInit                      0x08000ac5   Thumb Code    24  tm_stm32f4_disco.o(.text)
    TM_DISCO_ButtonOnPressed                 0x08000add   Thumb Code    30  tm_stm32f4_disco.o(.text)
    TM_DISCO_ButtonOnReleased                0x08000afb   Thumb Code    32  tm_stm32f4_disco.o(.text)
    TM_USB_VCP_Init                          0x08000b29   Thumb Code    36  tm_stm32f4_usb_vcp.o(.text)
    TM_USB_VCP_BufferEmpty                   0x08000b4d   Thumb Code    14  tm_stm32f4_usb_vcp.o(.text)
    TM_USB_VCP_BufferFull                    0x08000b5b   Thumb Code    16  tm_stm32f4_usb_vcp.o(.text)
    TM_USB_VCP_FindCharacter                 0x08000b6b   Thumb Code    54  tm_stm32f4_usb_vcp.o(.text)
    TM_USB_VCP_Getc                          0x08000ba1   Thumb Code    52  tm_stm32f4_usb_vcp.o(.text)
    TM_USB_VCP_Putc                          0x08000bd5   Thumb Code    24  tm_stm32f4_usb_vcp.o(.text)
    TM_USB_VCP_Puts                          0x08000bed   Thumb Code    20  tm_stm32f4_usb_vcp.o(.text)
    TM_USB_VCP_Gets                          0x08000c01   Thumb Code    72  tm_stm32f4_usb_vcp.o(.text)
    TM_INT_USB_VCP_AddReceived               0x08000c49   Thumb Code    42  tm_stm32f4_usb_vcp.o(.text)
    TM_USB_VCP_GetStatus                     0x08000c73   Thumb Code    16  tm_stm32f4_usb_vcp.o(.text)
    TM_USB_VCP_GetSettings                   0x08000c83   Thumb Code    28  tm_stm32f4_usb_vcp.o(.text)
    TM_GPIO_INT_Init                         0x08000cbd   Thumb Code   110  tm_stm32f4_gpio.o(.text)
    TM_GPIO_INT_EnableClock                  0x08000d2b   Thumb Code   158  tm_stm32f4_gpio.o(.text)
    TM_GPIO_Init                             0x08000dc9   Thumb Code    34  tm_stm32f4_gpio.o(.text)
    TM_GPIO_InitAlternate                    0x08000deb   Thumb Code    92  tm_stm32f4_gpio.o(.text)
    TM_GPIO_DeInit                           0x08000e47   Thumb Code    38  tm_stm32f4_gpio.o(.text)
    TM_GPIO_SetPinAsInput                    0x08000e6d   Thumb Code    38  tm_stm32f4_gpio.o(.text)
    TM_GPIO_SetPinAsOutput                   0x08000e93   Thumb Code    46  tm_stm32f4_gpio.o(.text)
    TM_GPIO_SetPinAsAnalog                   0x08000ec1   Thumb Code    38  tm_stm32f4_gpio.o(.text)
    TM_GPIO_GetPortSource                    0x08000ee7   Thumb Code    86  tm_stm32f4_gpio.o(.text)
    TM_GPIO_GetPinSource                     0x08000f3d   Thumb Code    18  tm_stm32f4_gpio.o(.text)
    TM_GPIO_INT_DisableClock                 0x08000f4f   Thumb Code   158  tm_stm32f4_gpio.o(.text)
    fputc                                    0x0800101d   Thumb Code    14  main.o(.text)
    main                                     0x0800102b   Thumb Code    82  main.o(.text)
    NMI_Handler                              0x0800108d   Thumb Code     2  stm32f4xx_it.o(.text)
    HardFault_Handler                        0x0800108f   Thumb Code     2  stm32f4xx_it.o(.text)
    MemManage_Handler                        0x08001091   Thumb Code     2  stm32f4xx_it.o(.text)
    BusFault_Handler                         0x08001093   Thumb Code     2  stm32f4xx_it.o(.text)
    UsageFault_Handler                       0x08001095   Thumb Code     2  stm32f4xx_it.o(.text)
    SVC_Handler                              0x08001097   Thumb Code     2  stm32f4xx_it.o(.text)
    DebugMon_Handler                         0x08001099   Thumb Code     2  stm32f4xx_it.o(.text)
    PendSV_Handler                           0x0800109b   Thumb Code     2  stm32f4xx_it.o(.text)
    SysTick_Handler                          0x0800109f   Thumb Code     8  stm32f4xx_it.o(.text)
    SystemInit                               0x08001167   Thumb Code    74  system_stm32f4xx.o(.text)
    SystemCoreClockUpdate                    0x080011b1   Thumb Code   108  system_stm32f4xx.o(.text)
    USB_OTG_BSP_Init                         0x08001241   Thumb Code   170  usb_bsp.o(.text)
    USB_OTG_BSP_EnableInterrupt              0x080012eb   Thumb Code   104  usb_bsp.o(.text)
    USB_OTG_BSP_uDelay                       0x08001353   Thumb Code    22  usb_bsp.o(.text)
    USB_OTG_BSP_mDelay                       0x08001369   Thumb Code     8  usb_bsp.o(.text)
    OTG_HS_WKUP_IRQHandler                   0x08001371   Thumb Code     8  usb_bsp.o(.text)
    OTG_HS_IRQHandler                        0x08001379   Thumb Code     6  usb_bsp.o(.text)
    OTG_HS_EP1_IN_IRQHandler                 0x0800137f   Thumb Code     6  usb_bsp.o(.text)
    OTG_HS_EP1_OUT_IRQHandler                0x08001385   Thumb Code     6  usb_bsp.o(.text)
    USB_OTG_WritePacket                      0x080013e9   Thumb Code    40  usb_core.o(.text)
    USB_OTG_ReadPacket                       0x08001411   Thumb Code    32  usb_core.o(.text)
    USB_OTG_SelectCore                       0x08001431   Thumb Code   192  usb_core.o(.text)
    USB_OTG_CoreInit                         0x080014f1   Thumb Code   128  usb_core.o(.text)
    USB_OTG_EnableGlobalInt                  0x08001571   Thumb Code    16  usb_core.o(.text)
    USB_OTG_DisableGlobalInt                 0x08001581   Thumb Code    16  usb_core.o(.text)
    USB_OTG_FlushTxFifo                      0x08001591   Thumb Code    62  usb_core.o(.text)
    USB_OTG_FlushRxFifo                      0x080015cf   Thumb Code    54  usb_core.o(.text)
    USB_OTG_SetCurrentMode                   0x08001605   Thumb Code    42  usb_core.o(.text)
    USB_OTG_GetMode                          0x0800162f   Thumb Code    10  usb_core.o(.text)
    USB_OTG_IsDeviceMode                     0x08001639   Thumb Code    18  usb_core.o(.text)
    USB_OTG_IsHostMode                       0x0800164b   Thumb Code    14  usb_core.o(.text)
    USB_OTG_ReadCoreItr                      0x08001659   Thumb Code    10  usb_core.o(.text)
    USB_OTG_ReadOtgItr                       0x08001663   Thumb Code     6  usb_core.o(.text)
    USB_OTG_InitDevSpeed                     0x08001669   Thumb Code    12  usb_core.o(.text)
    USB_OTG_EnableDevInt                     0x08001675   Thumb Code    66  usb_core.o(.text)
    USB_OTG_CoreInitDev                      0x080016b7   Thumb Code   364  usb_core.o(.text)
    USB_OTG_GetDeviceSpeed                   0x08001823   Thumb Code    38  usb_core.o(.text)
    USB_OTG_EP0Activate                      0x08001849   Thumb Code    58  usb_core.o(.text)
    USB_OTG_EPActivate                       0x08001883   Thumb Code   104  usb_core.o(.text)
    USB_OTG_EPDeactivate                     0x080018eb   Thumb Code    78  usb_core.o(.text)
    USB_OTG_EPStartXfer                      0x08001939   Thumb Code   298  usb_core.o(.text)
    USB_OTG_EP0StartXfer                     0x08001a63   Thumb Code   184  usb_core.o(.text)
    USB_OTG_EPSetStall                       0x08001b1b   Thumb Code    48  usb_core.o(.text)
    USB_OTG_EPClearStall                     0x08001b4b   Thumb Code    50  usb_core.o(.text)
    USB_OTG_ReadDevAllOutEp_itr              0x08001b7d   Thumb Code    12  usb_core.o(.text)
    USB_OTG_ReadDevOutEP_itr                 0x08001b89   Thumb Code    16  usb_core.o(.text)
    USB_OTG_ReadDevAllInEPItr                0x08001b99   Thumb Code    12  usb_core.o(.text)
    USB_OTG_EP0_OutStart                     0x08001ba5   Thumb Code    32  usb_core.o(.text)
    USB_OTG_ActiveRemoteWakeup               0x08001bc5   Thumb Code    66  usb_core.o(.text)
    USB_OTG_UngateClock                      0x08001c07   Thumb Code    30  usb_core.o(.text)
    USB_OTG_StopDevice                       0x08001c25   Thumb Code    72  usb_core.o(.text)
    USB_OTG_GetEPStatus                      0x08001c6d   Thumb Code    66  usb_core.o(.text)
    USB_OTG_SetEPStatus                      0x08001caf   Thumb Code   106  usb_core.o(.text)
    DCD_Init                                 0x08001d1d   Thumb Code   146  usb_dcd.o(.text)
    DCD_EP_Open                              0x08001daf   Thumb Code    60  usb_dcd.o(.text)
    DCD_EP_Close                             0x08001deb   Thumb Code    44  usb_dcd.o(.text)
    DCD_EP_PrepareRx                         0x08001e17   Thumb Code    68  usb_dcd.o(.text)
    DCD_EP_Tx                                0x08001e5b   Thumb Code    62  usb_dcd.o(.text)
    DCD_EP_Stall                             0x08001e99   Thumb Code    56  usb_dcd.o(.text)
    DCD_EP_ClrStall                          0x08001ed1   Thumb Code    56  usb_dcd.o(.text)
    DCD_EP_Flush                             0x08001f09   Thumb Code    24  usb_dcd.o(.text)
    DCD_EP_SetAddress                        0x08001f21   Thumb Code    16  usb_dcd.o(.text)
    DCD_DevConnect                           0x08001f31   Thumb Code    16  usb_dcd.o(.text)
    DCD_DevDisconnect                        0x08001f41   Thumb Code    16  usb_dcd.o(.text)
    DCD_GetEPStatus                          0x08001f51   Thumb Code    38  usb_dcd.o(.text)
    DCD_SetEPStatus                          0x08001f77   Thumb Code    38  usb_dcd.o(.text)
    USBD_OTG_EP1OUT_ISR_Handler              0x08001f9d   Thumb Code    74  usb_dcd_int.o(.text)
    USBD_OTG_EP1IN_ISR_Handler               0x08002059   Thumb Code   116  usb_dcd_int.o(.text)
    USBD_OTG_ISR_Handler                     0x08002193   Thumb Code   324  usb_dcd_int.o(.text)
    VCP_DataTx                               0x08002797   Thumb Code    42  usbd_cdc_vcp.o(.text)
    VCP_DataRx                               0x080027c1   Thumb Code    26  usbd_cdc_vcp.o(.text)
    USBD_DeInit                              0x080027e9   Thumb Code     4  usbd_core.o(.text)
    USBD_Init                                0x080027ed   Thumb Code    52  usbd_core.o(.text)
    USBD_SetCfg                              0x080029f9   Thumb Code    26  usbd_core.o(.text)
    USBD_ClrCfg                              0x08002a13   Thumb Code    14  usbd_core.o(.text)
    USBD_USR_DeviceDescriptor                0x08002a41   Thumb Code     8  usbd_desc.o(.text)
    USBD_USR_LangIDStrDescriptor             0x08002a49   Thumb Code    10  usbd_desc.o(.text)
    USBD_USR_ProductStrDescriptor            0x08002a53   Thumb Code    16  usbd_desc.o(.text)
    USBD_USR_ManufacturerStrDescriptor       0x08002a63   Thumb Code    16  usbd_desc.o(.text)
    USBD_USR_SerialStrDescriptor             0x08002a73   Thumb Code    16  usbd_desc.o(.text)
    USBD_USR_ConfigStrDescriptor             0x08002a83   Thumb Code    16  usbd_desc.o(.text)
    USBD_USR_InterfaceStrDescriptor          0x08002a93   Thumb Code    16  usbd_desc.o(.text)
    USBD_CtlSendData                         0x08002b11   Thumb Code    32  usbd_ioreq.o(.text)
    USBD_CtlContinueSendData                 0x08002b31   Thumb Code    18  usbd_ioreq.o(.text)
    USBD_CtlPrepareRx                        0x08002b43   Thumb Code    32  usbd_ioreq.o(.text)
    USBD_CtlContinueRx                       0x08002b63   Thumb Code    18  usbd_ioreq.o(.text)
    USBD_CtlSendStatus                       0x08002b75   Thumb Code    34  usbd_ioreq.o(.text)
    USBD_CtlReceiveStatus                    0x08002b97   Thumb Code    34  usbd_ioreq.o(.text)
    USBD_GetRxCount                          0x08002bb9   Thumb Code    16  usbd_ioreq.o(.text)
    USBD_CtlError                            0x08002bc9   Thumb Code    28  usbd_req.o(.text)
    USBD_StdDevReq                           0x08002d73   Thumb Code   236  usbd_req.o(.text)
    USBD_StdItfReq                           0x08002e5f   Thumb Code    54  usbd_req.o(.text)
    USBD_StdEPReq                            0x08002e95   Thumb Code   208  usbd_req.o(.text)
    USBD_ParseSetupRequest                   0x08002f65   Thumb Code    68  usbd_req.o(.text)
    USBD_GetString                           0x08002fa9   Thumb Code    78  usbd_req.o(.text)
    USBD_USR_Init                            0x08003071   Thumb Code     8  usbd_usr.o(.text)
    USBD_USR_DeviceReset                     0x08003079   Thumb Code     8  usbd_usr.o(.text)
    USBD_USR_DeviceConfigured                0x08003081   Thumb Code     8  usbd_usr.o(.text)
    USBD_USR_DeviceSuspended                 0x08003089   Thumb Code     8  usbd_usr.o(.text)
    USBD_USR_DeviceResumed                   0x08003091   Thumb Code     8  usbd_usr.o(.text)
    USBD_USR_DeviceConnected                 0x08003099   Thumb Code     8  usbd_usr.o(.text)
    USBD_USR_DeviceDisconnected              0x080030a1   Thumb Code     8  usbd_usr.o(.text)
    USBD_User_GetStatus                      0x080030a9   Thumb Code     6  usbd_usr.o(.text)
    __aeabi_f2d                              0x080030b5   Thumb Code    38  f2d.o(.text)
    __aeabi_uidiv                            0x080030db   Thumb Code     0  uidiv.o(.text)
    __aeabi_uidivmod                         0x080030db   Thumb Code    44  uidiv.o(.text)
    __aeabi_uldivmod                         0x08003107   Thumb Code    98  uldiv.o(.text)
    __I$use$fp                               0x08003169   Thumb Code     0  iusefp.o(.text)
    __aeabi_dadd                             0x08003169   Thumb Code   322  dadd.o(.text)
    __aeabi_dsub                             0x080032ab   Thumb Code     6  dadd.o(.text)
    __aeabi_drsub                            0x080032b1   Thumb Code     6  dadd.o(.text)
    __aeabi_dmul                             0x080032b7   Thumb Code   228  dmul.o(.text)
    __aeabi_ddiv                             0x0800339b   Thumb Code   222  ddiv.o(.text)
    __aeabi_d2ulz                            0x08003479   Thumb Code    48  dfixul.o(.text)
    __aeabi_cdrcmple                         0x080034a9   Thumb Code    48  cdrcmple.o(.text)
    __scatterload                            0x080034d9   Thumb Code    28  init.o(.text)
    __scatterload_rt2                        0x080034d9   Thumb Code     0  init.o(.text)
    __aeabi_llsl                             0x080034fd   Thumb Code    30  llshl.o(.text)
    _ll_shift_l                              0x080034fd   Thumb Code     0  llshl.o(.text)
    __aeabi_llsr                             0x0800351b   Thumb Code    32  llushr.o(.text)
    _ll_ushift_r                             0x0800351b   Thumb Code     0  llushr.o(.text)
    __aeabi_lasr                             0x0800353b   Thumb Code    36  llsshr.o(.text)
    _ll_sshift_r                             0x0800353b   Thumb Code     0  llsshr.o(.text)
    _double_round                            0x0800355f   Thumb Code    30  depilogue.o(.text)
    _double_epilogue                         0x0800357d   Thumb Code   156  depilogue.o(.text)
    __decompress                             0x08003619   Thumb Code     0  __dczerorl2.o(.text)
    __decompress1                            0x08003619   Thumb Code    86  __dczerorl2.o(.text)
    __0printf                                0x08003671   Thumb Code    22  printfa.o(i.__0printf)
    __1printf                                0x08003671   Thumb Code     0  printfa.o(i.__0printf)
    __2printf                                0x08003671   Thumb Code     0  printfa.o(i.__0printf)
    __c89printf                              0x08003671   Thumb Code     0  printfa.o(i.__0printf)
    printf                                   0x08003671   Thumb Code     0  printfa.o(i.__0printf)
    __scatterload_copy                       0x08003691   Thumb Code    14  handlers.o(i.__scatterload_copy)
    __scatterload_null                       0x0800369f   Thumb Code     2  handlers.o(i.__scatterload_null)
    __scatterload_zeroinit                   0x080036a1   Thumb Code    14  handlers.o(i.__scatterload_zeroinit)
    Region$$Table$$Base                      0x08003f44   Number         0  anon$$obj.o(Region$$Table)
    Region$$Table$$Limit                     0x08003f64   Number         0  anon$$obj.o(Region$$Table)
    TM_DELAY_Initialized                     0x20000010   Data           1  tm_stm32f4_delay.o(.data)
    TM_Time                                  0x20000014   Data           4  tm_stm32f4_delay.o(.data)
    TM_Time2                                 0x20000018   Data           4  tm_stm32f4_delay.o(.data)
    mult                                     0x2000001c   Data           4  tm_stm32f4_delay.o(.data)
    TM_USB_VCP_INT_Init                      0x20000024   Data           1  tm_stm32f4_usb_vcp.o(.data)
    tm_int_usb_vcp_buf_in                    0x20000028   Data           4  tm_stm32f4_usb_vcp.o(.data)
    tm_int_usb_vcp_buf_out                   0x2000002c   Data           4  tm_stm32f4_usb_vcp.o(.data)
    tm_int_usb_vcp_buf_num                   0x20000030   Data           4  tm_stm32f4_usb_vcp.o(.data)
    __stdout                                 0x20000034   Data           4  main.o(.data)
    SystemCoreClock                          0x20000038   Data           4  system_stm32f4xx.o(.data)
    AHBPrescTable                            0x2000003c   Data          16  system_stm32f4xx.o(.data)
    USB_Tx_State                             0x2000004c   Data           1  usbd_cdc_core.o(.data)
    APP_Rx_ptr_in                            0x20000054   Data           4  usbd_cdc_core.o(.data)
    APP_Rx_ptr_out                           0x20000058   Data           4  usbd_cdc_core.o(.data)
    APP_Rx_length                            0x2000005c   Data           4  usbd_cdc_core.o(.data)
    CmdBuff                                  0x2000006c   Data           8  usbd_cdc_core.o(.data)
    usbd_cdc_CfgDesc                         0x20000074   Data          67  usbd_cdc_core.o(.data)
    usbd_cdc_OtherCfgDesc                    0x200000b7   Data          67  usbd_cdc_core.o(.data)
    USBD_CDC_cb                              0x200000fc   Data          48  usbd_cdc_core.o(.data)
    linecoding                               0x2000012c   Data           8  usbd_cdc_vcp.o(.data)
    VCP_fops                                 0x20000134   Data          20  usbd_cdc_vcp.o(.data)
    USBD_DCD_INT_cb                          0x20000148   Data          44  usbd_core.o(.data)
    USBD_DCD_INT_fops                        0x20000174   Data           4  usbd_core.o(.data)
    SET_TEST_MODE                            0x20000178   Data           4  usbd_core.o(.data)
    USR_desc                                 0x2000017c   Data          28  usbd_desc.o(.data)
    USBD_LangIDDesc                          0x20000198   Data           4  usbd_desc.o(.data)
    USBD_DeviceDesc                          0x2000019c   Data          18  usbd_desc.o(.data)
    USBD_DeviceQualifierDesc                 0x200001ae   Data          10  usbd_desc.o(.data)
    USBD_ep_status                           0x200001bc   Data           4  usbd_req.o(.data)
    USBD_default_cfg                         0x200001c0   Data           4  usbd_req.o(.data)
    USBD_cfg_status                          0x200001c4   Data           4  usbd_req.o(.data)
    TM_USB_VCP_INT_Status                    0x200001c8   Data           1  usbd_usr.o(.data)
    USR_cb                                   0x200001cc   Data          28  usbd_usr.o(.data)
    TM_INT_USB_VCP_ReceiveBuffer             0x200001e8   Data         128  tm_stm32f4_usb_vcp.o(.bss)
    USB_OTG_dev                              0x20000268   Data        1524  tm_stm32f4_usb_vcp.o(.bss)
    USB_Rx_Buffer                            0x2000085c   Data          64  usbd_cdc_core.o(.bss)
    APP_Rx_Buffer                            0x2000089c   Data        2048  usbd_cdc_core.o(.bss)
    USBD_StrDesc                             0x2000109c   Data         255  usbd_req.o(.bss)
    __initial_sp                             0x200015a0   Data           0  startup_stm32f429_439xx.o(STACK)



==============================================================================

Memory Map of the image

  Image Entry point : 0x080001ad

  Load Region LR_IROM1 (Base: 0x08000000, Size: 0x0000414c, Max: 0x00200000, ABSOLUTE, COMPRESSED[0x00004064])

    Execution Region ER_IROM1 (Base: 0x08000000, Size: 0x00003f64, Max: 0x00200000, ABSOLUTE)

    Base Addr    Size         Type   Attr      Idx    E Section Name        Object

    0x08000000   0x000001ac   Data   RO            3    RESET               startup_stm32f429_439xx.o
    0x080001ac   0x00000000   Code   RO          854  * .ARM.Collect$$$$00000000  mc_w.l(entry.o)
    0x080001ac   0x00000004   Code   RO         1120    .ARM.Collect$$$$00000001  mc_w.l(entry2.o)
    0x080001b0   0x00000004   Code   RO         1123    .ARM.Collect$$$$00000004  mc_w.l(entry5.o)
    0x080001b4   0x00000000   Code   RO         1125    .ARM.Collect$$$$00000008  mc_w.l(entry7b.o)
    0x080001b4   0x00000000   Code   RO         1127    .ARM.Collect$$$$0000000A  mc_w.l(entry8b.o)
    0x080001b4   0x00000008   Code   RO         1128    .ARM.Collect$$$$0000000B  mc_w.l(entry9a.o)
    0x080001bc   0x00000000   Code   RO         1130    .ARM.Collect$$$$0000000D  mc_w.l(entry10a.o)
    0x080001bc   0x00000000   Code   RO         1132    .ARM.Collect$$$$0000000F  mc_w.l(entry11a.o)
    0x080001bc   0x00000004   Code   RO         1121    .ARM.Collect$$$$00002712  mc_w.l(entry2.o)
    0x080001c0   0x00000024   Code   RO            4    .text               startup_stm32f429_439xx.o
    0x080001e4   0x000000b0   Code   RO           13    .text               misc.o
    0x08000294   0x00000484   Code   RO          151    .text               stm32f4xx_rcc.o
    0x08000718   0x0000020c   Code   RO          177    .text               stm32f4xx_gpio.o
    0x08000924   0x000000e0   Code   RO          201    .text               stm32f4xx_exti.o
    0x08000a04   0x000000a0   Code   RO          225    .text               tm_stm32f4_delay.o
    0x08000aa4   0x00000084   Code   RO          266    .text               tm_stm32f4_disco.o
    0x08000b28   0x00000194   Code   RO          298    .text               tm_stm32f4_usb_vcp.o
    0x08000cbc   0x00000360   Code   RO          376    .text               tm_stm32f4_gpio.o
    0x0800101c   0x00000070   Code   RO          400    .text               main.o
    0x0800108c   0x0000001a   Code   RO          431    .text               stm32f4xx_it.o
    0x080010a6   0x00000002   PAD
    0x080010a8   0x00000198   Code   RO          458    .text               system_stm32f4xx.o
    0x08001240   0x00000154   Code   RO          488    .text               usb_bsp.o
    0x08001394   0x00000988   Code   RO          548    .text               usb_core.o
    0x08001d1c   0x00000280   Code   RO          573    .text               usb_dcd.o
    0x08001f9c   0x00000558   Code   RO          597    .text               usb_dcd_int.o
    0x080024f4   0x00000248   Code   RO          625    .text               usbd_cdc_core.o
    0x0800273c   0x000000ac   Code   RO          660    .text               usbd_cdc_vcp.o
    0x080027e8   0x00000258   Code   RO          702    .text               usbd_core.o
    0x08002a40   0x000000d0   Code   RO          735    .text               usbd_desc.o
    0x08002b10   0x000000b8   Code   RO          768    .text               usbd_ioreq.o
    0x08002bc8   0x000004a8   Code   RO          792    .text               usbd_req.o
    0x08003070   0x00000044   Code   RO          825    .text               usbd_usr.o
    0x080030b4   0x00000026   Code   RO         1118    .text               mf_w.l(f2d.o)
    0x080030da   0x0000002c   Code   RO         1134    .text               mc_w.l(uidiv.o)
    0x08003106   0x00000062   Code   RO         1136    .text               mc_w.l(uldiv.o)
    0x08003168   0x00000000   Code   RO         1138    .text               mc_w.l(iusefp.o)
    0x08003168   0x0000014e   Code   RO         1139    .text               mf_w.l(dadd.o)
    0x080032b6   0x000000e4   Code   RO         1141    .text               mf_w.l(dmul.o)
    0x0800339a   0x000000de   Code   RO         1143    .text               mf_w.l(ddiv.o)
    0x08003478   0x00000030   Code   RO         1145    .text               mf_w.l(dfixul.o)
    0x080034a8   0x00000030   Code   RO         1147    .text               mf_w.l(cdrcmple.o)
    0x080034d8   0x00000024   Code   RO         1149    .text               mc_w.l(init.o)
    0x080034fc   0x0000001e   Code   RO         1151    .text               mc_w.l(llshl.o)
    0x0800351a   0x00000020   Code   RO         1153    .text               mc_w.l(llushr.o)
    0x0800353a   0x00000024   Code   RO         1155    .text               mc_w.l(llsshr.o)
    0x0800355e   0x000000ba   Code   RO         1157    .text               mf_w.l(depilogue.o)
    0x08003618   0x00000056   Code   RO         1167    .text               mc_w.l(__dczerorl2.o)
    0x0800366e   0x00000002   PAD
    0x08003670   0x00000020   Code   RO         1090    i.__0printf         mc_w.l(printfa.o)
    0x08003690   0x0000000e   Code   RO         1161    i.__scatterload_copy  mc_w.l(handlers.o)
    0x0800369e   0x00000002   Code   RO         1162    i.__scatterload_null  mc_w.l(handlers.o)
    0x080036a0   0x0000000e   Code   RO         1163    i.__scatterload_zeroinit  mc_w.l(handlers.o)
    0x080036ae   0x00000002   PAD
    0x080036b0   0x00000164   Code   RO         1097    i._fp_digits        mc_w.l(printfa.o)
    0x08003814   0x000006dc   Code   RO         1098    i._printf_core      mc_w.l(printfa.o)
    0x08003ef0   0x00000024   Code   RO         1099    i._printf_post_padding  mc_w.l(printfa.o)
    0x08003f14   0x0000002e   Code   RO         1100    i._printf_pre_padding  mc_w.l(printfa.o)
    0x08003f42   0x00000002   PAD
    0x08003f44   0x00000020   Data   RO         1159    Region$$Table       anon$$obj.o


    Execution Region RW_IRAM1 (Base: 0x20000000, Size: 0x000015a0, Max: 0x00030000, ABSOLUTE, COMPRESSED[0x00000100])

    Base Addr    Size         Type   Attr      Idx    E Section Name        Object

    0x20000000   0x00000010   Data   RW          152    .data               stm32f4xx_rcc.o
    0x20000010   0x00000010   Data   RW          227    .data               tm_stm32f4_delay.o
    0x20000020   0x00000001   Data   RW          267    .data               tm_stm32f4_disco.o
    0x20000021   0x00000003   PAD
    0x20000024   0x00000010   Data   RW          300    .data               tm_stm32f4_usb_vcp.o
    0x20000034   0x00000004   Data   RW          401    .data               main.o
    0x20000038   0x00000014   Data   RW          459    .data               system_stm32f4xx.o
    0x2000004c   0x000000ae   Data   RW          627    .data               usbd_cdc_core.o
    0x200000fa   0x00000002   PAD
    0x200000fc   0x00000030   Data   RW          628    .data               usbd_cdc_core.o
    0x2000012c   0x00000008   Data   RW          661    .data               usbd_cdc_vcp.o
    0x20000134   0x00000014   Data   RW          662    .data               usbd_cdc_vcp.o
    0x20000148   0x0000002c   Data   RW          703    .data               usbd_core.o
    0x20000174   0x00000004   Data   RW          704    .data               usbd_core.o
    0x20000178   0x00000004   Data   RW          705    .data               usbd_core.o
    0x2000017c   0x0000001c   Data   RW          736    .data               usbd_desc.o
    0x20000198   0x00000016   Data   RW          737    .data               usbd_desc.o
    0x200001ae   0x0000000a   Data   RW          738    .data               usbd_desc.o
    0x200001b8   0x00000010   Data   RW          794    .data               usbd_req.o
    0x200001c8   0x00000001   Data   RW          826    .data               usbd_usr.o
    0x200001c9   0x00000003   PAD
    0x200001cc   0x0000001c   Data   RW          827    .data               usbd_usr.o
    0x200001e8   0x00000674   Zero   RW          299    .bss                tm_stm32f4_usb_vcp.o
    0x2000085c   0x00000840   Zero   RW          626    .bss                usbd_cdc_core.o
    0x2000109c   0x000000ff   Zero   RW          793    .bss                usbd_req.o
    0x2000119b   0x00000005   PAD
    0x200011a0   0x00000400   Zero   RW            1    STACK               startup_stm32f429_439xx.o


==============================================================================

Image component sizes


      Code (inc. data)   RO Data    RW Data    ZI Data      Debug   Object Name

       112         16          0          4          0       2471   main.o
       176         12          0          0          0     273145   misc.o
        36          8        428          0       1024       1020   startup_stm32f429_439xx.o
       224         10          0          0          0       2439   stm32f4xx_exti.o
       524         44          0          0          0       4025   stm32f4xx_gpio.o
        26          0          0          0          0       1444   stm32f4xx_it.o
      1156         48          0         16          0      11880   stm32f4xx_rcc.o
       408         36          0         20          0       1899   system_stm32f4xx.o
       160         16          0         16          0      28450   tm_stm32f4_delay.o
       132         14          0          1          0       3834   tm_stm32f4_disco.o
       864         48          0          0          0       3741   tm_stm32f4_gpio.o
       404         30          0         16       1652      25533   tm_stm32f4_usb_vcp.o
       340         10          0          0          0      19203   usb_bsp.o
      2440         16          0          0          0      11258   usb_core.o
       640          0          0          0          0       3608   usb_dcd.o
      1368         22          0          0          0       4994   usb_dcd_int.o
       584         18          0        222       2112       5072   usbd_cdc_core.o
       172         14          0         28          0       4206   usbd_cdc_vcp.o
       600          4          0         52          0       4868   usbd_core.o
       208        110          0         60          0       3248   usbd_desc.o
       184          0          0          0          0       2290   usbd_ioreq.o
      1192         42          0         16        255       4513   usbd_req.o
        68          6          0         29          0       1767   usbd_usr.o

    ----------------------------------------------------------------------
     12020        524        460        488       5048     424908   Object Totals
         0          0         32          0          0          0   (incl. Generated)
         2          0          0          8          5          0   (incl. Padding)

    ----------------------------------------------------------------------

      Code (inc. data)   RO Data    RW Data    ZI Data      Debug   Library Member Name

        86          0          0          0          0          0   __dczerorl2.o
         0          0          0          0          0          0   entry.o
         0          0          0          0          0          0   entry10a.o
         0          0          0          0          0          0   entry11a.o
         8          4          0          0          0          0   entry2.o
         4          0          0          0          0          0   entry5.o
         0          0          0          0          0          0   entry7b.o
         0          0          0          0          0          0   entry8b.o
         8          4          0          0          0          0   entry9a.o
        30          0          0          0          0          0   handlers.o
        36          8          0          0          0         68   init.o
         0          0          0          0          0          0   iusefp.o
        30          0          0          0          0         68   llshl.o
        36          0          0          0          0         68   llsshr.o
        32          0          0          0          0         68   llushr.o
      2226         90          0          0          0        444   printfa.o
        44          0          0          0          0         80   uidiv.o
        98          0          0          0          0         92   uldiv.o
        48          0          0          0          0         68   cdrcmple.o
       334          0          0          0          0        148   dadd.o
       222          0          0          0          0        100   ddiv.o
       186          0          0          0          0        176   depilogue.o
        48          0          0          0          0         68   dfixul.o
       228          0          0          0          0         96   dmul.o
        38          0          0          0          0         68   f2d.o

    ----------------------------------------------------------------------
      3748        106          0          0          0       1612   Library Totals
         6          0          0          0          0          0   (incl. Padding)

    ----------------------------------------------------------------------

      Code (inc. data)   RO Data    RW Data    ZI Data      Debug   Library Name

      2638        106          0          0          0        888   mc_w.l
      1104          0          0          0          0        724   mf_w.l

    ----------------------------------------------------------------------
      3748        106          0          0          0       1612   Library Totals

    ----------------------------------------------------------------------

==============================================================================


      Code (inc. data)   RO Data    RW Data    ZI Data      Debug   

     15768        630        460        488       5048     421024   Grand Totals
     15768        630        460        256       5048     421024   ELF Image Totals (compressed)
     15768        630        460        256          0          0   ROM Totals

==============================================================================

    Total RO  Size (Code + RO Data)                16228 (  15.85kB)
    Total RW  Size (RW Data + ZI Data)              5536 (   5.41kB)
    Total ROM Size (Code + RO Data + RW Data)      16484 (  16.10kB)

==============================================================================

