ARM Linker, 5.03 [Build 76] [MDK-ARM Standard]

==============================================================================

Section Cross References

    app.o(i.LEDInit) refers to stm32f4xx_rcc.o(i.RCC_AHB1PeriphClockCmd) for RCC_AHB1PeriphClockCmd
    app.o(i.LEDInit) refers to stm32f4xx_gpio.o(i.GPIO_Init) for GPIO_Init
    app.o(i.main) refers to usbd_core.o(i.USBD_Init) for USBD_Init
    app.o(i.main) refers to app.o(i.LEDInit) for LEDInit
    app.o(i.main) refers to app.o(i.get_dec_str) for get_dec_str
    app.o(i.main) refers to usbd_cdc_vcp.o(i.VCP_DataTx) for VCP_DataTx
    app.o(i.main) refers to usbd_usr.o(.data) for USR_cb
    app.o(i.main) refers to usbd_cdc_core.o(.data) for USBD_CDC_cb
    app.o(i.main) refers to usbd_desc.o(.data) for USR_desc
    app.o(i.main) refers to app.o(.bss) for .bss
    app.o(i.main) refers to system_stm32f4xx.o(.data) for SystemCoreClock
    app.o(i.main) refers to app.o(.data) for .data
    usb_bsp.o(i.USB_OTG_BSP_EnableInterrupt) refers to misc.o(i.NVIC_PriorityGroupConfig) for NVIC_PriorityGroupConfig
    usb_bsp.o(i.USB_OTG_BSP_EnableInterrupt) refers to misc.o(i.NVIC_Init) for NVIC_Init
    usb_bsp.o(i.USB_OTG_BSP_Init) refers to stm32f4xx_rcc.o(i.RCC_AHB1PeriphClockCmd) for RCC_AHB1PeriphClockCmd
    usb_bsp.o(i.USB_OTG_BSP_Init) refers to stm32f4xx_gpio.o(i.GPIO_Init) for GPIO_Init
    usb_bsp.o(i.USB_OTG_BSP_Init) refers to stm32f4xx_gpio.o(i.GPIO_PinAFConfig) for GPIO_PinAFConfig
    usb_bsp.o(i.USB_OTG_BSP_Init) refers to stm32f4xx_rcc.o(i.RCC_APB2PeriphClockCmd) for RCC_APB2PeriphClockCmd
    usb_bsp.o(i.USB_OTG_BSP_Init) refers to stm32f4xx_rcc.o(i.RCC_AHB2PeriphClockCmd) for RCC_AHB2PeriphClockCmd
    usb_bsp.o(i.USB_OTG_BSP_mDelay) refers to usb_bsp.o(i.USB_OTG_BSP_uDelay) for USB_OTG_BSP_uDelay
    usbd_usr.o(.data) refers to usbd_usr.o(i.USBD_USR_Init) for USBD_USR_Init
    usbd_usr.o(.data) refers to usbd_usr.o(i.USBD_USR_DeviceReset) for USBD_USR_DeviceReset
    usbd_usr.o(.data) refers to usbd_usr.o(i.USBD_USR_DeviceConfigured) for USBD_USR_DeviceConfigured
    usbd_usr.o(.data) refers to usbd_usr.o(i.USBD_USR_DeviceSuspended) for USBD_USR_DeviceSuspended
    usbd_usr.o(.data) refers to usbd_usr.o(i.USBD_USR_DeviceResumed) for USBD_USR_DeviceResumed
    usbd_usr.o(.data) refers to usbd_usr.o(i.USBD_USR_DeviceConnected) for USBD_USR_DeviceConnected
    usbd_usr.o(.data) refers to usbd_usr.o(i.USBD_USR_DeviceDisconnected) for USBD_USR_DeviceDisconnected
    usbd_cdc_vcp.o(i.VCP_Ctrl) refers to usbd_cdc_vcp.o(.data) for .data
    usbd_cdc_vcp.o(i.VCP_DataRx) refers to stm32f4xx_gpio.o(i.GPIO_SetBits) for GPIO_SetBits
    usbd_cdc_vcp.o(i.VCP_DataRx) refers to stm32f4xx_gpio.o(i.GPIO_ResetBits) for GPIO_ResetBits
    usbd_cdc_vcp.o(i.VCP_DataTx) refers to usbd_cdc_core.o(.data) for APP_Rx_ptr_in
    usbd_cdc_vcp.o(i.VCP_DataTx) refers to usbd_cdc_core.o(.bss) for APP_Rx_Buffer
    usbd_cdc_vcp.o(.data) refers to usbd_cdc_vcp.o(i.VCP_Init) for VCP_Init
    usbd_cdc_vcp.o(.data) refers to usbd_cdc_vcp.o(i.VCP_DeInit) for VCP_DeInit
    usbd_cdc_vcp.o(.data) refers to usbd_cdc_vcp.o(i.VCP_Ctrl) for VCP_Ctrl
    usbd_cdc_vcp.o(.data) refers to usbd_cdc_vcp.o(i.VCP_DataTx) for VCP_DataTx
    usbd_cdc_vcp.o(.data) refers to usbd_cdc_vcp.o(i.VCP_DataRx) for VCP_DataRx
    stm32fxxx_it.o(i.OTG_FS_IRQHandler) refers to usb_dcd_int.o(i.USBD_OTG_ISR_Handler) for USBD_OTG_ISR_Handler
    stm32fxxx_it.o(i.OTG_FS_IRQHandler) refers to app.o(.bss) for USB_OTG_dev
    stm32fxxx_it.o(i.OTG_FS_WKUP_IRQHandler) refers to stm32f4xx_exti.o(i.EXTI_ClearITPendingBit) for EXTI_ClearITPendingBit
    stm32fxxx_it.o(i.SysTick_Handler) refers to app.o(.data) for system_time_counter
    usbd_desc.o(i.USBD_USR_ConfigStrDescriptor) refers to usbd_req.o(i.USBD_GetString) for USBD_GetString
    usbd_desc.o(i.USBD_USR_ConfigStrDescriptor) refers to usbd_req.o(.bss) for USBD_StrDesc
    usbd_desc.o(i.USBD_USR_DeviceDescriptor) refers to usbd_desc.o(.data) for .data
    usbd_desc.o(i.USBD_USR_InterfaceStrDescriptor) refers to usbd_req.o(i.USBD_GetString) for USBD_GetString
    usbd_desc.o(i.USBD_USR_InterfaceStrDescriptor) refers to usbd_req.o(.bss) for USBD_StrDesc
    usbd_desc.o(i.USBD_USR_LangIDStrDescriptor) refers to usbd_desc.o(.data) for .data
    usbd_desc.o(i.USBD_USR_ManufacturerStrDescriptor) refers to usbd_req.o(i.USBD_GetString) for USBD_GetString
    usbd_desc.o(i.USBD_USR_ManufacturerStrDescriptor) refers to usbd_req.o(.bss) for USBD_StrDesc
    usbd_desc.o(i.USBD_USR_ProductStrDescriptor) refers to usbd_req.o(i.USBD_GetString) for USBD_GetString
    usbd_desc.o(i.USBD_USR_ProductStrDescriptor) refers to usbd_req.o(.bss) for USBD_StrDesc
    usbd_desc.o(i.USBD_USR_SerialStrDescriptor) refers to usbd_req.o(i.USBD_GetString) for USBD_GetString
    usbd_desc.o(i.USBD_USR_SerialStrDescriptor) refers to usbd_req.o(.bss) for USBD_StrDesc
    usbd_desc.o(.data) refers to usbd_desc.o(i.USBD_USR_DeviceDescriptor) for USBD_USR_DeviceDescriptor
[...]
    Removing stm32f4xx_dma.o(i.DMA_StructInit), (34 bytes).
    Removing stm32f4xx_exti.o(.rev16_text), (4 bytes).
    Removing stm32f4xx_exti.o(.revsh_text), (4 bytes).
    Removing stm32f4xx_exti.o(i.EXTI_ClearFlag), (12 bytes).
    Removing stm32f4xx_exti.o(i.EXTI_DeInit), (36 bytes).
    Removing stm32f4xx_exti.o(i.EXTI_GenerateSWInterrupt), (16 bytes).
    Removing stm32f4xx_exti.o(i.EXTI_GetFlagStatus), (20 bytes).
    Removing stm32f4xx_exti.o(i.EXTI_GetITStatus), (32 bytes).
    Removing stm32f4xx_exti.o(i.EXTI_Init), (112 bytes).
    Removing stm32f4xx_exti.o(i.EXTI_StructInit), (14 bytes).
    Removing stm32f4xx_flash.o(.rev16_text), (4 bytes).
    Removing stm32f4xx_flash.o(.revsh_text), (4 bytes).
    Removing stm32f4xx_flash.o(i.FLASH_ClearFlag), (12 bytes).
    Removing stm32f4xx_flash.o(i.FLASH_DataCacheCmd), (28 bytes).
    Removing stm32f4xx_flash.o(i.FLASH_DataCacheReset), (16 bytes).
    Removing stm32f4xx_flash.o(i.FLASH_EraseAllSectors), (92 bytes).
    Removing stm32f4xx_flash.o(i.FLASH_EraseSector), (108 bytes).
    Removing stm32f4xx_flash.o(i.FLASH_GetFlagStatus), (20 bytes).
    Removing stm32f4xx_flash.o(i.FLASH_GetStatus), (52 bytes).
    Removing stm32f4xx_flash.o(i.FLASH_ITConfig), (24 bytes).
    Removing stm32f4xx_flash.o(i.FLASH_InstructionCacheCmd), (28 bytes).
    Removing stm32f4xx_flash.o(i.FLASH_InstructionCacheReset), (16 bytes).
    Removing stm32f4xx_flash.o(i.FLASH_Lock), (16 bytes).
    Removing stm32f4xx_flash.o(i.FLASH_OB_BORConfig), (24 bytes).
    Removing stm32f4xx_flash.o(i.FLASH_OB_GetBOR), (16 bytes).
    Removing stm32f4xx_flash.o(i.FLASH_OB_GetRDP), (20 bytes).
    Removing stm32f4xx_flash.o(i.FLASH_OB_GetUser), (16 bytes).
    Removing stm32f4xx_flash.o(i.FLASH_OB_GetWRP), (12 bytes).
    Removing stm32f4xx_flash.o(i.FLASH_OB_Launch), (20 bytes).
    Removing stm32f4xx_flash.o(i.FLASH_OB_Lock), (16 bytes).
    Removing stm32f4xx_flash.o(i.FLASH_OB_RDPConfig), (24 bytes).
    Removing stm32f4xx_flash.o(i.FLASH_OB_Unlock), (36 bytes).
    Removing stm32f4xx_flash.o(i.FLASH_OB_UserConfig), (40 bytes).
    Removing stm32f4xx_flash.o(i.FLASH_OB_WRPConfig), (36 bytes).
    Removing stm32f4xx_flash.o(i.FLASH_PrefetchBufferCmd), (28 bytes).
    Removing stm32f4xx_flash.o(i.FLASH_ProgramByte), (56 bytes).
    Removing stm32f4xx_flash.o(i.FLASH_ProgramDoubleWord), (64 bytes).
    Removing stm32f4xx_flash.o(i.FLASH_ProgramHalfWord), (60 bytes).
    Removing stm32f4xx_flash.o(i.FLASH_ProgramWord), (60 bytes).
    Removing stm32f4xx_flash.o(i.FLASH_SetLatency), (12 bytes).
    Removing stm32f4xx_flash.o(i.FLASH_Unlock), (36 bytes).
    Removing stm32f4xx_flash.o(i.FLASH_WaitForLastOperation), (30 bytes).
    Removing stm32f4xx_fsmc.o(.rev16_text), (4 bytes).
    Removing stm32f4xx_fsmc.o(.revsh_text), (4 bytes).
    Removing stm32f4xx_fsmc.o(i.FSMC_ClearFlag), (36 bytes).
    Removing stm32f4xx_fsmc.o(i.FSMC_ClearITPendingBit), (40 bytes).
    Removing stm32f4xx_fsmc.o(i.FSMC_GetECC), (18 bytes).
    Removing stm32f4xx_fsmc.o(i.FSMC_GetFlagStatus), (40 bytes).
    Removing stm32f4xx_fsmc.o(i.FSMC_GetITStatus), (48 bytes).
    Removing stm32f4xx_fsmc.o(i.FSMC_ITConfig), (68 bytes).
    Removing stm32f4xx_fsmc.o(i.FSMC_NANDCmd), (56 bytes).
    Removing stm32f4xx_fsmc.o(i.FSMC_NANDDeInit), (40 bytes).
    Removing stm32f4xx_fsmc.o(i.FSMC_NANDECCCmd), (56 bytes).
    Removing stm32f4xx_fsmc.o(i.FSMC_NANDInit), (104 bytes).
    Removing stm32f4xx_fsmc.o(i.FSMC_NANDStructInit), (54 bytes).
    Removing stm32f4xx_fsmc.o(i.FSMC_NORSRAMCmd), (32 bytes).
    Removing stm32f4xx_fsmc.o(i.FSMC_NORSRAMDeInit), (36 bytes).
    Removing stm32f4xx_fsmc.o(i.FSMC_NORSRAMInit), (192 bytes).
    Removing stm32f4xx_fsmc.o(i.FSMC_NORSRAMStructInit), (98 bytes).
    Removing stm32f4xx_fsmc.o(i.FSMC_PCCARDCmd), (32 bytes).
    Removing stm32f4xx_fsmc.o(i.FSMC_PCCARDDeInit), (28 bytes).
    Removing stm32f4xx_fsmc.o(i.FSMC_PCCARDInit), (104 bytes).
    Removing stm32f4xx_fsmc.o(i.FSMC_PCCARDStructInit), (60 bytes).
    Removing stm32f4xx_gpio.o(.rev16_text), (4 bytes).
    Removing stm32f4xx_gpio.o(.revsh_text), (4 bytes).
    Removing stm32f4xx_gpio.o(i.GPIO_DeInit), (228 bytes).
    Removing stm32f4xx_gpio.o(i.GPIO_PinLockConfig), (24 bytes).
    Removing stm32f4xx_gpio.o(i.GPIO_ReadInputData), (6 bytes).
    Removing stm32f4xx_gpio.o(i.GPIO_ReadInputDataBit), (14 bytes).
    Removing stm32f4xx_gpio.o(i.GPIO_ReadOutputData), (6 bytes).
    Removing stm32f4xx_gpio.o(i.GPIO_ReadOutputDataBit), (14 bytes).
    Removing stm32f4xx_gpio.o(i.GPIO_StructInit), (18 bytes).
    Removing stm32f4xx_gpio.o(i.GPIO_ToggleBits), (8 bytes).
    Removing stm32f4xx_gpio.o(i.GPIO_Write), (4 bytes).
    Removing stm32f4xx_gpio.o(i.GPIO_WriteBit), (10 bytes).
    Removing stm32f4xx_i2c.o(.rev16_text), (4 bytes).
    Removing stm32f4xx_i2c.o(.revsh_text), (4 bytes).
    Removing stm32f4xx_i2c.o(i.I2C_ARPCmd), (20 bytes).
    Removing stm32f4xx_i2c.o(i.I2C_AcknowledgeConfig), (20 bytes).
    Removing stm32f4xx_i2c.o(i.I2C_CalculatePEC), (20 bytes).
    Removing stm32f4xx_i2c.o(i.I2C_CheckEvent), (24 bytes).
    Removing stm32f4xx_i2c.o(i.I2C_ClearFlag), (6 bytes).
    Removing stm32f4xx_i2c.o(i.I2C_ClearITPendingBit), (6 bytes).
    Removing stm32f4xx_i2c.o(i.I2C_Cmd), (20 bytes).
    Removing stm32f4xx_i2c.o(i.I2C_DMACmd), (20 bytes).
    Removing stm32f4xx_i2c.o(i.I2C_DMALastTransferCmd), (20 bytes).
    Removing stm32f4xx_i2c.o(i.I2C_DeInit), (68 bytes).
    Removing stm32f4xx_i2c.o(i.I2C_DualAddressCmd), (20 bytes).
    Removing stm32f4xx_i2c.o(i.I2C_FastModeDutyCycleConfig), (22 bytes).
    Removing stm32f4xx_i2c.o(i.I2C_GeneralCallCmd), (20 bytes).
    Removing stm32f4xx_i2c.o(i.I2C_GenerateSTART), (20 bytes).
    Removing stm32f4xx_i2c.o(i.I2C_GenerateSTOP), (20 bytes).
    Removing stm32f4xx_i2c.o(i.I2C_GetFlagStatus), (42 bytes).
    Removing stm32f4xx_i2c.o(i.I2C_GetITStatus), (36 bytes).
    Removing stm32f4xx_i2c.o(i.I2C_GetLastEvent), (14 bytes).
    Removing stm32f4xx_i2c.o(i.I2C_GetPEC), (6 bytes).
    Removing stm32f4xx_i2c.o(i.I2C_ITConfig), (16 bytes).
    Removing stm32f4xx_i2c.o(i.I2C_Init), (180 bytes).
    Removing stm32f4xx_i2c.o(i.I2C_NACKPositionConfig), (22 bytes).
    Removing stm32f4xx_i2c.o(i.I2C_OwnAddress2Config), (16 bytes).
    Removing stm32f4xx_i2c.o(i.I2C_PECPositionConfig), (22 bytes).
    Removing stm32f4xx_i2c.o(i.I2C_ReadRegister), (10 bytes).
    Removing stm32f4xx_i2c.o(i.I2C_ReceiveData), (6 bytes).
    Removing stm32f4xx_i2c.o(i.I2C_SMBusAlertConfig), (22 bytes).
    Removing stm32f4xx_i2c.o(i.I2C_Send7bitAddress), (16 bytes).
    Removing stm32f4xx_i2c.o(i.I2C_SendData), (4 bytes).
    Removing stm32f4xx_i2c.o(i.I2C_SoftwareResetCmd), (20 bytes).
    Removing stm32f4xx_i2c.o(i.I2C_StretchClockCmd), (20 bytes).
    Removing stm32f4xx_i2c.o(i.I2C_StructInit), (28 bytes).
    Removing stm32f4xx_i2c.o(i.I2C_TransmitPEC), (20 bytes).
    Removing stm32f4xx_pwr.o(.rev16_text), (4 bytes).
    Removing stm32f4xx_pwr.o(.revsh_text), (4 bytes).
    Removing stm32f4xx_pwr.o(i.PWR_BackupAccessCmd), (12 bytes).
    Removing stm32f4xx_pwr.o(i.PWR_BackupRegulatorCmd), (12 bytes).
    Removing stm32f4xx_pwr.o(i.PWR_ClearFlag), (16 bytes).
    Removing stm32f4xx_pwr.o(i.PWR_DeInit), (24 bytes).
    Removing stm32f4xx_pwr.o(i.PWR_EnterSTANDBYMode), (40 bytes).
    Removing stm32f4xx_pwr.o(i.PWR_EnterSTOPMode), (52 bytes).
    Removing stm32f4xx_pwr.o(i.PWR_FlashPowerDownCmd), (12 bytes).
    Removing stm32f4xx_pwr.o(i.PWR_GetFlagStatus), (20 bytes).
    Removing stm32f4xx_pwr.o(i.PWR_MainRegulatorModeConfig), (28 bytes).
    Removing stm32f4xx_pwr.o(i.PWR_PVDCmd), (12 bytes).
    Removing stm32f4xx_pwr.o(i.PWR_PVDLevelConfig), (20 bytes).
    Removing stm32f4xx_pwr.o(i.PWR_WakeUpPinCmd), (12 bytes).
    Removing stm32f4xx_rcc.o(.rev16_text), (4 bytes).
    Removing stm32f4xx_rcc.o(.revsh_text), (4 bytes).
    Removing stm32f4xx_rcc.o(i.RCC_AHB1PeriphClockLPModeCmd), (24 bytes).
    Removing stm32f4xx_rcc.o(i.RCC_AHB1PeriphResetCmd), (24 bytes).
    Removing stm32f4xx_rcc.o(i.RCC_AHB2PeriphClockLPModeCmd), (24 bytes).
    Removing stm32f4xx_rcc.o(i.RCC_AHB2PeriphResetCmd), (24 bytes).
    Removing stm32f4xx_rcc.o(i.RCC_AHB3PeriphClockCmd), (24 bytes).
    Removing stm32f4xx_rcc.o(i.RCC_AHB3PeriphClockLPModeCmd), (24 bytes).
    Removing stm32f4xx_rcc.o(i.RCC_AHB3PeriphResetCmd), (24 bytes).
    Removing stm32f4xx_rcc.o(i.RCC_APB1PeriphClockCmd), (24 bytes).
    Removing stm32f4xx_rcc.o(i.RCC_APB1PeriphClockLPModeCmd), (24 bytes).
    Removing stm32f4xx_rcc.o(i.RCC_APB1PeriphResetCmd), (24 bytes).
    Removing stm32f4xx_rcc.o(i.RCC_APB2PeriphClockLPModeCmd), (24 bytes).
    Removing stm32f4xx_rcc.o(i.RCC_APB2PeriphResetCmd), (24 bytes).
    Removing stm32f4xx_rcc.o(i.RCC_AdjustHSICalibrationValue), (20 bytes).
    Removing stm32f4xx_rcc.o(i.RCC_BackupResetCmd), (12 bytes).
    Removing stm32f4xx_rcc.o(i.RCC_ClearFlag), (16 bytes).
    Removing stm32f4xx_rcc.o(i.RCC_ClearITPendingBit), (12 bytes).
    Removing stm32f4xx_rcc.o(i.RCC_ClockSecuritySystemCmd), (12 bytes).
    Removing stm32f4xx_rcc.o(i.RCC_DeInit), (60 bytes).
    Removing stm32f4xx_rcc.o(i.RCC_GetClocksFreq), (148 bytes).
    Removing stm32f4xx_rcc.o(i.RCC_GetFlagStatus), (52 bytes).
    Removing stm32f4xx_rcc.o(i.RCC_GetITStatus), (20 bytes).
    Removing stm32f4xx_rcc.o(i.RCC_GetSYSCLKSource), (16 bytes).
    Removing stm32f4xx_rcc.o(i.RCC_HCLKConfig), (20 bytes).
    Removing stm32f4xx_rcc.o(i.RCC_HSEConfig), (16 bytes).
    Removing stm32f4xx_rcc.o(i.RCC_HSICmd), (12 bytes).
    Removing stm32f4xx_rcc.o(i.RCC_I2SCLKConfig), (12 bytes).
    Removing stm32f4xx_rcc.o(i.RCC_ITConfig), (24 bytes).
    Removing stm32f4xx_rcc.o(i.RCC_LSEConfig), (28 bytes).
    Removing stm32f4xx_rcc.o(i.RCC_LSICmd), (12 bytes).
    Removing stm32f4xx_rcc.o(i.RCC_MCO1Config), (20 bytes).
    Removing stm32f4xx_rcc.o(i.RCC_MCO2Config), (20 bytes).
    Removing stm32f4xx_rcc.o(i.RCC_PCLK1Config), (20 bytes).
    Removing stm32f4xx_rcc.o(i.RCC_PCLK2Config), (20 bytes).
    Removing stm32f4xx_rcc.o(i.RCC_PLLCmd), (12 bytes).
    Removing stm32f4xx_rcc.o(i.RCC_PLLConfig), (40 bytes).
    Removing stm32f4xx_rcc.o(i.RCC_PLLI2SCmd), (12 bytes).
    Removing stm32f4xx_rcc.o(i.RCC_PLLI2SConfig), (16 bytes).
    Removing stm32f4xx_rcc.o(i.RCC_RTCCLKCmd), (12 bytes).
    Removing stm32f4xx_rcc.o(i.RCC_RTCCLKConfig), (48 bytes).
    Removing stm32f4xx_rcc.o(i.RCC_SYSCLKConfig), (20 bytes).
    Removing stm32f4xx_rcc.o(i.RCC_WaitForHSEStartUp), (44 bytes).
    Removing stm32f4xx_rcc.o(.data), (16 bytes).
    Removing stm324xg_eval_lcd.o(.rev16_text), (4 bytes).
    Removing stm324xg_eval_lcd.o(.revsh_text), (4 bytes).
    Removing stm324xg_eval_lcd.o(i.LCD_Clear), (38 bytes).
    Removing stm324xg_eval_lcd.o(i.LCD_ClearLine), (48 bytes).
    Removing stm324xg_eval_lcd.o(i.LCD_ClosedPolyLine), (32 bytes).
    Removing stm324xg_eval_lcd.o(i.LCD_ClosedPolyLineRelative), (6 bytes).
    Removing stm324xg_eval_lcd.o(i.LCD_CtrlLinesConfig), (308 bytes).
    Removing stm324xg_eval_lcd.o(i.LCD_DeInit), (560 bytes).
    Removing stm324xg_eval_lcd.o(i.LCD_DisplayChar), (32 bytes).
    Removing stm324xg_eval_lcd.o(i.LCD_DisplayOff), (8 bytes).
    Removing stm324xg_eval_lcd.o(i.LCD_DisplayOn), (10 bytes).
    Removing stm324xg_eval_lcd.o(i.LCD_DisplayStringLine), (56 bytes).
    Removing stm324xg_eval_lcd.o(i.LCD_DrawChar), (124 bytes).
    Removing stm324xg_eval_lcd.o(i.LCD_DrawCircle), (264 bytes).
    Removing stm324xg_eval_lcd.o(i.LCD_DrawFullCircle), (196 bytes).
    Removing stm324xg_eval_lcd.o(i.LCD_DrawFullRect), (156 bytes).
    Removing stm324xg_eval_lcd.o(i.LCD_DrawLine), (92 bytes).
    Removing stm324xg_eval_lcd.o(i.LCD_DrawMonoPict), (76 bytes).
    Removing stm324xg_eval_lcd.o(i.LCD_DrawRect), (64 bytes).
    Removing stm324xg_eval_lcd.o(i.LCD_DrawUniLine), (192 bytes).
    Removing stm324xg_eval_lcd.o(i.LCD_FSMCConfig), (88 bytes).
    Removing stm324xg_eval_lcd.o(i.LCD_FillPolyLine), (488 bytes).
    Removing stm324xg_eval_lcd.o(i.LCD_GetColors), (16 bytes).
    Removing stm324xg_eval_lcd.o(i.LCD_GetFont), (12 bytes).
    Removing stm324xg_eval_lcd.o(i.LCD_PolyLine), (40 bytes).
    Removing stm324xg_eval_lcd.o(i.LCD_PolyLineRelative), (6 bytes).
    Removing stm324xg_eval_lcd.o(i.LCD_PolyLineRelativeClosed), (98 bytes).
    Removing stm324xg_eval_lcd.o(i.LCD_PowerOn), (120 bytes).
    Removing stm324xg_eval_lcd.o(i.LCD_ReadRAM), (12 bytes).
    Removing stm324xg_eval_lcd.o(i.LCD_ReadReg), (10 bytes).
    Removing stm324xg_eval_lcd.o(i.LCD_SetBackColor), (16 bytes).
    Removing stm324xg_eval_lcd.o(i.LCD_SetColors), (24 bytes).
    Removing stm324xg_eval_lcd.o(i.LCD_SetCursor), (24 bytes).
    Removing stm324xg_eval_lcd.o(i.LCD_SetDisplayWindow), (74 bytes).
    Removing stm324xg_eval_lcd.o(i.LCD_SetFont), (12 bytes).
    Removing stm324xg_eval_lcd.o(i.LCD_SetTextColor), (16 bytes).
    Removing stm324xg_eval_lcd.o(i.LCD_WindowModeDisable), (30 bytes).
    Removing stm324xg_eval_lcd.o(i.LCD_WriteBMP), (74 bytes).
    Removing stm324xg_eval_lcd.o(i.LCD_WriteRAM), (8 bytes).
    Removing stm324xg_eval_lcd.o(i.LCD_WriteRAM_Prepare), (10 bytes).
    Removing stm324xg_eval_lcd.o(i.LCD_WriteReg), (10 bytes).
    Removing stm324xg_eval_lcd.o(i.PutPixel), (28 bytes).
    Removing stm324xg_eval_lcd.o(i.STM324xG_LCD_Init), (1040 bytes).
    Removing stm324xg_eval_lcd.o(i.delay), (28 bytes).
    Removing stm324xg_eval_lcd.o(.constdata), (4560 bytes).
    Removing stm324xg_eval_lcd.o(.constdata), (2304 bytes).
    Removing stm324xg_eval_lcd.o(.constdata), (2304 bytes).
    Removing stm324xg_eval_lcd.o(.constdata), (1536 bytes).
    Removing stm324xg_eval_lcd.o(.data), (16 bytes).
    Removing stm324xg_eval_lcd.o(.data), (8 bytes).
    Removing stm324xg_eval_lcd.o(.data), (8 bytes).
    Removing stm324xg_eval_lcd.o(.data), (8 bytes).
    Removing stm324xg_eval.o(.rev16_text), (4 bytes).
    Removing stm324xg_eval.o(.revsh_text), (4 bytes).
    Removing stm324xg_eval.o(i.SD_LowLevel_DMA_RxConfig), (136 bytes).
    Removing stm324xg_eval.o(i.SD_LowLevel_DMA_TxConfig), (136 bytes).
    Removing stm324xg_eval.o(i.SD_LowLevel_DeInit), (152 bytes).
    Removing stm324xg_eval.o(i.SD_LowLevel_Init), (192 bytes).
    Removing stm324xg_eval.o(i.STM_EVAL_COMInit), (192 bytes).
    Removing stm324xg_eval.o(i.STM_EVAL_LEDInit), (72 bytes).
    Removing stm324xg_eval.o(i.STM_EVAL_LEDOff), (24 bytes).
    Removing stm324xg_eval.o(i.STM_EVAL_LEDOn), (24 bytes).
    Removing stm324xg_eval.o(i.STM_EVAL_LEDToggle), (28 bytes).
    Removing stm324xg_eval.o(i.STM_EVAL_PBGetState), (24 bytes).
    Removing stm324xg_eval.o(i.STM_EVAL_PBInit), (164 bytes).
    Removing stm324xg_eval.o(i.sEE_LowLevel_DMAConfig), (44 bytes).
    Removing stm324xg_eval.o(i.sEE_LowLevel_DeInit), (148 bytes).
    Removing stm324xg_eval.o(i.sEE_LowLevel_Init), (320 bytes).
    Removing stm324xg_eval.o(.bss), (60 bytes).
    Removing stm324xg_eval.o(.constdata), (92 bytes).
    Removing stm324xg_eval.o(.data), (44 bytes).
    Removing stm324xg_eval_ioe.o(.rev16_text), (4 bytes).
    Removing stm324xg_eval_ioe.o(.revsh_text), (4 bytes).
    Removing stm324xg_eval_ioe.o(i.I2C_ReadDataBuffer), (388 bytes).
    Removing stm324xg_eval_ioe.o(i.I2C_ReadDeviceRegister), (368 bytes).
    Removing stm324xg_eval_ioe.o(i.I2C_WriteDeviceRegister), (308 bytes).
    Removing stm324xg_eval_ioe.o(i.IOE_ClearGITPending), (14 bytes).
    Removing stm324xg_eval_ioe.o(i.IOE_ClearIOITPending), (46 bytes).
    Removing stm324xg_eval_ioe.o(i.IOE_Config), (264 bytes).
    Removing stm324xg_eval_ioe.o(i.IOE_DMA_Config), (112 bytes).
    Removing stm324xg_eval_ioe.o(i.IOE_EXTI_Config), (108 bytes).
    Removing stm324xg_eval_ioe.o(i.IOE_FnctCmd), (36 bytes).
    Removing stm324xg_eval_ioe.o(i.IOE_GITCmd), (32 bytes).
    Removing stm324xg_eval_ioe.o(i.IOE_GITConfig), (36 bytes).
    Removing stm324xg_eval_ioe.o(i.IOE_GPIO_Config), (152 bytes).
    Removing stm324xg_eval_ioe.o(i.IOE_GetGITStatus), (32 bytes).
    Removing stm324xg_eval_ioe.o(i.IOE_GetIOITStatus), (18 bytes).
    Removing stm324xg_eval_ioe.o(i.IOE_IOAFConfig), (36 bytes).
    Removing stm324xg_eval_ioe.o(i.IOE_IOEdgeConfig), (74 bytes).
    Removing stm324xg_eval_ioe.o(i.IOE_IOITConfig), (36 bytes).
    Removing stm324xg_eval_ioe.o(i.IOE_IOPinConfig), (36 bytes).
    Removing stm324xg_eval_ioe.o(i.IOE_ITConfig), (166 bytes).
    Removing stm324xg_eval_ioe.o(i.IOE_ITOutConfig), (60 bytes).
    Removing stm324xg_eval_ioe.o(i.IOE_IsOperational), (36 bytes).
    Removing stm324xg_eval_ioe.o(i.IOE_JoyStickGetState), (62 bytes).
    Removing stm324xg_eval_ioe.o(i.IOE_ReadID), (30 bytes).
    Removing stm324xg_eval_ioe.o(i.IOE_ReadIOPin), (40 bytes).
    Removing stm324xg_eval_ioe.o(i.IOE_Reset), (32 bytes).
    Removing stm324xg_eval_ioe.o(i.IOE_TS_Config), (188 bytes).
    Removing stm324xg_eval_ioe.o(i.IOE_TS_GetState), (176 bytes).
    Removing stm324xg_eval_ioe.o(i.IOE_TempSens_Config), (68 bytes).
    Removing stm324xg_eval_ioe.o(i.IOE_TempSens_GetData), (80 bytes).
    Removing stm324xg_eval_ioe.o(i.IOE_WriteIOPin), (42 bytes).
    Removing stm324xg_eval_ioe.o(i.delay), (28 bytes).
    Removing stm324xg_eval_ioe.o(.data), (24 bytes).
    Removing dflti.o(.text), (34 bytes).
    Removing dfltui.o(.text), (26 bytes).
    Removing cdcmple.o(.text), (40 bytes).
    Removing cdrcmple.o(.text), (40 bytes).
    Removing depilogue.o(.text), (190 bytes).

459 unused section(s) (total 31377 bytes) removed from the image.

==============================================================================

Image Symbol Table

    Local Symbols

    Symbol Name                              Value     Ov Type        Size  Object(Section)

    ../clib/../cmprslib/zerorunl2.c          0x00000000   Number         0  __dczerorl2.o ABSOLUTE
    ../clib/microlib/init/entry.s            0x00000000   Number         0  entry9a.o ABSOLUTE
    ../clib/microlib/init/entry.s            0x00000000   Number         0  entry.o ABSOLUTE
    ../clib/microlib/init/entry.s            0x00000000   Number         0  entry2.o ABSOLUTE
    ../clib/microlib/init/entry.s            0x00000000   Number         0  entry8b.o ABSOLUTE
    ../clib/microlib/init/entry.s            0x00000000   Number         0  entry7a.o ABSOLUTE
    ../clib/microlib/init/entry.s            0x00000000   Number         0  entry9b.o ABSOLUTE
    ../clib/microlib/init/entry.s            0x00000000   Number         0  entry10a.o ABSOLUTE
    ../clib/microlib/init/entry.s            0x00000000   Number         0  entry5.o ABSOLUTE
    ../clib/microlib/init/entry.s            0x00000000   Number         0  entry7b.o ABSOLUTE
    ../clib/microlib/init/entry.s            0x00000000   Number         0  entry8a.o ABSOLUTE
    ../clib/microlib/init/entry.s            0x00000000   Number         0  entry10b.o ABSOLUTE
    ../clib/microlib/init/entry.s            0x00000000   Number         0  entry11b.o ABSOLUTE
    ../clib/microlib/init/entry.s            0x00000000   Number         0  entry11a.o ABSOLUTE
    ../clib/microlib/longlong.c              0x00000000   Number         0  llshl.o ABSOLUTE
    ../clib/microlib/longlong.c              0x00000000   Number         0  llushr.o ABSOLUTE
    ../clib/microlib/stubs.s                 0x00000000   Number         0  iusefp.o ABSOLUTE
    ../fplib/microlib/fpepilogue.c           0x00000000   Number         0  depilogue.o ABSOLUTE
    ../fplib/microlib/fpflt.c                0x00000000   Number         0  dfltui.o ABSOLUTE
    ../fplib/microlib/fpflt.c                0x00000000   Number         0  dflti.o ABSOLUTE
    ..\..\..\..\Libraries\CMSIS\Device\ST\STM32F4xx\Source\Templates\arm\startup_stm32f4xx.s 0x00000000   Number         0  startup_stm32f4xx.o ABSOLUTE
    ..\..\..\..\Libraries\STM32F2xx_StdPeriph_Driver\src\misc.c 0x00000000   Number         0  misc.o ABSOLUTE
    ..\..\..\..\Libraries\STM32F4xx_StdPeriph_Driver\src\stm32f4xx_dma.c 0x00000000   Number         0  stm32f4xx_dma.o ABSOLUTE
    ..\..\..\..\Libraries\STM32F4xx_StdPeriph_Driver\src\stm32f4xx_exti.c 0x00000000   Number         0  stm32f4xx_exti.o ABSOLUTE
    ..\..\..\..\Libraries\STM32F4xx_StdPeriph_Driver\src\stm32f4xx_flash.c 0x00000000   Number         0  stm32f4xx_flash.o ABSOLUTE
    ..\..\..\..\Libraries\STM32F4xx_StdPeriph_Driver\src\stm32f4xx_fsmc.c 0x00000000   Number         0  stm32f4xx_fsmc.o ABSOLUTE
    ..\..\..\..\Libraries\STM32F4xx_StdPeriph_Driver\src\stm32f4xx_gpio.c 0x00000000   Number         0  stm32f4xx_gpio.o ABSOLUTE
    ..\..\..\..\Libraries\STM32F4xx_StdPeriph_Driver\src\stm32f4xx_i2c.c 0x00000000   Number         0  stm32f4xx_i2c.o ABSOLUTE
    ..\..\..\..\Libraries\STM32F4xx_StdPeriph_Driver\src\stm32f4xx_pwr.c 0x00000000   Number         0  stm32f4xx_pwr.o ABSOLUTE
    ..\..\..\..\Libraries\STM32F4xx_StdPeriph_Driver\src\stm32f4xx_rcc.c 0x00000000   Number         0  stm32f4xx_rcc.o ABSOLUTE
    ..\..\..\..\Libraries\STM32F4xx_StdPeriph_Driver\src\stm32f4xx_sdio.c 0x00000000   Number         0  stm32f4xx_sdio.o ABSOLUTE
    ..\..\..\..\Libraries\STM32F4xx_StdPeriph_Driver\src\stm32f4xx_spi.c 0x00000000   Number         0  stm32f4xx_spi.o ABSOLUTE
    ..\..\..\..\Libraries\STM32F4xx_StdPeriph_Driver\src\stm32f4xx_syscfg.c 0x00000000   Number         0  stm32f4xx_syscfg.o ABSOLUTE
    ..\..\..\..\Libraries\STM32F4xx_StdPeriph_Driver\src\stm32f4xx_usart.c 0x00000000   Number         0  stm32f4xx_usart.o ABSOLUTE
    ..\..\..\..\Libraries\STM32_USB_Device_Library\Class\cdc\src\usbd_cdc_core.c 0x00000000   Number         0  usbd_cdc_core.o ABSOLUTE
    ..\..\..\..\Libraries\STM32_USB_Device_Library\Core\src\usbd_core.c 0x00000000   Number         0  usbd_core.o ABSOLUTE
    ..\..\..\..\Libraries\STM32_USB_Device_Library\Core\src\usbd_ioreq.c 0x00000000   Number         0  usbd_ioreq.o ABSOLUTE
    ..\..\..\..\Libraries\STM32_USB_Device_Library\Core\src\usbd_req.c 0x00000000   Number         0  usbd_req.o ABSOLUTE
    ..\..\..\..\Libraries\STM32_USB_OTG_Driver\src\usb_core.c 0x00000000   Number         0  usb_core.o ABSOLUTE
    ..\..\..\..\Libraries\STM32_USB_OTG_Driver\src\usb_dcd.c 0x00000000   Number         0  usb_dcd.o ABSOLUTE
    ..\..\..\..\Libraries\STM32_USB_OTG_Driver\src\usb_dcd_int.c 0x00000000   Number         0  usb_dcd_int.o ABSOLUTE
    ..\..\..\..\Utilities\STM32_EVAL\Common\lcd_log.c 0x00000000   Number         0  lcd_log.o ABSOLUTE
    ..\..\..\..\Utilities\STM32_EVAL\STM3240_41_G_EVAL\stm324xg_eval.c 0x00000000   Number         0  stm324xg_eval.o ABSOLUTE
    ..\..\..\..\Utilities\STM32_EVAL\STM3240_41_G_EVAL\stm324xg_eval_ioe.c 0x00000000   Number         0  stm324xg_eval_ioe.o ABSOLUTE
    ..\..\..\..\Utilities\STM32_EVAL\STM3240_41_G_EVAL\stm324xg_eval_lcd.c 0x00000000   Number         0  stm324xg_eval_lcd.o ABSOLUTE
    ..\\..\\..\\..\\Libraries\\STM32F2xx_StdPeriph_Driver\\src\\misc.c 0x00000000   Number         0  misc.o ABSOLUTE
    ..\\..\\..\\..\\Libraries\\STM32F4xx_StdPeriph_Driver\\src\\stm32f4xx_dma.c 0x00000000   Number         0  stm32f4xx_dma.o ABSOLUTE
    ..\\..\\..\\..\\Libraries\\STM32F4xx_StdPeriph_Driver\\src\\stm32f4xx_exti.c 0x00000000   Number         0  stm32f4xx_exti.o ABSOLUTE
    ..\\..\\..\\..\\Libraries\\STM32F4xx_StdPeriph_Driver\\src\\stm32f4xx_flash.c 0x00000000   Number         0  stm32f4xx_flash.o ABSOLUTE
    ..\\..\\..\\..\\Libraries\\STM32F4xx_StdPeriph_Driver\\src\\stm32f4xx_fsmc.c 0x00000000   Number         0  stm32f4xx_fsmc.o ABSOLUTE
    ..\\..\\..\\..\\Libraries\\STM32F4xx_StdPeriph_Driver\\src\\stm32f4xx_gpio.c 0x00000000   Number         0  stm32f4xx_gpio.o ABSOLUTE
    ..\\..\\..\\..\\Libraries\\STM32F4xx_StdPeriph_Driver\\src\\stm32f4xx_i2c.c 0x00000000   Number         0  stm32f4xx_i2c.o ABSOLUTE
    ..\\..\\..\\..\\Libraries\\STM32F4xx_StdPeriph_Driver\\src\\stm32f4xx_pwr.c 0x00000000   Number         0  stm32f4xx_pwr.o ABSOLUTE
    ..\\..\\..\\..\\Libraries\\STM32F4xx_StdPeriph_Driver\\src\\stm32f4xx_rcc.c 0x00000000   Number         0  stm32f4xx_rcc.o ABSOLUTE
    ..\\..\\..\\..\\Libraries\\STM32F4xx_StdPeriph_Driver\\src\\stm32f4xx_sdio.c 0x00000000   Number         0  stm32f4xx_sdio.o ABSOLUTE
    ..\\..\\..\\..\\Libraries\\STM32F4xx_StdPeriph_Driver\\src\\stm32f4xx_spi.c 0x00000000   Number         0  stm32f4xx_spi.o ABSOLUTE
    ..\\..\\..\\..\\Libraries\\STM32F4xx_StdPeriph_Driver\\src\\stm32f4xx_syscfg.c 0x00000000   Number         0  stm32f4xx_syscfg.o ABSOLUTE
    ..\\..\\..\\..\\Libraries\\STM32F4xx_StdPeriph_Driver\\src\\stm32f4xx_usart.c 0x00000000   Number         0  stm32f4xx_usart.o ABSOLUTE
    ..\\..\\..\\..\\Libraries\\STM32_USB_Device_Library\\Class\\cdc\\src\\usbd_cdc_core.c 0x00000000   Number         0  usbd_cdc_core.o ABSOLUTE
    ..\\..\\..\\..\\Libraries\\STM32_USB_Device_Library\\Core\\src\\usbd_core.c 0x00000000   Number         0  usbd_core.o ABSOLUTE
    ..\\..\\..\\..\\Libraries\\STM32_USB_Device_Library\\Core\\src\\usbd_ioreq.c 0x00000000   Number         0  usbd_ioreq.o ABSOLUTE
    ..\\..\\..\\..\\Libraries\\STM32_USB_Device_Library\\Core\\src\\usbd_req.c 0x00000000   Number         0  usbd_req.o ABSOLUTE
    ..\\..\\..\\..\\Libraries\\STM32_USB_OTG_Driver\\src\\usb_core.c 0x00000000   Number         0  usb_core.o ABSOLUTE
    ..\\..\\..\\..\\Libraries\\STM32_USB_OTG_Driver\\src\\usb_dcd.c 0x00000000   Number         0  usb_dcd.o ABSOLUTE
    ..\\..\\..\\..\\Libraries\\STM32_USB_OTG_Driver\\src\\usb_dcd_int.c 0x00000000   Number         0  usb_dcd_int.o ABSOLUTE
    ..\\..\\..\\..\\Utilities\\STM32_EVAL\\Common\\lcd_log.c 0x00000000   Number         0  lcd_log.o ABSOLUTE
    ..\\..\\..\\..\\Utilities\\STM32_EVAL\\STM3240_41_G_EVAL\\stm324xg_eval.c 0x00000000   Number         0  stm324xg_eval.o ABSOLUTE
    ..\\..\\..\\..\\Utilities\\STM32_EVAL\\STM3240_41_G_EVAL\\stm324xg_eval_ioe.c 0x00000000   Number         0  stm324xg_eval_ioe.o ABSOLUTE
    ..\\..\\..\\..\\Utilities\\STM32_EVAL\\STM3240_41_G_EVAL\\stm324xg_eval_lcd.c 0x00000000   Number         0  stm324xg_eval_lcd.o ABSOLUTE
    ..\\src\\app.c                           0x00000000   Number         0  app.o ABSOLUTE
    ..\\src\\stm32fxxx_it.c                  0x00000000   Number         0  stm32fxxx_it.o ABSOLUTE
    ..\\src\\system_stm32f4xx.c              0x00000000   Number         0  system_stm32f4xx.o ABSOLUTE
    ..\\src\\usb_bsp.c                       0x00000000   Number         0  usb_bsp.o ABSOLUTE
    ..\\src\\usbd_cdc_vcp.c                  0x00000000   Number         0  usbd_cdc_vcp.o ABSOLUTE
    ..\\src\\usbd_desc.c                     0x00000000   Number         0  usbd_desc.o ABSOLUTE
    ..\\src\\usbd_usr.c                      0x00000000   Number         0  usbd_usr.o ABSOLUTE
    ..\src\app.c                             0x00000000   Number         0  app.o ABSOLUTE
    ..\src\stm32fxxx_it.c                    0x00000000   Number         0  stm32fxxx_it.o ABSOLUTE
    ..\src\system_stm32f4xx.c                0x00000000   Number         0  system_stm32f4xx.o ABSOLUTE
    ..\src\usb_bsp.c                         0x00000000   Number         0  usb_bsp.o ABSOLUTE
    ..\src\usbd_cdc_vcp.c                    0x00000000   Number         0  usbd_cdc_vcp.o ABSOLUTE
    ..\src\usbd_desc.c                       0x00000000   Number         0  usbd_desc.o ABSOLUTE
    ..\src\usbd_usr.c                        0x00000000   Number         0  usbd_usr.o ABSOLUTE
    cdcmple.s                                0x00000000   Number         0  cdcmple.o ABSOLUTE
    cdrcmple.s                               0x00000000   Number         0  cdrcmple.o ABSOLUTE
    dc.s                                     0x00000000   Number         0  dc.o ABSOLUTE
    handlers.s                               0x00000000   Number         0  handlers.o ABSOLUTE
    init.s                                   0x00000000   Number         0  init.o ABSOLUTE
    RESET                                    0x08000000   Section      392  startup_stm32f4xx.o(RESET)
    .ARM.Collect$$$$00000000                 0x08000188   Section        0  entry.o(.ARM.Collect$$$$00000000)
    .ARM.Collect$$$$00000001                 0x08000188   Section        4  entry2.o(.ARM.Collect$$$$00000001)
    .ARM.Collect$$$$00000004                 0x0800018c   Section        4  entry5.o(.ARM.Collect$$$$00000004)
    .ARM.Collect$$$$00000008                 0x08000190   Section        0  entry7b.o(.ARM.Collect$$$$00000008)
    .ARM.Collect$$$$0000000A                 0x08000190   Section        0  entry8b.o(.ARM.Collect$$$$0000000A)
    .ARM.Collect$$$$0000000B                 0x08000190   Section        8  entry9a.o(.ARM.Collect$$$$0000000B)
    .ARM.Collect$$$$0000000D                 0x08000198   Section        0  entry10a.o(.ARM.Collect$$$$0000000D)
    .ARM.Collect$$$$0000000F                 0x08000198   Section        0  entry11a.o(.ARM.Collect$$$$0000000F)
    .ARM.Collect$$$$00002712                 0x08000198   Section        4  entry2.o(.ARM.Collect$$$$00002712)
    __lit__00000000                          0x08000198   Data           4  entry2.o(.ARM.Collect$$$$00002712)
    .text                                    0x0800019c   Section       36  startup_stm32f4xx.o(.text)
    $v0                                      0x0800019c   Number         0  startup_stm32f4xx.o(.text)
    .text                                    0x080001c0   Section       36  init.o(.text)
    .text                                    0x080001e4   Section        0  __dczerorl2.o(.text)
    i.BusFault_Handler                       0x08000240   Section        0  stm32fxxx_it.o(i.BusFault_Handler)
    i.DCD_EP_Close                           0x08000242   Section        0  usb_dcd.o(i.DCD_EP_Close)
    i.DCD_EP_ClrStall                        0x0800026e   Section        0  usb_dcd.o(i.DCD_EP_ClrStall)
    i.DCD_EP_Open                            0x080002a6   Section        0  usb_dcd.o(i.DCD_EP_Open)
    i.DCD_EP_PrepareRx                       0x080002e2   Section        0  usb_dcd.o(i.DCD_EP_PrepareRx)
    i.DCD_EP_SetAddress                      0x0800031c   Section        0  usb_dcd.o(i.DCD_EP_SetAddress)
    i.DCD_EP_Stall                           0x0800032c   Section        0  usb_dcd.o(i.DCD_EP_Stall)
    i.DCD_EP_Tx                              0x08000364   Section        0  usb_dcd.o(i.DCD_EP_Tx)
    i.DCD_HandleInEP_ISR                     0x0800039c   Section        0  usb_dcd_int.o(i.DCD_HandleInEP_ISR)
    DCD_HandleInEP_ISR                       0x0800039d   Thumb Code   198  usb_dcd_int.o(i.DCD_HandleInEP_ISR)
    i.DCD_HandleOutEP_ISR                    0x08000468   Section        0  usb_dcd_int.o(i.DCD_HandleOutEP_ISR)
    DCD_HandleOutEP_ISR                      0x08000469   Thumb Code   166  usb_dcd_int.o(i.DCD_HandleOutEP_ISR)
    i.DCD_HandleRxStatusQueueLevel_ISR       0x08000514   Section        0  usb_dcd_int.o(i.DCD_HandleRxStatusQueueLevel_ISR)
    DCD_HandleRxStatusQueueLevel_ISR         0x08000515   Thumb Code   124  usb_dcd_int.o(i.DCD_HandleRxStatusQueueLevel_ISR)
    i.DCD_HandleUSBSuspend_ISR               0x08000590   Section        0  usb_dcd_int.o(i.DCD_HandleUSBSuspend_ISR)
    DCD_HandleUSBSuspend_ISR                 0x08000591   Thumb Code   102  usb_dcd_int.o(i.DCD_HandleUSBSuspend_ISR)
    i.DCD_HandleUsbReset_ISR                 0x08000600   Section        0  usb_dcd_int.o(i.DCD_HandleUsbReset_ISR)
    DCD_HandleUsbReset_ISR                   0x08000601   Thumb Code   128  usb_dcd_int.o(i.DCD_HandleUsbReset_ISR)
    i.DCD_Init                               0x08000684   Section        0  usb_dcd.o(i.DCD_Init)
    i.DCD_WriteEmptyTxFifo                   0x0800070e   Section        0  usb_dcd_int.o(i.DCD_WriteEmptyTxFifo)
    DCD_WriteEmptyTxFifo                     0x0800070f   Thumb Code   122  usb_dcd_int.o(i.DCD_WriteEmptyTxFifo)
    i.DebugMon_Handler                       0x08000788   Section        0  stm32fxxx_it.o(i.DebugMon_Handler)
    i.EXTI_ClearITPendingBit                 0x0800078c   Section        0  stm32f4xx_exti.o(i.EXTI_ClearITPendingBit)
    i.GPIO_Init                              0x08000798   Section        0  stm32f4xx_gpio.o(i.GPIO_Init)
    i.GPIO_PinAFConfig                       0x0800083a   Section        0  stm32f4xx_gpio.o(i.GPIO_PinAFConfig)
    i.GPIO_ResetBits                         0x0800085a   Section        0  stm32f4xx_gpio.o(i.GPIO_ResetBits)
    i.GPIO_SetBits                           0x0800085e   Section        0  stm32f4xx_gpio.o(i.GPIO_SetBits)
    i.Handle_USBAsynchXfer                   0x08000864   Section        0  usbd_cdc_core.o(i.Handle_USBAsynchXfer)
    Handle_USBAsynchXfer                     0x08000865   Thumb Code    94  usbd_cdc_core.o(i.Handle_USBAsynchXfer)
    i.HardFault_Handler                      0x080008cc   Section        0  stm32fxxx_it.o(i.HardFault_Handler)
    i.LEDInit                                0x080008d0   Section        0  app.o(i.LEDInit)
    i.MemManage_Handler                      0x08000904   Section        0  stm32fxxx_it.o(i.MemManage_Handler)
    i.NMI_Handler                            0x08000906   Section        0  stm32fxxx_it.o(i.NMI_Handler)
    i.NVIC_Init                              0x08000908   Section        0  misc.o(i.NVIC_Init)
    i.NVIC_PriorityGroupConfig               0x0800096c   Section        0  misc.o(i.NVIC_PriorityGroupConfig)
    i.OTG_FS_IRQHandler                      0x08000980   Section        0  stm32fxxx_it.o(i.OTG_FS_IRQHandler)
    i.OTG_FS_WKUP_IRQHandler                 0x0800098c   Section        0  stm32fxxx_it.o(i.OTG_FS_WKUP_IRQHandler)
    i.PendSV_Handler                         0x08000994   Section        0  stm32fxxx_it.o(i.PendSV_Handler)
    i.RCC_AHB1PeriphClockCmd                 0x08000998   Section        0  stm32f4xx_rcc.o(i.RCC_AHB1PeriphClockCmd)
    i.RCC_AHB2PeriphClockCmd                 0x080009b0   Section        0  stm32f4xx_rcc.o(i.RCC_AHB2PeriphClockCmd)
    i.RCC_APB2PeriphClockCmd                 0x080009c8   Section        0  stm32f4xx_rcc.o(i.RCC_APB2PeriphClockCmd)
    i.SVC_Handler                            0x080009e0   Section        0  stm32fxxx_it.o(i.SVC_Handler)
    i.SetSysClock                            0x080009e4   Section        0  system_stm32f4xx.o(i.SetSysClock)
    SetSysClock                              0x080009e5   Thumb Code   162  system_stm32f4xx.o(i.SetSysClock)
    i.SysTick_Handler                        0x08000a98   Section        0  stm32fxxx_it.o(i.SysTick_Handler)
    i.SystemInit                             0x08000aa8   Section        0  system_stm32f4xx.o(i.SystemInit)
    i.USBD_ClrCfg                            0x08000b04   Section        0  usbd_core.o(i.USBD_ClrCfg)
    i.USBD_CtlContinueRx                     0x08000b12   Section        0  usbd_ioreq.o(i.USBD_CtlContinueRx)
    i.USBD_CtlContinueSendData               0x08000b24   Section        0  usbd_ioreq.o(i.USBD_CtlContinueSendData)
    i.USBD_CtlError                          0x08000b36   Section        0  usbd_req.o(i.USBD_CtlError)
    i.USBD_CtlPrepareRx                      0x08000b52   Section        0  usbd_ioreq.o(i.USBD_CtlPrepareRx)
    i.USBD_CtlReceiveStatus                  0x08000b72   Section        0  usbd_ioreq.o(i.USBD_CtlReceiveStatus)
    i.USBD_CtlSendData                       0x08000b94   Section        0  usbd_ioreq.o(i.USBD_CtlSendData)
    i.USBD_CtlSendStatus                     0x08000bb4   Section        0  usbd_ioreq.o(i.USBD_CtlSendStatus)
    i.USBD_DataInStage                       0x08000bd8   Section        0  usbd_core.o(i.USBD_DataInStage)
    USBD_DataInStage                         0x08000bd9   Thumb Code   172  usbd_core.o(i.USBD_DataInStage)
    i.USBD_DataOutStage                      0x08000c88   Section        0  usbd_core.o(i.USBD_DataOutStage)
    USBD_DataOutStage                        0x08000c89   Thumb Code   120  usbd_core.o(i.USBD_DataOutStage)
    i.USBD_DevConnected                      0x08000d00   Section        0  usbd_core.o(i.USBD_DevConnected)
    USBD_DevConnected                        0x08000d01   Thumb Code    22  usbd_core.o(i.USBD_DevConnected)
    i.USBD_DevDisconnected                   0x08000d16   Section        0  usbd_core.o(i.USBD_DevDisconnected)
    USBD_DevDisconnected                     0x08000d17   Thumb Code    32  usbd_core.o(i.USBD_DevDisconnected)
    i.USBD_GetDescriptor                     0x08000d36   Section        0  usbd_req.o(i.USBD_GetDescriptor)
    USBD_GetDescriptor                       0x08000d37   Thumb Code   210  usbd_req.o(i.USBD_GetDescriptor)
    i.USBD_GetString                         0x08000e08   Section        0  usbd_req.o(i.USBD_GetString)
    i.USBD_Init                              0x08000e4e   Section        0  usbd_core.o(i.USBD_Init)
    i.USBD_IsoINIncomplete                   0x08000e84   Section        0  usbd_core.o(i.USBD_IsoINIncomplete)
    USBD_IsoINIncomplete                     0x08000e85   Thumb Code    14  usbd_core.o(i.USBD_IsoINIncomplete)
    i.USBD_IsoOUTIncomplete                  0x08000e92   Section        0  usbd_core.o(i.USBD_IsoOUTIncomplete)
    USBD_IsoOUTIncomplete                    0x08000e93   Thumb Code    14  usbd_core.o(i.USBD_IsoOUTIncomplete)
    i.USBD_OTG_ISR_Handler                   0x08000ea0   Section        0  usb_dcd_int.o(i.USBD_OTG_ISR_Handler)
    i.USBD_ParseSetupRequest                 0x08001018   Section        0  usbd_req.o(i.USBD_ParseSetupRequest)
    i.USBD_Reset                             0x0800105c   Section        0  usbd_core.o(i.USBD_Reset)
    USBD_Reset                               0x0800105d   Thumb Code    46  usbd_core.o(i.USBD_Reset)
    i.USBD_Resume                            0x0800108a   Section        0  usbd_core.o(i.USBD_Resume)
    USBD_Resume                              0x0800108b   Thumb Code    22  usbd_core.o(i.USBD_Resume)
    i.USBD_SOF                               0x080010a0   Section        0  usbd_core.o(i.USBD_SOF)
    USBD_SOF                                 0x080010a1   Thumb Code    16  usbd_core.o(i.USBD_SOF)
    i.USBD_SetCfg                            0x080010b0   Section        0  usbd_core.o(i.USBD_SetCfg)
    i.USBD_SetConfig                         0x080010cc   Section        0  usbd_req.o(i.USBD_SetConfig)
    USBD_SetConfig                           0x080010cd   Thumb Code   112  usbd_req.o(i.USBD_SetConfig)
    i.USBD_SetFeature                        0x08001140   Section        0  usbd_req.o(i.USBD_SetFeature)
    USBD_SetFeature                          0x08001141   Thumb Code   118  usbd_req.o(i.USBD_SetFeature)
    i.USBD_SetupStage                        0x080011bc   Section        0  usbd_core.o(i.USBD_SetupStage)
    USBD_SetupStage                          0x080011bd   Thumb Code    72  usbd_core.o(i.USBD_SetupStage)
    i.USBD_StdDevReq                         0x08001204   Section        0  usbd_req.o(i.USBD_StdDevReq)
    i.USBD_StdEPReq                          0x080012f4   Section        0  usbd_req.o(i.USBD_StdEPReq)
    i.USBD_StdItfReq                         0x080013c8   Section        0  usbd_req.o(i.USBD_StdItfReq)
    i.USBD_Suspend                           0x080013fe   Section        0  usbd_core.o(i.USBD_Suspend)
    USBD_Suspend                             0x080013ff   Thumb Code    26  usbd_core.o(i.USBD_Suspend)
    i.USBD_USR_ConfigStrDescriptor           0x08001418   Section        0  usbd_desc.o(i.USBD_USR_ConfigStrDescriptor)
    i.USBD_USR_DeviceConfigured              0x08001438   Section        0  usbd_usr.o(i.USBD_USR_DeviceConfigured)
    i.USBD_USR_DeviceConnected               0x0800143a   Section        0  usbd_usr.o(i.USBD_USR_DeviceConnected)
    i.USBD_USR_DeviceDescriptor              0x0800143c   Section        0  usbd_desc.o(i.USBD_USR_DeviceDescriptor)
    i.USBD_USR_DeviceDisconnected            0x08001448   Section        0  usbd_usr.o(i.USBD_USR_DeviceDisconnected)
    i.USBD_USR_DeviceReset                   0x0800144a   Section        0  usbd_usr.o(i.USBD_USR_DeviceReset)
    i.USBD_USR_DeviceResumed                 0x0800144c   Section        0  usbd_usr.o(i.USBD_USR_DeviceResumed)
    i.USBD_USR_DeviceSuspended               0x0800144e   Section        0  usbd_usr.o(i.USBD_USR_DeviceSuspended)
    i.USBD_USR_Init                          0x08001450   Section        0  usbd_usr.o(i.USBD_USR_Init)
    i.USBD_USR_InterfaceStrDescriptor        0x08001454   Section        0  usbd_desc.o(i.USBD_USR_InterfaceStrDescriptor)
    i.USBD_USR_LangIDStrDescriptor           0x08001478   Section        0  usbd_desc.o(i.USBD_USR_LangIDStrDescriptor)
    i.USBD_USR_ManufacturerStrDescriptor     0x08001484   Section        0  usbd_desc.o(i.USBD_USR_ManufacturerStrDescriptor)
    i.USBD_USR_ProductStrDescriptor          0x080014ac   Section        0  usbd_desc.o(i.USBD_USR_ProductStrDescriptor)
    i.USBD_USR_SerialStrDescriptor           0x080014e4   Section        0  usbd_desc.o(i.USBD_USR_SerialStrDescriptor)
    i.USBD_cdc_GetCfgDesc                    0x08001508   Section        0  usbd_cdc_core.o(i.USBD_cdc_GetCfgDesc)
    USBD_cdc_GetCfgDesc                      0x08001509   Thumb Code     8  usbd_cdc_core.o(i.USBD_cdc_GetCfgDesc)
    i.USB_OTG_BSP_EnableInterrupt            0x08001514   Section        0  usb_bsp.o(i.USB_OTG_BSP_EnableInterrupt)
    i.USB_OTG_BSP_Init                       0x0800153c   Section        0  usb_bsp.o(i.USB_OTG_BSP_Init)
    i.USB_OTG_BSP_mDelay                     0x080015dc   Section        0  usb_bsp.o(i.USB_OTG_BSP_mDelay)
    i.USB_OTG_BSP_uDelay                     0x080015e6   Section        0  usb_bsp.o(i.USB_OTG_BSP_uDelay)
    i.USB_OTG_CoreInit                       0x080015fc   Section        0  usb_core.o(i.USB_OTG_CoreInit)
    i.USB_OTG_CoreInitDev                    0x0800167c   Section        0  usb_core.o(i.USB_OTG_CoreInitDev)
    i.USB_OTG_CoreReset                      0x080017ac   Section        0  usb_core.o(i.USB_OTG_CoreReset)
    USB_OTG_CoreReset                        0x080017ad   Thumb Code    84  usb_core.o(i.USB_OTG_CoreReset)
    i.USB_OTG_DisableGlobalInt               0x08001804   Section        0  usb_core.o(i.USB_OTG_DisableGlobalInt)
    i.USB_OTG_EP0Activate                    0x08001814   Section        0  usb_core.o(i.USB_OTG_EP0Activate)
    i.USB_OTG_EP0StartXfer                   0x08001850   Section        0  usb_core.o(i.USB_OTG_EP0StartXfer)
    i.USB_OTG_EP0_OutStart                   0x08001908   Section        0  usb_core.o(i.USB_OTG_EP0_OutStart)
    i.USB_OTG_EPActivate                     0x0800192c   Section        0  usb_core.o(i.USB_OTG_EPActivate)
    i.USB_OTG_EPClearStall                   0x0800197e   Section        0  usb_core.o(i.USB_OTG_EPClearStall)
    i.USB_OTG_EPDeactivate                   0x080019b0   Section        0  usb_core.o(i.USB_OTG_EPDeactivate)
    i.USB_OTG_EPSetStall                     0x080019e4   Section        0  usb_core.o(i.USB_OTG_EPSetStall)
    i.USB_OTG_EPStartXfer                    0x08001a14   Section        0  usb_core.o(i.USB_OTG_EPStartXfer)
    i.USB_OTG_EnableDevInt                   0x08001b38   Section        0  usb_core.o(i.USB_OTG_EnableDevInt)
    i.USB_OTG_EnableGlobalInt                0x08001b88   Section        0  usb_core.o(i.USB_OTG_EnableGlobalInt)
    i.USB_OTG_FlushRxFifo                    0x08001b98   Section        0  usb_core.o(i.USB_OTG_FlushRxFifo)
    i.USB_OTG_FlushTxFifo                    0x08001bd0   Section        0  usb_core.o(i.USB_OTG_FlushTxFifo)
    i.USB_OTG_GetDeviceSpeed                 0x08001c10   Section        0  usb_core.o(i.USB_OTG_GetDeviceSpeed)
    i.USB_OTG_InitDevSpeed                   0x08001c36   Section        0  usb_core.o(i.USB_OTG_InitDevSpeed)
    i.USB_OTG_IsDeviceMode                   0x08001c42   Section        0  usb_core.o(i.USB_OTG_IsDeviceMode)
    i.USB_OTG_ReadCoreItr                    0x08001c54   Section        0  usb_core.o(i.USB_OTG_ReadCoreItr)
    i.USB_OTG_ReadDevAllInEPItr              0x08001c5e   Section        0  usb_core.o(i.USB_OTG_ReadDevAllInEPItr)
    i.USB_OTG_ReadDevAllOutEp_itr            0x08001c6a   Section        0  usb_core.o(i.USB_OTG_ReadDevAllOutEp_itr)
    i.USB_OTG_ReadDevOutEP_itr               0x08001c76   Section        0  usb_core.o(i.USB_OTG_ReadDevOutEP_itr)
    i.USB_OTG_ReadPacket                     0x08001c86   Section        0  usb_core.o(i.USB_OTG_ReadPacket)
    i.USB_OTG_SelectCore                     0x08001ca8   Section        0  usb_core.o(i.USB_OTG_SelectCore)
    i.USB_OTG_SetCurrentMode                 0x08001d68   Section        0  usb_core.o(i.USB_OTG_SetCurrentMode)
    i.USB_OTG_WritePacket                    0x08001d92   Section        0  usb_core.o(i.USB_OTG_WritePacket)
    i.UsageFault_Handler                     0x08001dba   Section        0  stm32fxxx_it.o(i.UsageFault_Handler)
    i.VCP_Ctrl                               0x08001dbc   Section        0  usbd_cdc_vcp.o(i.VCP_Ctrl)
    VCP_Ctrl                                 0x08001dbd   Thumb Code    78  usbd_cdc_vcp.o(i.VCP_Ctrl)
    i.VCP_DataRx                             0x08001e10   Section        0  usbd_cdc_vcp.o(i.VCP_DataRx)
    i.VCP_DataTx                             0x08001e50   Section        0  usbd_cdc_vcp.o(i.VCP_DataTx)
    i.VCP_DeInit                             0x08001e84   Section        0  usbd_cdc_vcp.o(i.VCP_DeInit)
    VCP_DeInit                               0x08001e85   Thumb Code     4  usbd_cdc_vcp.o(i.VCP_DeInit)
    i.VCP_Init                               0x08001e88   Section        0  usbd_cdc_vcp.o(i.VCP_Init)
    VCP_Init                                 0x08001e89   Thumb Code     4  usbd_cdc_vcp.o(i.VCP_Init)
    i.__scatterload_copy                     0x08001e8c   Section       14  handlers.o(i.__scatterload_copy)
    i.__scatterload_null                     0x08001e9a   Section        2  handlers.o(i.__scatterload_null)
    i.__scatterload_zeroinit                 0x08001e9c   Section       14  handlers.o(i.__scatterload_zeroinit)
    i.get_dec_str                            0x08001eaa   Section        0  app.o(i.get_dec_str)
    i.main                                   0x08001ecc   Section        0  app.o(i.main)
    i.usbd_cdc_DataIn                        0x08001f5c   Section        0  usbd_cdc_core.o(i.usbd_cdc_DataIn)
    usbd_cdc_DataIn                          0x08001f5d   Thumb Code    64  usbd_cdc_core.o(i.usbd_cdc_DataIn)
    i.usbd_cdc_DataOut                       0x08001fa4   Section        0  usbd_cdc_core.o(i.usbd_cdc_DataOut)
    usbd_cdc_DataOut                         0x08001fa5   Thumb Code    42  usbd_cdc_core.o(i.usbd_cdc_DataOut)
    i.usbd_cdc_DeInit                        0x08001fd8   Section        0  usbd_cdc_core.o(i.usbd_cdc_DeInit)
    usbd_cdc_DeInit                          0x08001fd9   Thumb Code    36  usbd_cdc_core.o(i.usbd_cdc_DeInit)
    i.usbd_cdc_EP0_RxReady                   0x08002000   Section        0  usbd_cdc_core.o(i.usbd_cdc_EP0_RxReady)
    usbd_cdc_EP0_RxReady                     0x08002001   Thumb Code    30  usbd_cdc_core.o(i.usbd_cdc_EP0_RxReady)
    i.usbd_cdc_Init                          0x08002028   Section        0  usbd_cdc_core.o(i.usbd_cdc_Init)
    usbd_cdc_Init                            0x08002029   Thumb Code    70  usbd_cdc_core.o(i.usbd_cdc_Init)
    i.usbd_cdc_SOF                           0x0800207c   Section        0  usbd_cdc_core.o(i.usbd_cdc_SOF)
    usbd_cdc_SOF                             0x0800207d   Thumb Code    26  usbd_cdc_core.o(i.usbd_cdc_SOF)
    i.usbd_cdc_Setup                         0x0800209c   Section        0  usbd_cdc_core.o(i.usbd_cdc_Setup)
    usbd_cdc_Setup                           0x0800209d   Thumb Code   172  usbd_cdc_core.o(i.usbd_cdc_Setup)
    .data                                    0x20000000   Section        4  app.o(.data)
    .data                                    0x20000004   Section       28  usbd_usr.o(.data)
    .data                                    0x20000020   Section        8  usbd_cdc_vcp.o(.data)
    .data                                    0x20000028   Section       20  usbd_cdc_vcp.o(.data)
    .data                                    0x2000003c   Section       28  usbd_desc.o(.data)
    .data                                    0x20000058   Section       22  usbd_desc.o(.data)
    .data                                    0x20000070   Section       16  usbd_req.o(.data)
    cfgidx                                   0x20000070   Data           1  usbd_req.o(.data)
    .data                                    0x20000080   Section       44  usbd_core.o(.data)
    .data                                    0x200000ac   Section        4  usbd_core.o(.data)
    .data                                    0x200000b0   Section        4  usbd_core.o(.data)
    .data                                    0x200000b4   Section      107  usbd_cdc_core.o(.data)
    usbd_cdc_AltSet                          0x200000b8   Data           4  usbd_cdc_core.o(.data)
    cdcCmd                                   0x200000c8   Data           4  usbd_cdc_core.o(.data)
    cdcLen                                   0x200000cc   Data           4  usbd_cdc_core.o(.data)
    FrameCount                               0x200000d0   Data           4  usbd_cdc_core.o(.data)
    .data                                    0x20000120   Section       44  usbd_cdc_core.o(.data)
    .data                                    0x2000014c   Section       20  system_stm32f4xx.o(.data)
    .bss                                     0x20000160   Section     1524  app.o(.bss)
    .bss                                     0x20000754   Section      255  usbd_req.o(.bss)
    .bss                                     0x20000853   Section     2112  usbd_cdc_core.o(.bss)
    STACK                                    0x20001098   Section     1024  startup_stm32f4xx.o(STACK)

    Global Symbols

    Symbol Name                              Value     Ov Type        Size  Object(Section)

    BuildAttributes$$THM_ISAv4$E$P$D$K$B$S$7EM$VFPi3$EXTD16$VFPS$VFMA$PE$A:L22UL41UL21$X:L11$S22US41US21$IEEE1$IW$USESV6$~STKCKD$USESV7$~SHL$OSPACE$ROPI$EBA8$MICROLIB$REQ8$PRES8$EABIv2 0x00000000   Number         0  anon$$obj.o ABSOLUTE
    __ARM_use_no_argv                        0x00000000   Number         0  app.o ABSOLUTE
    __cpp_initialize__aeabi_                  - Undefined Weak Reference
    __cxa_finalize                            - Undefined Weak Reference
    _clock_init                               - Undefined Weak Reference
    _microlib_exit                            - Undefined Weak Reference
    __Vectors_Size                           0x00000188   Number         0  startup_stm32f4xx.o ABSOLUTE
    __Vectors                                0x08000000   Data           4  startup_stm32f4xx.o(RESET)
    __Vectors_End                            0x08000188   Data           0  startup_stm32f4xx.o(RESET)
    __main                                   0x08000189   Thumb Code     0  entry.o(.ARM.Collect$$$$00000000)
    _main_stk                                0x08000189   Thumb Code     0  entry2.o(.ARM.Collect$$$$00000001)
    _main_scatterload                        0x0800018d   Thumb Code     0  entry5.o(.ARM.Collect$$$$00000004)
    __main_after_scatterload                 0x08000191   Thumb Code     0  entry5.o(.ARM.Collect$$$$00000004)
    _main_clock                              0x08000191   Thumb Code     0  entry7b.o(.ARM.Collect$$$$00000008)
    _main_cpp_init                           0x08000191   Thumb Code     0  entry8b.o(.ARM.Collect$$$$0000000A)
    _main_init                               0x08000191   Thumb Code     0  entry9a.o(.ARM.Collect$$$$0000000B)
    __rt_final_cpp                           0x08000199   Thumb Code     0  entry10a.o(.ARM.Collect$$$$0000000D)
    __rt_final_exit                          0x08000199   Thumb Code     0  entry11a.o(.ARM.Collect$$$$0000000F)
    Reset_Handler                            0x0800019d   Thumb Code     8  startup_stm32f4xx.o(.text)
    ADC_IRQHandler                           0x080001b7   Thumb Code     0  startup_stm32f4xx.o(.text)
    CAN1_RX0_IRQHandler                      0x080001b7   Thumb Code     0  startup_stm32f4xx.o(.text)
    CAN1_RX1_IRQHandler                      0x080001b7   Thumb Code     0  startup_stm32f4xx.o(.text)
    CAN1_SCE_IRQHandler                      0x080001b7   Thumb Code     0  startup_stm32f4xx.o(.text)
    CAN1_TX_IRQHandler                       0x080001b7   Thumb Code     0  startup_stm32f4xx.o(.text)
    CAN2_RX0_IRQHandler                      0x080001b7   Thumb Code     0  startup_stm32f4xx.o(.text)
    CAN2_RX1_IRQHandler                      0x080001b7   Thumb Code     0  startup_stm32f4xx.o(.text)
    CAN2_SCE_IRQHandler                      0x080001b7   Thumb Code     0  startup_stm32f4xx.o(.text)
    CAN2_TX_IRQHandler                       0x080001b7   Thumb Code     0  startup_stm32f4xx.o(.text)
    CRYP_IRQHandler                          0x080001b7   Thumb Code     0  startup_stm32f4xx.o(.text)
    DCMI_IRQHandler                          0x080001b7   Thumb Code     0  startup_stm32f4xx.o(.text)
    DMA1_Stream0_IRQHandler                  0x080001b7   Thumb Code     0  startup_stm32f4xx.o(.text)
    DMA1_Stream1_IRQHandler                  0x080001b7   Thumb Code     0  startup_stm32f4xx.o(.text)
    DMA1_Stream2_IRQHandler                  0x080001b7   Thumb Code     0  startup_stm32f4xx.o(.text)
    DMA1_Stream3_IRQHandler                  0x080001b7   Thumb Code     0  startup_stm32f4xx.o(.text)
    DMA1_Stream4_IRQHandler                  0x080001b7   Thumb Code     0  startup_stm32f4xx.o(.text)
    DMA1_Stream5_IRQHandler                  0x080001b7   Thumb Code     0  startup_stm32f4xx.o(.text)
    DMA1_Stream6_IRQHandler                  0x080001b7   Thumb Code     0  startup_stm32f4xx.o(.text)
    DMA1_Stream7_IRQHandler                  0x080001b7   Thumb Code     0  startup_stm32f4xx.o(.text)
    DMA2_Stream0_IRQHandler                  0x080001b7   Thumb Code     0  startup_stm32f4xx.o(.text)
    DMA2_Stream1_IRQHandler                  0x080001b7   Thumb Code     0  startup_stm32f4xx.o(.text)
    DMA2_Stream2_IRQHandler                  0x080001b7   Thumb Code     0  startup_stm32f4xx.o(.text)
    DMA2_Stream3_IRQHandler                  0x080001b7   Thumb Code     0  startup_stm32f4xx.o(.text)
    DMA2_Stream4_IRQHandler                  0x080001b7   Thumb Code     0  startup_stm32f4xx.o(.text)
    DMA2_Stream5_IRQHandler                  0x080001b7   Thumb Code     0  startup_stm32f4xx.o(.text)
    DMA2_Stream6_IRQHandler                  0x080001b7   Thumb Code     0  startup_stm32f4xx.o(.text)
    DMA2_Stream7_IRQHandler                  0x080001b7   Thumb Code     0  startup_stm32f4xx.o(.text)
    ETH_IRQHandler                           0x080001b7   Thumb Code     0  startup_stm32f4xx.o(.text)
    ETH_WKUP_IRQHandler                      0x080001b7   Thumb Code     0  startup_stm32f4xx.o(.text)
    EXTI0_IRQHandler                         0x080001b7   Thumb Code     0  startup_stm32f4xx.o(.text)
    EXTI15_10_IRQHandler                     0x080001b7   Thumb Code     0  startup_stm32f4xx.o(.text)
    EXTI1_IRQHandler                         0x080001b7   Thumb Code     0  startup_stm32f4xx.o(.text)
    EXTI2_IRQHandler                         0x080001b7   Thumb Code     0  startup_stm32f4xx.o(.text)
    EXTI3_IRQHandler                         0x080001b7   Thumb Code     0  startup_stm32f4xx.o(.text)
    EXTI4_IRQHandler                         0x080001b7   Thumb Code     0  startup_stm32f4xx.o(.text)
    EXTI9_5_IRQHandler                       0x080001b7   Thumb Code     0  startup_stm32f4xx.o(.text)
    FLASH_IRQHandler                         0x080001b7   Thumb Code     0  startup_stm32f4xx.o(.text)
    FPU_IRQHandler                           0x080001b7   Thumb Code     0  startup_stm32f4xx.o(.text)
    FSMC_IRQHandler                          0x080001b7   Thumb Code     0  startup_stm32f4xx.o(.text)
    HASH_RNG_IRQHandler                      0x080001b7   Thumb Code     0  startup_stm32f4xx.o(.text)
    I2C1_ER_IRQHandler                       0x080001b7   Thumb Code     0  startup_stm32f4xx.o(.text)
    I2C1_EV_IRQHandler                       0x080001b7   Thumb Code     0  startup_stm32f4xx.o(.text)
    I2C2_ER_IRQHandler                       0x080001b7   Thumb Code     0  startup_stm32f4xx.o(.text)
    I2C2_EV_IRQHandler                       0x080001b7   Thumb Code     0  startup_stm32f4xx.o(.text)
    I2C3_ER_IRQHandler                       0x080001b7   Thumb Code     0  startup_stm32f4xx.o(.text)
    I2C3_EV_IRQHandler                       0x080001b7   Thumb Code     0  startup_stm32f4xx.o(.text)
    OTG_HS_EP1_IN_IRQHandler                 0x080001b7   Thumb Code     0  startup_stm32f4xx.o(.text)
    OTG_HS_EP1_OUT_IRQHandler                0x080001b7   Thumb Code     0  startup_stm32f4xx.o(.text)
    OTG_HS_IRQHandler                        0x080001b7   Thumb Code     0  startup_stm32f4xx.o(.text)
    OTG_HS_WKUP_IRQHandler                   0x080001b7   Thumb Code     0  startup_stm32f4xx.o(.text)
    PVD_IRQHandler                           0x080001b7   Thumb Code     0  startup_stm32f4xx.o(.text)
    RCC_IRQHandler                           0x080001b7   Thumb Code     0  startup_stm32f4xx.o(.text)
    RTC_Alarm_IRQHandler                     0x080001b7   Thumb Code     0  startup_stm32f4xx.o(.text)
    RTC_WKUP_IRQHandler                      0x080001b7   Thumb Code     0  startup_stm32f4xx.o(.text)
    SDIO_IRQHandler                          0x080001b7   Thumb Code     0  startup_stm32f4xx.o(.text)
    SPI1_IRQHandler                          0x080001b7   Thumb Code     0  startup_stm32f4xx.o(.text)
    SPI2_IRQHandler                          0x080001b7   Thumb Code     0  startup_stm32f4xx.o(.text)
    SPI3_IRQHandler                          0x080001b7   Thumb Code     0  startup_stm32f4xx.o(.text)
    TAMP_STAMP_IRQHandler                    0x080001b7   Thumb Code     0  startup_stm32f4xx.o(.text)
    TIM1_BRK_TIM9_IRQHandler                 0x080001b7   Thumb Code     0  startup_stm32f4xx.o(.text)
    TIM1_CC_IRQHandler                       0x080001b7   Thumb Code     0  startup_stm32f4xx.o(.text)
    TIM1_TRG_COM_TIM11_IRQHandler            0x080001b7   Thumb Code     0  startup_stm32f4xx.o(.text)
    TIM1_UP_TIM10_IRQHandler                 0x080001b7   Thumb Code     0  startup_stm32f4xx.o(.text)
    TIM2_IRQHandler                          0x080001b7   Thumb Code     0  startup_stm32f4xx.o(.text)
    TIM3_IRQHandler                          0x080001b7   Thumb Code     0  startup_stm32f4xx.o(.text)
    TIM4_IRQHandler                          0x080001b7   Thumb Code     0  startup_stm32f4xx.o(.text)
    TIM5_IRQHandler                          0x080001b7   Thumb Code     0  startup_stm32f4xx.o(.text)
    TIM6_DAC_IRQHandler                      0x080001b7   Thumb Code     0  startup_stm32f4xx.o(.text)
    TIM7_IRQHandler                          0x080001b7   Thumb Code     0  startup_stm32f4xx.o(.text)
    TIM8_BRK_TIM12_IRQHandler                0x080001b7   Thumb Code     0  startup_stm32f4xx.o(.text)
    TIM8_CC_IRQHandler                       0x080001b7   Thumb Code     0  startup_stm32f4xx.o(.text)
    TIM8_TRG_COM_TIM14_IRQHandler            0x080001b7   Thumb Code     0  startup_stm32f4xx.o(.text)
    TIM8_UP_TIM13_IRQHandler                 0x080001b7   Thumb Code     0  startup_stm32f4xx.o(.text)
    UART4_IRQHandler                         0x080001b7   Thumb Code     0  startup_stm32f4xx.o(.text)
    UART5_IRQHandler                         0x080001b7   Thumb Code     0  startup_stm32f4xx.o(.text)
    USART1_IRQHandler                        0x080001b7   Thumb Code     0  startup_stm32f4xx.o(.text)
    USART2_IRQHandler                        0x080001b7   Thumb Code     0  startup_stm32f4xx.o(.text)
    USART3_IRQHandler                        0x080001b7   Thumb Code     0  startup_stm32f4xx.o(.text)
    USART6_IRQHandler                        0x080001b7   Thumb Code     0  startup_stm32f4xx.o(.text)
    WWDG_IRQHandler                          0x080001b7   Thumb Code     0  startup_stm32f4xx.o(.text)
    __scatterload                            0x080001c1   Thumb Code    28  init.o(.text)
    __scatterload_rt2                        0x080001c1   Thumb Code     0  init.o(.text)
    __decompress                             0x080001e5   Thumb Code     0  __dczerorl2.o(.text)
    __decompress1                            0x080001e5   Thumb Code    92  __dczerorl2.o(.text)
    BusFault_Handler                         0x08000241   Thumb Code     2  stm32fxxx_it.o(i.BusFault_Handler)
    DCD_EP_Close                             0x08000243   Thumb Code    44  usb_dcd.o(i.DCD_EP_Close)
    DCD_EP_ClrStall                          0x0800026f   Thumb Code    56  usb_dcd.o(i.DCD_EP_ClrStall)
    DCD_EP_Open                              0x080002a7   Thumb Code    60  usb_dcd.o(i.DCD_EP_Open)
    DCD_EP_PrepareRx                         0x080002e3   Thumb Code    58  usb_dcd.o(i.DCD_EP_PrepareRx)
    DCD_EP_SetAddress                        0x0800031d   Thumb Code    16  usb_dcd.o(i.DCD_EP_SetAddress)
    DCD_EP_Stall                             0x0800032d   Thumb Code    56  usb_dcd.o(i.DCD_EP_Stall)
    DCD_EP_Tx                                0x08000365   Thumb Code    54  usb_dcd.o(i.DCD_EP_Tx)
    DCD_Init                                 0x08000685   Thumb Code   138  usb_dcd.o(i.DCD_Init)
    DebugMon_Handler                         0x08000789   Thumb Code     2  stm32fxxx_it.o(i.DebugMon_Handler)
    EXTI_ClearITPendingBit                   0x0800078d   Thumb Code     6  stm32f4xx_exti.o(i.EXTI_ClearITPendingBit)
    GPIO_Init                                0x08000799   Thumb Code   162  stm32f4xx_gpio.o(i.GPIO_Init)
    GPIO_PinAFConfig                         0x0800083b   Thumb Code    32  stm32f4xx_gpio.o(i.GPIO_PinAFConfig)
    GPIO_ResetBits                           0x0800085b   Thumb Code     4  stm32f4xx_gpio.o(i.GPIO_ResetBits)
    GPIO_SetBits                             0x0800085f   Thumb Code     4  stm32f4xx_gpio.o(i.GPIO_SetBits)
    HardFault_Handler                        0x080008cd   Thumb Code     2  stm32fxxx_it.o(i.HardFault_Handler)
    LEDInit                                  0x080008d1   Thumb Code    48  app.o(i.LEDInit)
    MemManage_Handler                        0x08000905   Thumb Code     2  stm32fxxx_it.o(i.MemManage_Handler)
    NMI_Handler                              0x08000907   Thumb Code     2  stm32fxxx_it.o(i.NMI_Handler)
    NVIC_Init                                0x08000909   Thumb Code    92  misc.o(i.NVIC_Init)
    NVIC_PriorityGroupConfig                 0x0800096d   Thumb Code    10  misc.o(i.NVIC_PriorityGroupConfig)
    OTG_FS_IRQHandler                        0x08000981   Thumb Code     6  stm32fxxx_it.o(i.OTG_FS_IRQHandler)
    OTG_FS_WKUP_IRQHandler                   0x0800098d   Thumb Code     8  stm32fxxx_it.o(i.OTG_FS_WKUP_IRQHandler)
    PendSV_Handler                           0x08000995   Thumb Code     2  stm32fxxx_it.o(i.PendSV_Handler)
    RCC_AHB1PeriphClockCmd                   0x08000999   Thumb Code    18  stm32f4xx_rcc.o(i.RCC_AHB1PeriphClockCmd)
    RCC_AHB2PeriphClockCmd                   0x080009b1   Thumb Code    18  stm32f4xx_rcc.o(i.RCC_AHB2PeriphClockCmd)
    RCC_APB2PeriphClockCmd                   0x080009c9   Thumb Code    18  stm32f4xx_rcc.o(i.RCC_APB2PeriphClockCmd)
    SVC_Handler                              0x080009e1   Thumb Code     2  stm32fxxx_it.o(i.SVC_Handler)
    SysTick_Handler                          0x08000a99   Thumb Code    10  stm32fxxx_it.o(i.SysTick_Handler)
    SystemInit                               0x08000aa9   Thumb Code    74  system_stm32f4xx.o(i.SystemInit)
    USBD_ClrCfg                              0x08000b05   Thumb Code    14  usbd_core.o(i.USBD_ClrCfg)
    USBD_CtlContinueRx                       0x08000b13   Thumb Code    18  usbd_ioreq.o(i.USBD_CtlContinueRx)
    USBD_CtlContinueSendData                 0x08000b25   Thumb Code    18  usbd_ioreq.o(i.USBD_CtlContinueSendData)
    USBD_CtlError                            0x08000b37   Thumb Code    28  usbd_req.o(i.USBD_CtlError)
    USBD_CtlPrepareRx                        0x08000b53   Thumb Code    32  usbd_ioreq.o(i.USBD_CtlPrepareRx)
    USBD_CtlReceiveStatus                    0x08000b73   Thumb Code    34  usbd_ioreq.o(i.USBD_CtlReceiveStatus)
    USBD_CtlSendData                         0x08000b95   Thumb Code    32  usbd_ioreq.o(i.USBD_CtlSendData)
    USBD_CtlSendStatus                       0x08000bb5   Thumb Code    34  usbd_ioreq.o(i.USBD_CtlSendStatus)
    USBD_GetString                           0x08000e09   Thumb Code    70  usbd_req.o(i.USBD_GetString)
    USBD_Init                                0x08000e4f   Thumb Code    54  usbd_core.o(i.USBD_Init)
    USBD_OTG_ISR_Handler                     0x08000ea1   Thumb Code   370  usb_dcd_int.o(i.USBD_OTG_ISR_Handler)
    USBD_ParseSetupRequest                   0x08001019   Thumb Code    68  usbd_req.o(i.USBD_ParseSetupRequest)
    USBD_SetCfg                              0x080010b1   Thumb Code    26  usbd_core.o(i.USBD_SetCfg)
    USBD_StdDevReq                           0x08001205   Thumb Code   236  usbd_req.o(i.USBD_StdDevReq)
    USBD_StdEPReq                            0x080012f5   Thumb Code   208  usbd_req.o(i.USBD_StdEPReq)
    USBD_StdItfReq                           0x080013c9   Thumb Code    54  usbd_req.o(i.USBD_StdItfReq)
    USBD_USR_ConfigStrDescriptor             0x08001419   Thumb Code    16  usbd_desc.o(i.USBD_USR_ConfigStrDescriptor)
    USBD_USR_DeviceConfigured                0x08001439   Thumb Code     2  usbd_usr.o(i.USBD_USR_DeviceConfigured)
    USBD_USR_DeviceConnected                 0x0800143b   Thumb Code     2  usbd_usr.o(i.USBD_USR_DeviceConnected)
    USBD_USR_DeviceDescriptor                0x0800143d   Thumb Code     8  usbd_desc.o(i.USBD_USR_DeviceDescriptor)
    USBD_USR_DeviceDisconnected              0x08001449   Thumb Code     2  usbd_usr.o(i.USBD_USR_DeviceDisconnected)
    USBD_USR_DeviceReset                     0x0800144b   Thumb Code     2  usbd_usr.o(i.USBD_USR_DeviceReset)
    USBD_USR_DeviceResumed                   0x0800144d   Thumb Code     2  usbd_usr.o(i.USBD_USR_DeviceResumed)
    USBD_USR_DeviceSuspended                 0x0800144f   Thumb Code     2  usbd_usr.o(i.USBD_USR_DeviceSuspended)
    USBD_USR_Init                            0x08001451   Thumb Code     2  usbd_usr.o(i.USBD_USR_Init)
    USBD_USR_InterfaceStrDescriptor          0x08001455   Thumb Code    16  usbd_desc.o(i.USBD_USR_InterfaceStrDescriptor)
    USBD_USR_LangIDStrDescriptor             0x08001479   Thumb Code     8  usbd_desc.o(i.USBD_USR_LangIDStrDescriptor)
    USBD_USR_ManufacturerStrDescriptor       0x08001485   Thumb Code    16  usbd_desc.o(i.USBD_USR_ManufacturerStrDescriptor)
    USBD_USR_ProductStrDescriptor            0x080014ad   Thumb Code    16  usbd_desc.o(i.USBD_USR_ProductStrDescriptor)
    USBD_USR_SerialStrDescriptor             0x080014e5   Thumb Code    16  usbd_desc.o(i.USBD_USR_SerialStrDescriptor)
    USB_OTG_BSP_EnableInterrupt              0x08001515   Thumb Code    40  usb_bsp.o(i.USB_OTG_BSP_EnableInterrupt)
    USB_OTG_BSP_Init                         0x0800153d   Thumb Code   154  usb_bsp.o(i.USB_OTG_BSP_Init)
    USB_OTG_BSP_mDelay                       0x080015dd   Thumb Code    10  usb_bsp.o(i.USB_OTG_BSP_mDelay)
    USB_OTG_BSP_uDelay                       0x080015e7   Thumb Code    22  usb_bsp.o(i.USB_OTG_BSP_uDelay)
    USB_OTG_CoreInit                         0x080015fd   Thumb Code   128  usb_core.o(i.USB_OTG_CoreInit)
    USB_OTG_CoreInitDev                      0x0800167d   Thumb Code   302  usb_core.o(i.USB_OTG_CoreInitDev)
    USB_OTG_DisableGlobalInt                 0x08001805   Thumb Code    16  usb_core.o(i.USB_OTG_DisableGlobalInt)
    USB_OTG_EP0Activate                      0x08001815   Thumb Code    58  usb_core.o(i.USB_OTG_EP0Activate)
    USB_OTG_EP0StartXfer                     0x08001851   Thumb Code   182  usb_core.o(i.USB_OTG_EP0StartXfer)
    USB_OTG_EP0_OutStart                     0x08001909   Thumb Code    32  usb_core.o(i.USB_OTG_EP0_OutStart)
    USB_OTG_EPActivate                       0x0800192d   Thumb Code    82  usb_core.o(i.USB_OTG_EPActivate)
    USB_OTG_EPClearStall                     0x0800197f   Thumb Code    50  usb_core.o(i.USB_OTG_EPClearStall)
    USB_OTG_EPDeactivate                     0x080019b1   Thumb Code    52  usb_core.o(i.USB_OTG_EPDeactivate)
    USB_OTG_EPSetStall                       0x080019e5   Thumb Code    48  usb_core.o(i.USB_OTG_EPSetStall)
    USB_OTG_EPStartXfer                      0x08001a15   Thumb Code   290  usb_core.o(i.USB_OTG_EPStartXfer)
    USB_OTG_EnableDevInt                     0x08001b39   Thumb Code    74  usb_core.o(i.USB_OTG_EnableDevInt)
    USB_OTG_EnableGlobalInt                  0x08001b89   Thumb Code    16  usb_core.o(i.USB_OTG_EnableGlobalInt)
    USB_OTG_FlushRxFifo                      0x08001b99   Thumb Code    52  usb_core.o(i.USB_OTG_FlushRxFifo)
    USB_OTG_FlushTxFifo                      0x08001bd1   Thumb Code    60  usb_core.o(i.USB_OTG_FlushTxFifo)
    USB_OTG_GetDeviceSpeed                   0x08001c11   Thumb Code    38  usb_core.o(i.USB_OTG_GetDeviceSpeed)
    USB_OTG_InitDevSpeed                     0x08001c37   Thumb Code    12  usb_core.o(i.USB_OTG_InitDevSpeed)
    USB_OTG_IsDeviceMode                     0x08001c43   Thumb Code    18  usb_core.o(i.USB_OTG_IsDeviceMode)
    USB_OTG_ReadCoreItr                      0x08001c55   Thumb Code    10  usb_core.o(i.USB_OTG_ReadCoreItr)
    USB_OTG_ReadDevAllInEPItr                0x08001c5f   Thumb Code    12  usb_core.o(i.USB_OTG_ReadDevAllInEPItr)
    USB_OTG_ReadDevAllOutEp_itr              0x08001c6b   Thumb Code    12  usb_core.o(i.USB_OTG_ReadDevAllOutEp_itr)
    USB_OTG_ReadDevOutEP_itr                 0x08001c77   Thumb Code    16  usb_core.o(i.USB_OTG_ReadDevOutEP_itr)
    USB_OTG_ReadPacket                       0x08001c87   Thumb Code    32  usb_core.o(i.USB_OTG_ReadPacket)
    USB_OTG_SelectCore                       0x08001ca9   Thumb Code   188  usb_core.o(i.USB_OTG_SelectCore)
    USB_OTG_SetCurrentMode                   0x08001d69   Thumb Code    42  usb_core.o(i.USB_OTG_SetCurrentMode)
    USB_OTG_WritePacket                      0x08001d93   Thumb Code    40  usb_core.o(i.USB_OTG_WritePacket)
    UsageFault_Handler                       0x08001dbb   Thumb Code     2  stm32fxxx_it.o(i.UsageFault_Handler)
    VCP_DataRx                               0x08001e11   Thumb Code    58  usbd_cdc_vcp.o(i.VCP_DataRx)
    VCP_DataTx                               0x08001e51   Thumb Code    42  usbd_cdc_vcp.o(i.VCP_DataTx)
    __scatterload_copy                       0x08001e8d   Thumb Code    14  handlers.o(i.__scatterload_copy)
    __scatterload_null                       0x08001e9b   Thumb Code     2  handlers.o(i.__scatterload_null)
    __scatterload_zeroinit                   0x08001e9d   Thumb Code    14  handlers.o(i.__scatterload_zeroinit)
    get_dec_str                              0x08001eab   Thumb Code    34  app.o(i.get_dec_str)
    main                                     0x08001ecd   Thumb Code   116  app.o(i.main)
    Region$$Table$$Base                      0x08002150   Number         0  anon$$obj.o(Region$$Table)
    Region$$Table$$Limit                     0x08002170   Number         0  anon$$obj.o(Region$$Table)
    system_time_counter                      0x20000000   Data           4  app.o(.data)
    USR_cb                                   0x20000004   Data          28  usbd_usr.o(.data)
    linecoding                               0x20000020   Data           8  usbd_cdc_vcp.o(.data)
    VCP_fops                                 0x20000028   Data          20  usbd_cdc_vcp.o(.data)
    USR_desc                                 0x2000003c   Data          28  usbd_desc.o(.data)
    USBD_LangIDDesc                          0x20000058   Data           4  usbd_desc.o(.data)
    USBD_DeviceDesc                          0x2000005c   Data          18  usbd_desc.o(.data)
    USBD_ep_status                           0x20000074   Data           4  usbd_req.o(.data)
    USBD_default_cfg                         0x20000078   Data           4  usbd_req.o(.data)
    USBD_cfg_status                          0x2000007c   Data           4  usbd_req.o(.data)
    USBD_DCD_INT_cb                          0x20000080   Data          44  usbd_core.o(.data)
    USBD_DCD_INT_fops                        0x200000ac   Data           4  usbd_core.o(.data)
    SET_TEST_MODE                            0x200000b0   Data           4  usbd_core.o(.data)
    USB_Tx_State                             0x200000b4   Data           1  usbd_cdc_core.o(.data)
    APP_Rx_ptr_in                            0x200000bc   Data           4  usbd_cdc_core.o(.data)
    APP_Rx_ptr_out                           0x200000c0   Data           4  usbd_cdc_core.o(.data)
    APP_Rx_length                            0x200000c4   Data           4  usbd_cdc_core.o(.data)
    CmdBuff                                  0x200000d4   Data           8  usbd_cdc_core.o(.data)
    usbd_cdc_CfgDesc                         0x200000dc   Data          67  usbd_cdc_core.o(.data)
    USBD_CDC_cb                              0x20000120   Data          44  usbd_cdc_core.o(.data)
    SystemCoreClock                          0x2000014c   Data           4  system_stm32f4xx.o(.data)
    AHBPrescTable                            0x20000150   Data          16  system_stm32f4xx.o(.data)
    USB_OTG_dev                              0x20000160   Data        1524  app.o(.bss)
    USBD_StrDesc                             0x20000754   Data         255  usbd_req.o(.bss)
    USB_Rx_Buffer                            0x20000853   Data          64  usbd_cdc_core.o(.bss)
    APP_Rx_Buffer                            0x20000893   Data        2048  usbd_cdc_core.o(.bss)
    __initial_sp                             0x20001498   Data           0  startup_stm32f4xx.o(STACK)



==============================================================================

Memory Map of the image

  Image Entry point : 0x08000189

  Load Region LR_IROM1 (Base: 0x08000000, Size: 0x000022d0, Max: 0x00100000, ABSOLUTE, COMPRESSED[0x00002260])

    Execution Region ER_IROM1 (Base: 0x08000000, Size: 0x00002170, Max: 0x00100000, ABSOLUTE)

    Base Addr    Size         Type   Attr      Idx    E Section Name        Object

    0x08000000   0x00000188   Data   RO         1294    RESET               startup_stm32f4xx.o
    0x08000188   0x00000000   Code   RO         3685  * .ARM.Collect$$$$00000000  mc_w.l(entry.o)
    0x08000188   0x00000004   Code   RO         3696    .ARM.Collect$$$$00000001  mc_w.l(entry2.o)
    0x0800018c   0x00000004   Code   RO         3699    .ARM.Collect$$$$00000004  mc_w.l(entry5.o)
    0x08000190   0x00000000   Code   RO         3701    .ARM.Collect$$$$00000008  mc_w.l(entry7b.o)
    0x08000190   0x00000000   Code   RO         3703    .ARM.Collect$$$$0000000A  mc_w.l(entry8b.o)
    0x08000190   0x00000008   Code   RO         3704    .ARM.Collect$$$$0000000B  mc_w.l(entry9a.o)
    0x08000198   0x00000000   Code   RO         3706    .ARM.Collect$$$$0000000D  mc_w.l(entry10a.o)
    0x08000198   0x00000000   Code   RO         3708    .ARM.Collect$$$$0000000F  mc_w.l(entry11a.o)
    0x08000198   0x00000004   Code   RO         3697    .ARM.Collect$$$$00002712  mc_w.l(entry2.o)
    0x0800019c   0x00000024   Code   RO         1295    .text               startup_stm32f4xx.o
    0x080001c0   0x00000024   Code   RO         3713    .text               mc_w.l(init.o)
    0x080001e4   0x0000005c   Code   RO         3727    .text               mc_w.l(__dczerorl2.o)
    0x08000240   0x00000002   Code   RO          404    i.BusFault_Handler  stm32fxxx_it.o
    0x08000242   0x0000002c   Code   RO          836    i.DCD_EP_Close      usb_dcd.o
    0x0800026e   0x00000038   Code   RO          837    i.DCD_EP_ClrStall   usb_dcd.o
    0x080002a6   0x0000003c   Code   RO          839    i.DCD_EP_Open       usb_dcd.o
    0x080002e2   0x0000003a   Code   RO          840    i.DCD_EP_PrepareRx  usb_dcd.o
    0x0800031c   0x00000010   Code   RO          841    i.DCD_EP_SetAddress  usb_dcd.o
    0x0800032c   0x00000038   Code   RO          842    i.DCD_EP_Stall      usb_dcd.o
    0x08000364   0x00000036   Code   RO          843    i.DCD_EP_Tx         usb_dcd.o
    0x0800039a   0x00000002   PAD
    0x0800039c   0x000000cc   Code   RO          558    i.DCD_HandleInEP_ISR  usb_dcd_int.o
    0x08000468   0x000000ac   Code   RO          559    i.DCD_HandleOutEP_ISR  usb_dcd_int.o
    0x08000514   0x0000007c   Code   RO          560    i.DCD_HandleRxStatusQueueLevel_ISR  usb_dcd_int.o
    0x08000590   0x00000070   Code   RO          561    i.DCD_HandleUSBSuspend_ISR  usb_dcd_int.o
    0x08000600   0x00000084   Code   RO          562    i.DCD_HandleUsbReset_ISR  usb_dcd_int.o
    0x08000684   0x0000008a   Code   RO          845    i.DCD_Init          usb_dcd.o
    0x0800070e   0x0000007a   Code   RO          563    i.DCD_WriteEmptyTxFifo  usb_dcd_int.o
    0x08000788   0x00000002   Code   RO          405    i.DebugMon_Handler  stm32fxxx_it.o
    0x0800078a   0x00000002   PAD
    0x0800078c   0x0000000c   Code   RO         2063    i.EXTI_ClearITPendingBit  stm32f4xx_exti.o
    0x08000798   0x000000a2   Code   RO         2447    i.GPIO_Init         stm32f4xx_gpio.o
    0x0800083a   0x00000020   Code   RO         2448    i.GPIO_PinAFConfig  stm32f4xx_gpio.o
    0x0800085a   0x00000004   Code   RO         2454    i.GPIO_ResetBits    stm32f4xx_gpio.o
    0x0800085e   0x00000004   Code   RO         2455    i.GPIO_SetBits      stm32f4xx_gpio.o
    0x08000862   0x00000002   PAD
    0x08000864   0x00000068   Code   RO         1156    i.Handle_USBAsynchXfer  usbd_cdc_core.o
    0x080008cc   0x00000002   Code   RO          406    i.HardFault_Handler  stm32fxxx_it.o
    0x080008ce   0x00000002   PAD
    0x080008d0   0x00000034   Code   RO            3    i.LEDInit           app.o
    0x08000904   0x00000002   Code   RO          407    i.MemManage_Handler  stm32fxxx_it.o
    0x08000906   0x00000002   Code   RO          408    i.NMI_Handler       stm32fxxx_it.o
    0x08000908   0x00000064   Code   RO          314    i.NVIC_Init         misc.o
    0x0800096c   0x00000014   Code   RO          315    i.NVIC_PriorityGroupConfig  misc.o
    0x08000980   0x0000000c   Code   RO          409    i.OTG_FS_IRQHandler  stm32fxxx_it.o
    0x0800098c   0x00000008   Code   RO          410    i.OTG_FS_WKUP_IRQHandler  stm32fxxx_it.o
    0x08000994   0x00000002   Code   RO          411    i.PendSV_Handler    stm32fxxx_it.o
    0x08000996   0x00000002   PAD
    0x08000998   0x00000018   Code   RO         2842    i.RCC_AHB1PeriphClockCmd  stm32f4xx_rcc.o
    0x080009b0   0x00000018   Code   RO         2845    i.RCC_AHB2PeriphClockCmd  stm32f4xx_rcc.o
    0x080009c8   0x00000018   Code   RO         2854    i.RCC_APB2PeriphClockCmd  stm32f4xx_rcc.o
    0x080009e0   0x00000002   Code   RO          412    i.SVC_Handler       stm32fxxx_it.o
    0x080009e2   0x00000002   PAD
    0x080009e4   0x000000b4   Code   RO         1301    i.SetSysClock       system_stm32f4xx.o
    0x08000a98   0x00000010   Code   RO          413    i.SysTick_Handler   stm32fxxx_it.o
    0x08000aa8   0x0000005c   Code   RO         1303    i.SystemInit        system_stm32f4xx.o
    0x08000b04   0x0000000e   Code   RO          999    i.USBD_ClrCfg       usbd_core.o
    0x08000b12   0x00000012   Code   RO         1100    i.USBD_CtlContinueRx  usbd_ioreq.o
    0x08000b24   0x00000012   Code   RO         1101    i.USBD_CtlContinueSendData  usbd_ioreq.o
    0x08000b36   0x0000001c   Code   RO          926    i.USBD_CtlError     usbd_req.o
    0x08000b52   0x00000020   Code   RO         1102    i.USBD_CtlPrepareRx  usbd_ioreq.o
    0x08000b72   0x00000022   Code   RO         1103    i.USBD_CtlReceiveStatus  usbd_ioreq.o
    0x08000b94   0x00000020   Code   RO         1104    i.USBD_CtlSendData  usbd_ioreq.o
    0x08000bb4   0x00000022   Code   RO         1105    i.USBD_CtlSendStatus  usbd_ioreq.o
    0x08000bd6   0x00000002   PAD
    0x08000bd8   0x000000b0   Code   RO         1000    i.USBD_DataInStage  usbd_core.o
    0x08000c88   0x00000078   Code   RO         1001    i.USBD_DataOutStage  usbd_core.o
    0x08000d00   0x00000016   Code   RO         1003    i.USBD_DevConnected  usbd_core.o
    0x08000d16   0x00000020   Code   RO         1004    i.USBD_DevDisconnected  usbd_core.o
    0x08000d36   0x000000d2   Code   RO          927    i.USBD_GetDescriptor  usbd_req.o
    0x08000e08   0x00000046   Code   RO          928    i.USBD_GetString    usbd_req.o
    0x08000e4e   0x00000036   Code   RO         1005    i.USBD_Init         usbd_core.o
    0x08000e84   0x0000000e   Code   RO         1006    i.USBD_IsoINIncomplete  usbd_core.o
    0x08000e92   0x0000000e   Code   RO         1007    i.USBD_IsoOUTIncomplete  usbd_core.o
    0x08000ea0   0x00000178   Code   RO          564    i.USBD_OTG_ISR_Handler  usb_dcd_int.o
    0x08001018   0x00000044   Code   RO          929    i.USBD_ParseSetupRequest  usbd_req.o
    0x0800105c   0x0000002e   Code   RO         1008    i.USBD_Reset        usbd_core.o
    0x0800108a   0x00000016   Code   RO         1009    i.USBD_Resume       usbd_core.o
    0x080010a0   0x00000010   Code   RO         1010    i.USBD_SOF          usbd_core.o
    0x080010b0   0x0000001a   Code   RO         1011    i.USBD_SetCfg       usbd_core.o
    0x080010ca   0x00000002   PAD
    0x080010cc   0x00000074   Code   RO          930    i.USBD_SetConfig    usbd_req.o
    0x08001140   0x0000007c   Code   RO          931    i.USBD_SetFeature   usbd_req.o
    0x080011bc   0x00000048   Code   RO         1012    i.USBD_SetupStage   usbd_core.o
    0x08001204   0x000000f0   Code   RO          932    i.USBD_StdDevReq    usbd_req.o
    0x080012f4   0x000000d4   Code   RO          933    i.USBD_StdEPReq     usbd_req.o
    0x080013c8   0x00000036   Code   RO          934    i.USBD_StdItfReq    usbd_req.o
    0x080013fe   0x0000001a   Code   RO         1013    i.USBD_Suspend      usbd_core.o
    0x08001418   0x00000020   Code   RO          490    i.USBD_USR_ConfigStrDescriptor  usbd_desc.o
    0x08001438   0x00000002   Code   RO          251    i.USBD_USR_DeviceConfigured  usbd_usr.o
    0x0800143a   0x00000002   Code   RO          252    i.USBD_USR_DeviceConnected  usbd_usr.o
    0x0800143c   0x0000000c   Code   RO          491    i.USBD_USR_DeviceDescriptor  usbd_desc.o
    0x08001448   0x00000002   Code   RO          253    i.USBD_USR_DeviceDisconnected  usbd_usr.o
    0x0800144a   0x00000002   Code   RO          254    i.USBD_USR_DeviceReset  usbd_usr.o
    0x0800144c   0x00000002   Code   RO          255    i.USBD_USR_DeviceResumed  usbd_usr.o
    0x0800144e   0x00000002   Code   RO          256    i.USBD_USR_DeviceSuspended  usbd_usr.o
    0x08001450   0x00000002   Code   RO          257    i.USBD_USR_Init     usbd_usr.o
    0x08001452   0x00000002   PAD
    0x08001454   0x00000024   Code   RO          492    i.USBD_USR_InterfaceStrDescriptor  usbd_desc.o
    0x08001478   0x0000000c   Code   RO          493    i.USBD_USR_LangIDStrDescriptor  usbd_desc.o
    0x08001484   0x00000028   Code   RO          494    i.USBD_USR_ManufacturerStrDescriptor  usbd_desc.o
    0x080014ac   0x00000038   Code   RO          495    i.USBD_USR_ProductStrDescriptor  usbd_desc.o
    0x080014e4   0x00000024   Code   RO          496    i.USBD_USR_SerialStrDescriptor  usbd_desc.o
    0x08001508   0x0000000c   Code   RO         1157    i.USBD_cdc_GetCfgDesc  usbd_cdc_core.o
    0x08001514   0x00000028   Code   RO          206    i.USB_OTG_BSP_EnableInterrupt  usb_bsp.o
    0x0800153c   0x000000a0   Code   RO          207    i.USB_OTG_BSP_Init  usb_bsp.o
    0x080015dc   0x0000000a   Code   RO          208    i.USB_OTG_BSP_mDelay  usb_bsp.o
    0x080015e6   0x00000016   Code   RO          209    i.USB_OTG_BSP_uDelay  usb_bsp.o
    0x080015fc   0x00000080   Code   RO          613    i.USB_OTG_CoreInit  usb_core.o
    0x0800167c   0x0000012e   Code   RO          614    i.USB_OTG_CoreInitDev  usb_core.o
    0x080017aa   0x00000002   PAD
    0x080017ac   0x00000058   Code   RO          615    i.USB_OTG_CoreReset  usb_core.o
    0x08001804   0x00000010   Code   RO          616    i.USB_OTG_DisableGlobalInt  usb_core.o
    0x08001814   0x0000003a   Code   RO          617    i.USB_OTG_EP0Activate  usb_core.o
    0x0800184e   0x00000002   PAD
    0x08001850   0x000000b6   Code   RO          618    i.USB_OTG_EP0StartXfer  usb_core.o
    0x08001906   0x00000002   PAD
    0x08001908   0x00000024   Code   RO          619    i.USB_OTG_EP0_OutStart  usb_core.o
    0x0800192c   0x00000052   Code   RO          620    i.USB_OTG_EPActivate  usb_core.o
    0x0800197e   0x00000032   Code   RO          621    i.USB_OTG_EPClearStall  usb_core.o
    0x080019b0   0x00000034   Code   RO          622    i.USB_OTG_EPDeactivate  usb_core.o
    0x080019e4   0x00000030   Code   RO          623    i.USB_OTG_EPSetStall  usb_core.o
    0x08001a14   0x00000122   Code   RO          624    i.USB_OTG_EPStartXfer  usb_core.o
    0x08001b36   0x00000002   PAD
    0x08001b38   0x00000050   Code   RO          625    i.USB_OTG_EnableDevInt  usb_core.o
    0x08001b88   0x00000010   Code   RO          626    i.USB_OTG_EnableGlobalInt  usb_core.o
    0x08001b98   0x00000038   Code   RO          627    i.USB_OTG_FlushRxFifo  usb_core.o
    0x08001bd0   0x00000040   Code   RO          628    i.USB_OTG_FlushTxFifo  usb_core.o
    0x08001c10   0x00000026   Code   RO          629    i.USB_OTG_GetDeviceSpeed  usb_core.o
    0x08001c36   0x0000000c   Code   RO          632    i.USB_OTG_InitDevSpeed  usb_core.o
    0x08001c42   0x00000012   Code   RO          633    i.USB_OTG_IsDeviceMode  usb_core.o
    0x08001c54   0x0000000a   Code   RO          635    i.USB_OTG_ReadCoreItr  usb_core.o
    0x08001c5e   0x0000000c   Code   RO          636    i.USB_OTG_ReadDevAllInEPItr  usb_core.o
    0x08001c6a   0x0000000c   Code   RO          637    i.USB_OTG_ReadDevAllOutEp_itr  usb_core.o
    0x08001c76   0x00000010   Code   RO          638    i.USB_OTG_ReadDevOutEP_itr  usb_core.o
    0x08001c86   0x00000020   Code   RO          640    i.USB_OTG_ReadPacket  usb_core.o
    0x08001ca6   0x00000002   PAD
    0x08001ca8   0x000000c0   Code   RO          641    i.USB_OTG_SelectCore  usb_core.o
    0x08001d68   0x0000002a   Code   RO          642    i.USB_OTG_SetCurrentMode  usb_core.o
    0x08001d92   0x00000028   Code   RO          646    i.USB_OTG_WritePacket  usb_core.o
    0x08001dba   0x00000002   Code   RO          414    i.UsageFault_Handler  stm32fxxx_it.o
    0x08001dbc   0x00000054   Code   RO          358    i.VCP_Ctrl          usbd_cdc_vcp.o
    0x08001e10   0x00000040   Code   RO          359    i.VCP_DataRx        usbd_cdc_vcp.o
    0x08001e50   0x00000034   Code   RO          360    i.VCP_DataTx        usbd_cdc_vcp.o
    0x08001e84   0x00000004   Code   RO          361    i.VCP_DeInit        usbd_cdc_vcp.o
    0x08001e88   0x00000004   Code   RO          362    i.VCP_Init          usbd_cdc_vcp.o
    0x08001e8c   0x0000000e   Code   RO         3721    i.__scatterload_copy  mc_w.l(handlers.o)
    0x08001e9a   0x00000002   Code   RO         3722    i.__scatterload_null  mc_w.l(handlers.o)
    0x08001e9c   0x0000000e   Code   RO         3723    i.__scatterload_zeroinit  mc_w.l(handlers.o)
    0x08001eaa   0x00000022   Code   RO            4    i.get_dec_str       app.o
    0x08001ecc   0x00000090   Code   RO            5    i.main              app.o
    0x08001f5c   0x00000048   Code   RO         1158    i.usbd_cdc_DataIn   usbd_cdc_core.o
    0x08001fa4   0x00000034   Code   RO         1159    i.usbd_cdc_DataOut  usbd_cdc_core.o
    0x08001fd8   0x00000028   Code   RO         1160    i.usbd_cdc_DeInit   usbd_cdc_core.o
    0x08002000   0x00000028   Code   RO         1161    i.usbd_cdc_EP0_RxReady  usbd_cdc_core.o
    0x08002028   0x00000054   Code   RO         1162    i.usbd_cdc_Init     usbd_cdc_core.o
    0x0800207c   0x00000020   Code   RO         1163    i.usbd_cdc_SOF      usbd_cdc_core.o
    0x0800209c   0x000000b4   Code   RO         1164    i.usbd_cdc_Setup    usbd_cdc_core.o
    0x08002150   0x00000020   Data   RO         3719    Region$$Table       anon$$obj.o


    Execution Region RW_IRAM1 (Base: 0x20000000, Size: 0x00001498, Max: 0x00020000, ABSOLUTE, COMPRESSED[0x000000f0])

    Base Addr    Size         Type   Attr      Idx    E Section Name        Object

    0x20000000   0x00000004   Data   RW            7    .data               app.o
    0x20000004   0x0000001c   Data   RW          258    .data               usbd_usr.o
    0x20000020   0x00000008   Data   RW          363    .data               usbd_cdc_vcp.o
    0x20000028   0x00000014   Data   RW          364    .data               usbd_cdc_vcp.o
    0x2000003c   0x0000001c   Data   RW          497    .data               usbd_desc.o
    0x20000058   0x00000016   Data   RW          498    .data               usbd_desc.o
    0x2000006e   0x00000002   PAD
    0x20000070   0x00000010   Data   RW          936    .data               usbd_req.o
    0x20000080   0x0000002c   Data   RW         1014    .data               usbd_core.o
    0x200000ac   0x00000004   Data   RW         1015    .data               usbd_core.o
    0x200000b0   0x00000004   Data   RW         1016    .data               usbd_core.o
    0x200000b4   0x0000006b   Data   RW         1167    .data               usbd_cdc_core.o
    0x2000011f   0x00000001   PAD
    0x20000120   0x0000002c   Data   RW         1168    .data               usbd_cdc_core.o
    0x2000014c   0x00000014   Data   RW         1304    .data               system_stm32f4xx.o
    0x20000160   0x000005f4   Zero   RW            6    .bss                app.o
    0x20000754   0x000000ff   Zero   RW          935    .bss                usbd_req.o
    0x20000853   0x00000840   Zero   RW         1166    .bss                usbd_cdc_core.o
    0x20001093   0x00000005   PAD
    0x20001098   0x00000400   Zero   RW         1292    STACK               startup_stm32f4xx.o


==============================================================================

Image component sizes


      Code (inc. data)   RO Data    RW Data    ZI Data      Debug   Object Name

       230         32          0          4       1524     270708   app.o
       120         18          0          0          0       1703   misc.o
        36          8        392          0       1024        940   startup_stm32f4xx.o
        12          6          0          0          0        593   stm32f4xx_exti.o
       202          0          0          0          0       3059   stm32f4xx_gpio.o
        72         18          0          0          0       1911   stm32f4xx_rcc.o
        52         12          0          0          0       5107   stm32fxxx_it.o
       272         36          0         20          0       1857   system_stm32f4xx.o
       232          6          0          0          0       2535   usb_bsp.o
      1972         26          0          0          0      20170   usb_core.o
       482          0          0          0          0       5784   usb_dcd.o
      1242         40          0          0          0       7267   usb_dcd_int.o
       616         74          0        151       2112       8984   usbd_cdc_core.o
       208         22          0         28          0       3326   usbd_cdc_vcp.o
       654          4          0         52          0      10870   usbd_core.o
       224        128          0         50          0       5056   usbd_desc.o
       168          0          0          0          0       4448   usbd_ioreq.o
      1122         44          0         16        255       8025   usbd_req.o
        14          0          0         28          0       3485   usbd_usr.o

    ----------------------------------------------------------------------
      7958        474        424        352       4920     365828   Object Totals
         0          0         32          0          0          0   (incl. Generated)
        28          0          0          3          5          0   (incl. Padding)

    ----------------------------------------------------------------------

      Code (inc. data)   RO Data    RW Data    ZI Data      Debug   Library Member Name

        92          0          0          0          0          0   __dczerorl2.o
         0          0          0          0          0          0   entry.o
         0          0          0          0          0          0   entry10a.o
         0          0          0          0          0          0   entry11a.o
         8          4          0          0          0          0   entry2.o
         4          0          0          0          0          0   entry5.o
         0          0          0          0          0          0   entry7b.o
         0          0          0          0          0          0   entry8b.o
         8          4          0          0          0          0   entry9a.o
        30          0          0          0          0          0   handlers.o
        36          8          0          0          0         68   init.o

    ----------------------------------------------------------------------
       178         16          0          0          0         68   Library Totals
         0          0          0          0          0          0   (incl. Padding)

    ----------------------------------------------------------------------

      Code (inc. data)   RO Data    RW Data    ZI Data      Debug   Library Name

       178         16          0          0          0         68   mc_w.l

    ----------------------------------------------------------------------
       178         16          0          0          0         68   Library Totals

    ----------------------------------------------------------------------

==============================================================================


      Code (inc. data)   RO Data    RW Data    ZI Data      Debug   

      8136        490        424        352       4920     353796   Grand Totals
      8136        490        424        240       4920     353796   ELF Image Totals (compressed)
      8136        490        424        240          0          0   ROM Totals

==============================================================================

    Total RO  Size (Code + RO Data)                 8560 (   8.36kB)
    Total RW  Size (RW Data + ZI Data)              5272 (   5.15kB)
    Total ROM Size (Code + RO Data + RW Data)       8800 (   8.59kB)

==============================================================================

